Resolving dependencies...
Downloading packages...
  _flutterfire_internals 1.3.59 (1.3.66 available)
  characters 1.4.0 (1.4.1 available)
  firebase_auth 5.7.0 (6.1.4 available)
  firebase_auth_platform_interface 7.7.3 (8.1.6 available)
  firebase_auth_web 5.15.3 (6.1.2 available)
  firebase_core 3.15.2 (4.4.0 available)
  firebase_core_web 2.24.1 (3.4.0 available)
  go_router 14.8.1 (17.1.0 available)
  google_fonts 6.3.3 (8.0.1 available)
  matcher 0.12.17 (0.12.18 available)
  material_color_utilities 0.11.1 (0.13.0 available)
  meta 1.17.0 (1.18.1 available)
  path_provider_foundation 2.5.1 (2.6.0 available)
  test_api 0.7.7 (0.7.9 available)
Got dependencies!
14 packages have newer versions incompatible with dependency constraints.
Try `flutter pub outdated` for more information.
00:00 +0: loading C:/swe_flutter/test/marketing_home_page_test.dart
00:00 +0: MarketingHomePage renders correctly
ΓòÉΓòÉΓòí EXCEPTION CAUGHT BY RENDERING LIBRARY Γò₧ΓòÉΓòÉΓòÉΓòÉΓòÉΓòÉΓòÉΓòÉΓòÉΓòÉΓòÉΓòÉΓòÉΓòÉΓòÉΓòÉΓòÉΓòÉΓòÉΓòÉΓòÉΓòÉΓòÉΓòÉΓòÉΓòÉΓòÉΓòÉΓòÉΓòÉΓòÉΓòÉΓòÉΓòÉΓòÉΓòÉΓòÉΓòÉΓòÉΓòÉΓòÉΓòÉΓòÉΓòÉΓòÉΓòÉΓòÉΓòÉΓòÉΓòÉΓòÉΓòÉΓòÉΓòÉΓòÉΓòÉΓòÉ
The following assertion was thrown during performLayout():
RenderCustomMultiChildLayoutBox object was given an infinite size during layout.
This probably means that it is a render object that tries to be as big as possible, but it was put
inside another render object that allows its children to pick their own size.
The nearest ancestor providing an unbounded height constraint is: _RenderSingleChildViewport#1fb7e relayoutBoundary=up10 NEEDS-LAYOUT NEEDS-PAINT NEEDS-COMPOSITING-BITS-UPDATE:
  needs compositing
  creator: _SingleChildViewport ΓåÉ IgnorePointer-[GlobalKey#733f4] ΓåÉ Semantics ΓåÉ Listener ΓåÉ
    _GestureSemantics ΓåÉ RawGestureDetector-[LabeledGlobalKey<RawGestureDetectorState>#a3f89] ΓåÉ
    Listener ΓåÉ _ScrollableScope ΓåÉ _ScrollSemantics-[GlobalKey#385de] ΓåÉ
    NotificationListener<ScrollMetricsNotification> ΓåÉ Transform ΓåÉ StretchEffect ΓåÉ Γï»
  parentData: <none> (can use size)
  constraints: BoxConstraints(0.0<=w<=800.0, 0.0<=h<=600.0)
  size: MISSING
  offset: Offset(0.0, -0.0)
The constraints that applied to the RenderCustomMultiChildLayoutBox were:
  BoxConstraints(0.0<=w<=752.0, 0.0<=h<=Infinity)
The exact size it was given was:
  Size(752.0, Infinity)
See https://flutter.dev/to/unbounded-constraints for more information.

The relevant error-causing widget was:
  NavigationToolbar
  NavigationToolbar:file:///C:/swe_flutter/lib/screens/marketing_home_page.dart:260:15

When the exception was thrown, this was the stack:
#0      RenderBox.debugAssertDoesMeetConstraints.<anonymous closure> (package:flutter/src/rendering/box.dart:2620:9)
#1      RenderBox.debugAssertDoesMeetConstraints (package:flutter/src/rendering/box.dart:2771:6)
#2      RenderBox.size=.<anonymous closure> (package:flutter/src/rendering/box.dart:2363:7)
#3      RenderBox.size= (package:flutter/src/rendering/box.dart:2365:6)
#4      RenderCustomMultiChildLayoutBox.performLayout (package:flutter/src/rendering/custom_layout.dart:419:5)
#5      RenderObject.layout (package:flutter/src/rendering/object.dart:2775:7)
#6      ChildLayoutHelper.layoutChild (package:flutter/src/rendering/layout_helper.dart:62:11)
#7      RenderFlex._computeSizes (package:flutter/src/rendering/flex.dart:1161:28)
#8      RenderFlex.performLayout (package:flutter/src/rendering/flex.dart:1257:32)
#9      RenderObject.layout (package:flutter/src/rendering/object.dart:2775:7)
#10     _RenderLayoutBuilder.performLayout (package:flutter/src/widgets/layout_builder.dart:450:14)
#11     RenderObject.layout (package:flutter/src/rendering/object.dart:2775:7)
#12     RenderPadding.performLayout (package:flutter/src/rendering/shifted_box.dart:243:12)
#13     RenderObject.layout (package:flutter/src/rendering/object.dart:2775:7)
#14     RenderConstrainedBox.performLayout (package:flutter/src/rendering/proxy_box.dart:293:14)
#15     RenderObject.layout (package:flutter/src/rendering/object.dart:2775:7)
#16     ChildLayoutHelper.layoutChild (package:flutter/src/rendering/layout_helper.dart:62:11)
#17     RenderFlex._computeSizes (package:flutter/src/rendering/flex.dart:1161:28)
#18     RenderFlex.performLayout (package:flutter/src/rendering/flex.dart:1257:32)
#19     RenderObject.layout (package:flutter/src/rendering/object.dart:2775:7)
#20     _RenderSingleChildViewport.performLayout (package:flutter/src/widgets/single_child_scroll_view.dart:502:14)
#21     RenderObject.layout (package:flutter/src/rendering/object.dart:2775:7)
#22     RenderProxyBoxMixin.performLayout (package:flutter/src/rendering/proxy_box.dart:115:18)
#23     RenderObject.layout (package:flutter/src/rendering/object.dart:2775:7)
#24     RenderProxyBoxMixin.performLayout (package:flutter/src/rendering/proxy_box.dart:115:18)
#25     RenderObject.layout (package:flutter/src/rendering/object.dart:2775:7)
#26     RenderProxyBoxMixin.performLayout (package:flutter/src/rendering/proxy_box.dart:115:18)
#27     RenderObject.layout (package:flutter/src/rendering/object.dart:2775:7)
#28     RenderProxyBoxMixin.performLayout (package:flutter/src/rendering/proxy_box.dart:115:18)
#29     RenderObject.layout (package:flutter/src/rendering/object.dart:2775:7)
#30     RenderProxyBoxMixin.performLayout (package:flutter/src/rendering/proxy_box.dart:115:18)
#31     RenderObject.layout (package:flutter/src/rendering/object.dart:2775:7)
#32     RenderProxyBoxMixin.performLayout (package:flutter/src/rendering/proxy_box.dart:115:18)
#33     RenderObject.layout (package:flutter/src/rendering/object.dart:2775:7)
#34     RenderProxyBoxMixin.performLayout (package:flutter/src/rendering/proxy_box.dart:115:18)
#35     RenderObject.layout (package:flutter/src/rendering/object.dart:2775:7)
#36     RenderProxyBoxMixin.performLayout (package:flutter/src/rendering/proxy_box.dart:115:18)
#37     _RenderCustomClip.performLayout (package:flutter/src/rendering/proxy_box.dart:1481:11)
#38     RenderObject.layout (package:flutter/src/rendering/object.dart:2775:7)
#39     ChildLayoutHelper.layoutChild (package:flutter/src/rendering/layout_helper.dart:62:11)
#40     RenderStack._computeSize (package:flutter/src/rendering/stack.dart:645:43)
#41     RenderStack.performLayout (package:flutter/src/rendering/stack.dart:680:12)
#42     RenderObject.layout (package:flutter/src/rendering/object.dart:2775:7)
#43     MultiChildLayoutDelegate.layoutChild (package:flutter/src/rendering/custom_layout.dart:180:12)
#44     _ScaffoldLayout.performLayout (package:flutter/src/material/scaffold.dart:1112:7)
#45     MultiChildLayoutDelegate._callPerformLayout (package:flutter/src/rendering/custom_layout.dart:249:7)
#46     RenderCustomMultiChildLayoutBox.performLayout (package:flutter/src/rendering/custom_layout.dart:420:14)
#47     RenderObject.layout (package:flutter/src/rendering/object.dart:2775:7)
#48     RenderProxyBoxMixin.performLayout (package:flutter/src/rendering/proxy_box.dart:115:18)
#49     RenderObject.layout (package:flutter/src/rendering/object.dart:2775:7)
#50     RenderProxyBoxMixin.performLayout (package:flutter/src/rendering/proxy_box.dart:115:18)
#51     _RenderCustomClip.performLayout (package:flutter/src/rendering/proxy_box.dart:1481:11)
#52     RenderObject.layout (package:flutter/src/rendering/object.dart:2775:7)
#53     RenderProxyBoxMixin.performLayout (package:flutter/src/rendering/proxy_box.dart:115:18)
#54     RenderObject.layout (package:flutter/src/rendering/object.dart:2775:7)
#55     RenderProxyBoxMixin.performLayout (package:flutter/src/rendering/proxy_box.dart:115:18)
#56     RenderObject.layout (package:flutter/src/rendering/object.dart:2775:7)
#57     RenderProxyBoxMixin.performLayout (package:flutter/src/rendering/proxy_box.dart:115:18)
#58     RenderObject.layout (package:flutter/src/rendering/object.dart:2775:7)
#59     RenderProxyBoxMixin.performLayout (package:flutter/src/rendering/proxy_box.dart:115:18)
#60     RenderObject.layout (package:flutter/src/rendering/object.dart:2775:7)
#61     RenderProxyBoxMixin.performLayout (package:flutter/src/rendering/proxy_box.dart:115:18)
#62     RenderObject.layout (package:flutter/src/rendering/object.dart:2775:7)
#63     RenderProxyBoxMixin.performLayout (package:flutter/src/rendering/proxy_box.dart:115:18)
#64     RenderObject.layout (package:flutter/src/rendering/object.dart:2775:7)
#65     RenderProxyBoxMixin.performLayout (package:flutter/src/rendering/proxy_box.dart:115:18)
#66     RenderObject.layout (package:flutter/src/rendering/object.dart:2775:7)
#67     RenderProxyBoxMixin.performLayout (package:flutter/src/rendering/proxy_box.dart:115:18)
#68     RenderObject.layout (package:flutter/src/rendering/object.dart:2775:7)
#69     RenderProxyBoxMixin.performLayout (package:flutter/src/rendering/proxy_box.dart:115:18)
#70     RenderObject.layout (package:flutter/src/rendering/object.dart:2775:7)
#71     RenderProxyBoxMixin.performLayout (package:flutter/src/rendering/proxy_box.dart:115:18)
#72     RenderObject.layout (package:flutter/src/rendering/object.dart:2775:7)
#73     RenderProxyBoxMixin.performLayout (package:flutter/src/rendering/proxy_box.dart:115:18)
#74     RenderObject.layout (package:flutter/src/rendering/object.dart:2775:7)
#75     RenderProxyBoxMixin.performLayout (package:flutter/src/rendering/proxy_box.dart:115:18)
#76     RenderObject.layout (package:flutter/src/rendering/object.dart:2775:7)
#77     RenderProxyBoxMixin.performLayout (package:flutter/src/rendering/proxy_box.dart:115:18)
#78     RenderObject.layout (package:flutter/src/rendering/object.dart:2775:7)
#79     RenderProxyBoxMixin.performLayout (package:flutter/src/rendering/proxy_box.dart:115:18)
#80     RenderObject.layout (package:flutter/src/rendering/object.dart:2775:7)
#81     RenderProxyBoxMixin.performLayout (package:flutter/src/rendering/proxy_box.dart:115:18)
#82     RenderObject.layout (package:flutter/src/rendering/object.dart:2775:7)
#83     RenderProxyBoxMixin.performLayout (package:flutter/src/rendering/proxy_box.dart:115:18)
#84     RenderOffstage.performLayout (package:flutter/src/rendering/proxy_box.dart:3848:13)
#85     RenderObject.layout (package:flutter/src/rendering/object.dart:2775:7)
#86     RenderProxyBoxMixin.performLayout (package:flutter/src/rendering/proxy_box.dart:115:18)
#87     RenderObject.layout (package:flutter/src/rendering/object.dart:2775:7)
#88     _RenderTheaterMixin.layoutChild (package:flutter/src/widgets/overlay.dart:1084:13)
#89     _RenderTheater.performLayout (package:flutter/src/widgets/overlay.dart:1429:9)
#90     RenderObject.layout (package:flutter/src/rendering/object.dart:2775:7)
#91     RenderProxyBoxMixin.performLayout (package:flutter/src/rendering/proxy_box.dart:115:18)
#92     RenderObject.layout (package:flutter/src/rendering/object.dart:2775:7)
#93     RenderProxyBoxMixin.performLayout (package:flutter/src/rendering/proxy_box.dart:115:18)
#94     RenderObject.layout (package:flutter/src/rendering/object.dart:2775:7)
#95     RenderProxyBoxMixin.performLayout (package:flutter/src/rendering/proxy_box.dart:115:18)
#96     RenderObject.layout (package:flutter/src/rendering/object.dart:2775:7)
#97     RenderProxyBoxMixin.performLayout (package:flutter/src/rendering/proxy_box.dart:115:18)
#98     RenderCustomPaint.performLayout (package:flutter/src/rendering/custom_paint.dart:574:11)
#99     RenderObject.layout (package:flutter/src/rendering/object.dart:2775:7)
#100    RenderProxyBoxMixin.performLayout (package:flutter/src/rendering/proxy_box.dart:115:18)
#101    RenderObject.layout (package:flutter/src/rendering/object.dart:2775:7)
#102    RenderProxyBoxMixin.performLayout (package:flutter/src/rendering/proxy_box.dart:115:18)
#103    RenderObject.layout (package:flutter/src/rendering/object.dart:2775:7)
#104    RenderProxyBoxMixin.performLayout (package:flutter/src/rendering/proxy_box.dart:115:18)
#105    RenderObject.layout (package:flutter/src/rendering/object.dart:2775:7)
#106    RenderProxyBoxMixin.performLayout (package:flutter/src/rendering/proxy_box.dart:115:18)
#107    RenderObject.layout (package:flutter/src/rendering/object.dart:2775:7)
#108    RenderProxyBoxMixin.performLayout (package:flutter/src/rendering/proxy_box.dart:115:18)
#109    RenderObject.layout (package:flutter/src/rendering/object.dart:2775:7)
#110    RenderProxyBoxMixin.performLayout (package:flutter/src/rendering/proxy_box.dart:115:18)
#111    RenderObject.layout (package:flutter/src/rendering/object.dart:2775:7)
#112    RenderView.performLayout (package:flutter/src/rendering/view.dart:294:12)
#113    RenderObject._layoutWithoutResize (package:flutter/src/rendering/object.dart:2623:7)
#114    PipelineOwner.flushLayout (package:flutter/src/rendering/object.dart:1170:18)
#115    PipelineOwner.flushLayout (package:flutter/src/rendering/object.dart:1183:15)
#116    AutomatedTestWidgetsFlutterBinding.drawFrame (package:flutter_test/src/binding.dart:1508:27)
#117    RendererBinding._handlePersistentFrameCallback (package:flutter/src/rendering/binding.dart:495:5)
#118    SchedulerBinding._invokeFrameCallback (package:flutter/src/scheduler/binding.dart:1434:15)
#119    SchedulerBinding.handleDrawFrame (package:flutter/src/scheduler/binding.dart:1347:9)
#120    AutomatedTestWidgetsFlutterBinding.pump.<anonymous closure> (package:flutter_test/src/binding.dart:1335:9)
#123    TestAsyncUtils.guard (package:flutter_test/src/test_async_utils.dart:74:41)
#124    AutomatedTestWidgetsFlutterBinding.pump (package:flutter_test/src/binding.dart:1324:27)
#125    WidgetTester.pumpWidget.<anonymous closure> (package:flutter_test/src/widget_tester.dart:598:22)
#128    TestAsyncUtils.guard (package:flutter_test/src/test_async_utils.dart:74:41)
#129    WidgetTester.pumpWidget (package:flutter_test/src/widget_tester.dart:595:27)
#130    main.<anonymous closure> (file:///C:/swe_flutter/test/marketing_home_page_test.dart:9:18)
#131    testWidgets.<anonymous closure>.<anonymous closure> (package:flutter_test/src/widget_tester.dart:192:29)
<asynchronous suspension>
#132    TestWidgetsFlutterBinding._runTestBody (package:flutter_test/src/binding.dart:1059:5)
<asynchronous suspension>
<asynchronous suspension>
(elided 5 frames from dart:async and package:stack_trace)

The following RenderObject was being processed when the exception was fired: RenderCustomMultiChildLayoutBox#e5bd4 relayoutBoundary=up16 NEEDS-PAINT NEEDS-COMPOSITING-BITS-UPDATE:
  creator: CustomMultiChildLayout ΓåÉ NavigationToolbar ΓåÉ Flex ΓåÉ LayoutBuilder ΓåÉ Padding ΓåÉ
    ConstrainedBox ΓåÉ Container ΓåÉ Column ΓåÉ _SingleChildViewport ΓåÉ IgnorePointer-[GlobalKey#733f4] ΓåÉ
    Semantics ΓåÉ Listener ΓåÉ Γï»
  parentData: offset=Offset(0.0, 0.0); flex=null; fit=null (can use size)
  constraints: BoxConstraints(0.0<=w<=752.0, 0.0<=h<=Infinity)
  size: Size(752.0, Infinity)
This RenderObject had the following descendants (showing up to depth 5):
    child 1: RenderWrap#14217 NEEDS-LAYOUT NEEDS-PAINT NEEDS-COMPOSITING-BITS-UPDATE
      child 1: RenderFlex#8e587 NEEDS-LAYOUT NEEDS-PAINT NEEDS-COMPOSITING-BITS-UPDATE
        child 1: RenderParagraph#76460 NEEDS-LAYOUT NEEDS-PAINT
          text: TextSpan
        child 2: RenderConstrainedBox#e29a1 NEEDS-LAYOUT NEEDS-PAINT
        child 3: RenderParagraph#3db97 NEEDS-LAYOUT NEEDS-PAINT
          text: TextSpan
      child 2: RenderFlex#8b38f NEEDS-LAYOUT NEEDS-PAINT NEEDS-COMPOSITING-BITS-UPDATE
        child 1: RenderParagraph#baf2c NEEDS-LAYOUT NEEDS-PAINT
          text: TextSpan
        child 2: RenderConstrainedBox#2dede NEEDS-LAYOUT NEEDS-PAINT
        child 3: RenderParagraph#a5767 NEEDS-LAYOUT NEEDS-PAINT
          text: TextSpan
      child 3: RenderFlex#a2765 NEEDS-LAYOUT NEEDS-PAINT NEEDS-COMPOSITING-BITS-UPDATE
        child 1: RenderParagraph#3f883 NEEDS-LAYOUT NEEDS-PAINT
          text: TextSpan
        child 2: RenderConstrainedBox#2c363 NEEDS-LAYOUT NEEDS-PAINT
        child 3: RenderParagraph#2e453 NEEDS-LAYOUT NEEDS-PAINT
          text: TextSpan
ΓòÉΓòÉΓòÉΓòÉΓòÉΓòÉΓòÉΓòÉΓòÉΓòÉΓòÉΓòÉΓòÉΓòÉΓòÉΓòÉΓòÉΓòÉΓòÉΓòÉΓòÉΓòÉΓòÉΓòÉΓòÉΓòÉΓòÉΓòÉΓòÉΓòÉΓòÉΓòÉΓòÉΓòÉΓòÉΓòÉΓòÉΓòÉΓòÉΓòÉΓòÉΓòÉΓòÉΓòÉΓòÉΓòÉΓòÉΓòÉΓòÉΓòÉΓòÉΓòÉΓòÉΓòÉΓòÉΓòÉΓòÉΓòÉΓòÉΓòÉΓòÉΓòÉΓòÉΓòÉΓòÉΓòÉΓòÉΓòÉΓòÉΓòÉΓòÉΓòÉΓòÉΓòÉΓòÉΓòÉΓòÉΓòÉΓòÉΓòÉΓòÉΓòÉΓòÉΓòÉΓòÉΓòÉΓòÉΓòÉΓòÉΓòÉΓòÉΓòÉΓòÉΓòÉΓòÉΓòÉΓòÉΓòÉΓòÉΓòÉ
ΓòÉΓòÉΓòí EXCEPTION CAUGHT BY RENDERING LIBRARY Γò₧ΓòÉΓòÉΓòÉΓòÉΓòÉΓòÉΓòÉΓòÉΓòÉΓòÉΓòÉΓòÉΓòÉΓòÉΓòÉΓòÉΓòÉΓòÉΓòÉΓòÉΓòÉΓòÉΓòÉΓòÉΓòÉΓòÉΓòÉΓòÉΓòÉΓòÉΓòÉΓòÉΓòÉΓòÉΓòÉΓòÉΓòÉΓòÉΓòÉΓòÉΓòÉΓòÉΓòÉΓòÉΓòÉΓòÉΓòÉΓòÉΓòÉΓòÉΓòÉΓòÉΓòÉΓòÉΓòÉΓòÉΓòÉ
The following assertion was thrown during performLayout():
RenderFlex object was given an infinite size during layout.
This probably means that it is a render object that tries to be as big as possible, but it was put
inside another render object that allows its children to pick their own size.
The nearest ancestor providing an unbounded height constraint is: _RenderSingleChildViewport#1fb7e relayoutBoundary=up10 NEEDS-LAYOUT NEEDS-PAINT NEEDS-COMPOSITING-BITS-UPDATE:
  needs compositing
  creator: _SingleChildViewport ΓåÉ IgnorePointer-[GlobalKey#733f4] ΓåÉ Semantics ΓåÉ Listener ΓåÉ
    _GestureSemantics ΓåÉ RawGestureDetector-[LabeledGlobalKey<RawGestureDetectorState>#a3f89] ΓåÉ
    Listener ΓåÉ _ScrollableScope ΓåÉ _ScrollSemantics-[GlobalKey#385de] ΓåÉ
    NotificationListener<ScrollMetricsNotification> ΓåÉ Transform ΓåÉ StretchEffect ΓåÉ Γï»
  parentData: <none> (can use size)
  constraints: BoxConstraints(0.0<=w<=800.0, 0.0<=h<=600.0)
  size: MISSING
  offset: Offset(0.0, -0.0)
The constraints that applied to the RenderFlex were:
  BoxConstraints(0.0<=w<=752.0, 440.0<=h<=Infinity)
The exact size it was given was:
  Size(752.0, Infinity)
See https://flutter.dev/to/unbounded-constraints for more information.

The relevant error-causing widget was:
  Flex Flex:file:///C:/swe_flutter/lib/screens/marketing_home_page.dart:111:18

When the exception was thrown, this was the stack:
#0      RenderBox.debugAssertDoesMeetConstraints.<anonymous closure> (package:flutter/src/rendering/box.dart:2620:9)
#1      RenderBox.debugAssertDoesMeetConstraints (package:flutter/src/rendering/box.dart:2771:6)
#2      RenderBox.size=.<anonymous closure> (package:flutter/src/rendering/box.dart:2363:7)
#3      RenderBox.size= (package:flutter/src/rendering/box.dart:2365:6)
#4      RenderFlex.performLayout (package:flutter/src/rendering/flex.dart:1264:5)
#5      RenderObject.layout (package:flutter/src/rendering/object.dart:2775:7)
#6      _RenderLayoutBuilder.performLayout (package:flutter/src/widgets/layout_builder.dart:450:14)
#7      RenderObject.layout (package:flutter/src/rendering/object.dart:2775:7)
#8      RenderPadding.performLayout (package:flutter/src/rendering/shifted_box.dart:243:12)
#9      RenderObject.layout (package:flutter/src/rendering/object.dart:2775:7)
#10     RenderConstrainedBox.performLayout (package:flutter/src/rendering/proxy_box.dart:293:14)
#11     RenderObject.layout (package:flutter/src/rendering/object.dart:2775:7)
#12     ChildLayoutHelper.layoutChild (package:flutter/src/rendering/layout_helper.dart:62:11)
#13     RenderFlex._computeSizes (package:flutter/src/rendering/flex.dart:1161:28)
#14     RenderFlex.performLayout (package:flutter/src/rendering/flex.dart:1257:32)
#15     RenderObject.layout (package:flutter/src/rendering/object.dart:2775:7)
#16     _RenderSingleChildViewport.performLayout (package:flutter/src/widgets/single_child_scroll_view.dart:502:14)
#17     RenderObject.layout (package:flutter/src/rendering/object.dart:2775:7)
#18     RenderProxyBoxMixin.performLayout (package:flutter/src/rendering/proxy_box.dart:115:18)
#19     RenderObject.layout (package:flutter/src/rendering/object.dart:2775:7)
#20     RenderProxyBoxMixin.performLayout (package:flutter/src/rendering/proxy_box.dart:115:18)
#21     RenderObject.layout (package:flutter/src/rendering/object.dart:2775:7)
#22     RenderProxyBoxMixin.performLayout (package:flutter/src/rendering/proxy_box.dart:115:18)
#23     RenderObject.layout (package:flutter/src/rendering/object.dart:2775:7)
#24     RenderProxyBoxMixin.performLayout (package:flutter/src/rendering/proxy_box.dart:115:18)
#25     RenderObject.layout (package:flutter/src/rendering/object.dart:2775:7)
#26     RenderProxyBoxMixin.performLayout (package:flutter/src/rendering/proxy_box.dart:115:18)
#27     RenderObject.layout (package:flutter/src/rendering/object.dart:2775:7)
#28     RenderProxyBoxMixin.performLayout (package:flutter/src/rendering/proxy_box.dart:115:18)
#29     RenderObject.layout (package:flutter/src/rendering/object.dart:2775:7)
#30     RenderProxyBoxMixin.performLayout (package:flutter/src/rendering/proxy_box.dart:115:18)
#31     RenderObject.layout (package:flutter/src/rendering/object.dart:2775:7)
#32     RenderProxyBoxMixin.performLayout (package:flutter/src/rendering/proxy_box.dart:115:18)
#33     _RenderCustomClip.performLayout (package:flutter/src/rendering/proxy_box.dart:1481:11)
#34     RenderObject.layout (package:flutter/src/rendering/object.dart:2775:7)
#35     ChildLayoutHelper.layoutChild (package:flutter/src/rendering/layout_helper.dart:62:11)
#36     RenderStack._computeSize (package:flutter/src/rendering/stack.dart:645:43)
#37     RenderStack.performLayout (package:flutter/src/rendering/stack.dart:680:12)
#38     RenderObject.layout (package:flutter/src/rendering/object.dart:2775:7)
#39     MultiChildLayoutDelegate.layoutChild (package:flutter/src/rendering/custom_layout.dart:180:12)
#40     _ScaffoldLayout.performLayout (package:flutter/src/material/scaffold.dart:1112:7)
#41     MultiChildLayoutDelegate._callPerformLayout (package:flutter/src/rendering/custom_layout.dart:249:7)
#42     RenderCustomMultiChildLayoutBox.performLayout (package:flutter/src/rendering/custom_layout.dart:420:14)
#43     RenderObject.layout (package:flutter/src/rendering/object.dart:2775:7)
#44     RenderProxyBoxMixin.performLayout (package:flutter/src/rendering/proxy_box.dart:115:18)
#45     RenderObject.layout (package:flutter/src/rendering/object.dart:2775:7)
#46     RenderProxyBoxMixin.performLayout (package:flutter/src/rendering/proxy_box.dart:115:18)
#47     _RenderCustomClip.performLayout (package:flutter/src/rendering/proxy_box.dart:1481:11)
#48     RenderObject.layout (package:flutter/src/rendering/object.dart:2775:7)
#49     RenderProxyBoxMixin.performLayout (package:flutter/src/rendering/proxy_box.dart:115:18)
#50     RenderObject.layout (package:flutter/src/rendering/object.dart:2775:7)
#51     RenderProxyBoxMixin.performLayout (package:flutter/src/rendering/proxy_box.dart:115:18)
#52     RenderObject.layout (package:flutter/src/rendering/object.dart:2775:7)
#53     RenderProxyBoxMixin.performLayout (package:flutter/src/rendering/proxy_box.dart:115:18)
#54     RenderObject.layout (package:flutter/src/rendering/object.dart:2775:7)
#55     RenderProxyBoxMixin.performLayout (package:flutter/src/rendering/proxy_box.dart:115:18)
#56     RenderObject.layout (package:flutter/src/rendering/object.dart:2775:7)
#57     RenderProxyBoxMixin.performLayout (package:flutter/src/rendering/proxy_box.dart:115:18)
#58     RenderObject.layout (package:flutter/src/rendering/object.dart:2775:7)
#59     RenderProxyBoxMixin.performLayout (package:flutter/src/rendering/proxy_box.dart:115:18)
#60     RenderObject.layout (package:flutter/src/rendering/object.dart:2775:7)
#61     RenderProxyBoxMixin.performLayout (package:flutter/src/rendering/proxy_box.dart:115:18)
#62     RenderObject.layout (package:flutter/src/rendering/object.dart:2775:7)
#63     RenderProxyBoxMixin.performLayout (package:flutter/src/rendering/proxy_box.dart:115:18)
#64     RenderObject.layout (package:flutter/src/rendering/object.dart:2775:7)
#65     RenderProxyBoxMixin.performLayout (package:flutter/src/rendering/proxy_box.dart:115:18)
#66     RenderObject.layout (package:flutter/src/rendering/object.dart:2775:7)
#67     RenderProxyBoxMixin.performLayout (package:flutter/src/rendering/proxy_box.dart:115:18)
#68     RenderObject.layout (package:flutter/src/rendering/object.dart:2775:7)
#69     RenderProxyBoxMixin.performLayout (package:flutter/src/rendering/proxy_box.dart:115:18)
#70     RenderObject.layout (package:flutter/src/rendering/object.dart:2775:7)
#71     RenderProxyBoxMixin.performLayout (package:flutter/src/rendering/proxy_box.dart:115:18)
#72     RenderObject.layout (package:flutter/src/rendering/object.dart:2775:7)
#73     RenderProxyBoxMixin.performLayout (package:flutter/src/rendering/proxy_box.dart:115:18)
#74     RenderObject.layout (package:flutter/src/rendering/object.dart:2775:7)
#75     RenderProxyBoxMixin.performLayout (package:flutter/src/rendering/proxy_box.dart:115:18)
#76     RenderObject.layout (package:flutter/src/rendering/object.dart:2775:7)
#77     RenderProxyBoxMixin.performLayout (package:flutter/src/rendering/proxy_box.dart:115:18)
#78     RenderObject.layout (package:flutter/src/rendering/object.dart:2775:7)
#79     RenderProxyBoxMixin.performLayout (package:flutter/src/rendering/proxy_box.dart:115:18)
#80     RenderOffstage.performLayout (package:flutter/src/rendering/proxy_box.dart:3848:13)
#81     RenderObject.layout (package:flutter/src/rendering/object.dart:2775:7)
#82     RenderProxyBoxMixin.performLayout (package:flutter/src/rendering/proxy_box.dart:115:18)
#83     RenderObject.layout (package:flutter/src/rendering/object.dart:2775:7)
#84     _RenderTheaterMixin.layoutChild (package:flutter/src/widgets/overlay.dart:1084:13)
#85     _RenderTheater.performLayout (package:flutter/src/widgets/overlay.dart:1429:9)
#86     RenderObject.layout (package:flutter/src/rendering/object.dart:2775:7)
#87     RenderProxyBoxMixin.performLayout (package:flutter/src/rendering/proxy_box.dart:115:18)
#88     RenderObject.layout (package:flutter/src/rendering/object.dart:2775:7)
#89     RenderProxyBoxMixin.performLayout (package:flutter/src/rendering/proxy_box.dart:115:18)
#90     RenderObject.layout (package:flutter/src/rendering/object.dart:2775:7)
#91     RenderProxyBoxMixin.performLayout (package:flutter/src/rendering/proxy_box.dart:115:18)
#92     RenderObject.layout (package:flutter/src/rendering/object.dart:2775:7)
#93     RenderProxyBoxMixin.performLayout (package:flutter/src/rendering/proxy_box.dart:115:18)
#94     RenderCustomPaint.performLayout (package:flutter/src/rendering/custom_paint.dart:574:11)
#95     RenderObject.layout (package:flutter/src/rendering/object.dart:2775:7)
#96     RenderProxyBoxMixin.performLayout (package:flutter/src/rendering/proxy_box.dart:115:18)
#97     RenderObject.layout (package:flutter/src/rendering/object.dart:2775:7)
#98     RenderProxyBoxMixin.performLayout (package:flutter/src/rendering/proxy_box.dart:115:18)
#99     RenderObject.layout (package:flutter/src/rendering/object.dart:2775:7)
#100    RenderProxyBoxMixin.performLayout (package:flutter/src/rendering/proxy_box.dart:115:18)
#101    RenderObject.layout (package:flutter/src/rendering/object.dart:2775:7)
#102    RenderProxyBoxMixin.performLayout (package:flutter/src/rendering/proxy_box.dart:115:18)
#103    RenderObject.layout (package:flutter/src/rendering/object.dart:2775:7)
#104    RenderProxyBoxMixin.performLayout (package:flutter/src/rendering/proxy_box.dart:115:18)
#105    RenderObject.layout (package:flutter/src/rendering/object.dart:2775:7)
#106    RenderProxyBoxMixin.performLayout (package:flutter/src/rendering/proxy_box.dart:115:18)
#107    RenderObject.layout (package:flutter/src/rendering/object.dart:2775:7)
#108    RenderView.performLayout (package:flutter/src/rendering/view.dart:294:12)
#109    RenderObject._layoutWithoutResize (package:flutter/src/rendering/object.dart:2623:7)
#110    PipelineOwner.flushLayout (package:flutter/src/rendering/object.dart:1170:18)
#111    PipelineOwner.flushLayout (package:flutter/src/rendering/object.dart:1183:15)
#112    AutomatedTestWidgetsFlutterBinding.drawFrame (package:flutter_test/src/binding.dart:1508:27)
#113    RendererBinding._handlePersistentFrameCallback (package:flutter/src/rendering/binding.dart:495:5)
#114    SchedulerBinding._invokeFrameCallback (package:flutter/src/scheduler/binding.dart:1434:15)
#115    SchedulerBinding.handleDrawFrame (package:flutter/src/scheduler/binding.dart:1347:9)
#116    AutomatedTestWidgetsFlutterBinding.pump.<anonymous closure> (package:flutter_test/src/binding.dart:1335:9)
#119    TestAsyncUtils.guard (package:flutter_test/src/test_async_utils.dart:74:41)
#120    AutomatedTestWidgetsFlutterBinding.pump (package:flutter_test/src/binding.dart:1324:27)
#121    WidgetTester.pumpWidget.<anonymous closure> (package:flutter_test/src/widget_tester.dart:598:22)
#124    TestAsyncUtils.guard (package:flutter_test/src/test_async_utils.dart:74:41)
#125    WidgetTester.pumpWidget (package:flutter_test/src/widget_tester.dart:595:27)
#126    main.<anonymous closure> (file:///C:/swe_flutter/test/marketing_home_page_test.dart:9:18)
#127    testWidgets.<anonymous closure>.<anonymous closure> (package:flutter_test/src/widget_tester.dart:192:29)
<asynchronous suspension>
#128    TestWidgetsFlutterBinding._runTestBody (package:flutter_test/src/binding.dart:1059:5)
<asynchronous suspension>
<asynchronous suspension>
(elided 5 frames from dart:async and package:stack_trace)

The following RenderObject was being processed when the exception was fired: RenderFlex#55f78 relayoutBoundary=up15 NEEDS-LAYOUT NEEDS-PAINT NEEDS-COMPOSITING-BITS-UPDATE:
  creator: Flex ΓåÉ LayoutBuilder ΓåÉ Padding ΓåÉ ConstrainedBox ΓåÉ Container ΓåÉ Column ΓåÉ _SingleChildViewport
    ΓåÉ IgnorePointer-[GlobalKey#733f4] ΓåÉ Semantics ΓåÉ Listener ΓåÉ _GestureSemantics ΓåÉ
    RawGestureDetector-[LabeledGlobalKey<RawGestureDetectorState>#a3f89] ΓåÉ Γï»
  parentData: offset=Offset(0.0, 0.0) (can use size)
  constraints: BoxConstraints(0.0<=w<=752.0, 440.0<=h<=Infinity)
  size: Size(752.0, Infinity)
  direction: vertical
  mainAxisAlignment: center
  mainAxisSize: max
  crossAxisAlignment: center
  verticalDirection: down
  spacing: 0.0
This RenderObject had the following descendants (showing up to depth 5):
    child 1: RenderFlex#ffee9 relayoutBoundary=up16 NEEDS-PAINT NEEDS-COMPOSITING-BITS-UPDATE
      child 1: RenderDecoratedBox#e5754 relayoutBoundary=up17 NEEDS-PAINT NEEDS-COMPOSITING-BITS-UPDATE
        child: RenderPadding#87ada relayoutBoundary=up18 NEEDS-PAINT NEEDS-COMPOSITING-BITS-UPDATE
          child: RenderFlex#8656a relayoutBoundary=up19 NEEDS-PAINT NEEDS-COMPOSITING-BITS-UPDATE
            child 1: RenderPadding#90988 relayoutBoundary=up20 NEEDS-PAINT NEEDS-COMPOSITING-BITS-UPDATE
            child 2: RenderParagraph#0cae7 relayoutBoundary=up20 NEEDS-PAINT
      child 2: RenderConstrainedBox#ab304 relayoutBoundary=up17 NEEDS-PAINT
      child 3: RenderShaderMask#4282f relayoutBoundary=up17 NEEDS-PAINT NEEDS-COMPOSITING-BITS-UPDATE
        child: RenderParagraph#906fb relayoutBoundary=up18 NEEDS-PAINT
          text: TextSpan
      child 4: RenderParagraph#ecbc1 relayoutBoundary=up17 NEEDS-PAINT
        text: TextSpan
      child 5: RenderConstrainedBox#6e55b relayoutBoundary=up17 NEEDS-PAINT
      child 6: RenderParagraph#e0a7a relayoutBoundary=up17 NEEDS-PAINT
        text: TextSpan
      child 7: RenderConstrainedBox#58690 relayoutBoundary=up17 NEEDS-PAINT
      child 8: RenderWrap#57b38 relayoutBoundary=up17 NEEDS-PAINT NEEDS-COMPOSITING-BITS-UPDATE
        child 1: RenderSemanticsAnnotations#ee45c relayoutBoundary=up18 NEEDS-PAINT NEEDS-COMPOSITING-BITS-UPDATE
          child: _RenderInputPadding#4359c relayoutBoundary=up19 NEEDS-PAINT NEEDS-COMPOSITING-BITS-UPDATE
            child: RenderConstrainedBox#1f8b9 relayoutBoundary=up20 NEEDS-PAINT NEEDS-COMPOSITING-BITS-UPDATE
        child 2: RenderSemanticsAnnotations#7dfb3 relayoutBoundary=up18 NEEDS-PAINT NEEDS-COMPOSITING-BITS-UPDATE
          child: _RenderInputPadding#923ef relayoutBoundary=up19 NEEDS-PAINT NEEDS-COMPOSITING-BITS-UPDATE
            child: RenderConstrainedBox#8e330 relayoutBoundary=up20 NEEDS-PAINT NEEDS-COMPOSITING-BITS-UPDATE
    child 2: RenderConstrainedBox#e04d2 relayoutBoundary=up16 NEEDS-PAINT
    child 3: RenderCustomMultiChildLayoutBox#e5bd4 relayoutBoundary=up16 NEEDS-PAINT NEEDS-COMPOSITING-BITS-UPDATE
      child 1: RenderWrap#14217 NEEDS-LAYOUT NEEDS-PAINT NEEDS-COMPOSITING-BITS-UPDATE
        child 1: RenderFlex#8e587 NEEDS-LAYOUT NEEDS-PAINT NEEDS-COMPOSITING-BITS-UPDATE
          child 1: RenderParagraph#76460 NEEDS-LAYOUT NEEDS-PAINT
            text: TextSpan
ΓòÉΓòÉΓòÉΓòÉΓòÉΓòÉΓòÉΓòÉΓòÉΓòÉΓòÉΓòÉΓòÉΓòÉΓòÉΓòÉΓòÉΓòÉΓòÉΓòÉΓòÉΓòÉΓòÉΓòÉΓòÉΓòÉΓòÉΓòÉΓòÉΓòÉΓòÉΓòÉΓòÉΓòÉΓòÉΓòÉΓòÉΓòÉΓòÉΓòÉΓòÉΓòÉΓòÉΓòÉΓòÉΓòÉΓòÉΓòÉΓòÉΓòÉΓòÉΓòÉΓòÉΓòÉΓòÉΓòÉΓòÉΓòÉΓòÉΓòÉΓòÉΓòÉΓòÉΓòÉΓòÉΓòÉΓòÉΓòÉΓòÉΓòÉΓòÉΓòÉΓòÉΓòÉΓòÉΓòÉΓòÉΓòÉΓòÉΓòÉΓòÉΓòÉΓòÉΓòÉΓòÉΓòÉΓòÉΓòÉΓòÉΓòÉΓòÉΓòÉΓòÉΓòÉΓòÉΓòÉΓòÉΓòÉΓòÉΓòÉ
ΓòÉΓòÉΓòí EXCEPTION CAUGHT BY RENDERING LIBRARY Γò₧ΓòÉΓòÉΓòÉΓòÉΓòÉΓòÉΓòÉΓòÉΓòÉΓòÉΓòÉΓòÉΓòÉΓòÉΓòÉΓòÉΓòÉΓòÉΓòÉΓòÉΓòÉΓòÉΓòÉΓòÉΓòÉΓòÉΓòÉΓòÉΓòÉΓòÉΓòÉΓòÉΓòÉΓòÉΓòÉΓòÉΓòÉΓòÉΓòÉΓòÉΓòÉΓòÉΓòÉΓòÉΓòÉΓòÉΓòÉΓòÉΓòÉΓòÉΓòÉΓòÉΓòÉΓòÉΓòÉΓòÉΓòÉ
The following assertion was thrown during performLayout():
_RenderLayoutBuilder object was given an infinite size during layout.
This probably means that it is a render object that tries to be as big as possible, but it was put
inside another render object that allows its children to pick their own size.
The nearest ancestor providing an unbounded height constraint is: _RenderSingleChildViewport#1fb7e relayoutBoundary=up10 NEEDS-LAYOUT NEEDS-PAINT NEEDS-COMPOSITING-BITS-UPDATE:
  needs compositing
  creator: _SingleChildViewport ΓåÉ IgnorePointer-[GlobalKey#733f4] ΓåÉ Semantics ΓåÉ Listener ΓåÉ
    _GestureSemantics ΓåÉ RawGestureDetector-[LabeledGlobalKey<RawGestureDetectorState>#a3f89] ΓåÉ
    Listener ΓåÉ _ScrollableScope ΓåÉ _ScrollSemantics-[GlobalKey#385de] ΓåÉ
    NotificationListener<ScrollMetricsNotification> ΓåÉ Transform ΓåÉ StretchEffect ΓåÉ Γï»
  parentData: <none> (can use size)
  constraints: BoxConstraints(0.0<=w<=800.0, 0.0<=h<=600.0)
  size: MISSING
  offset: Offset(0.0, -0.0)
The constraints that applied to the _RenderLayoutBuilder were:
  BoxConstraints(0.0<=w<=752.0, 440.0<=h<=Infinity)
The exact size it was given was:
  Size(752.0, Infinity)
See https://flutter.dev/to/unbounded-constraints for more information.

The relevant error-causing widget was:
  LayoutBuilder LayoutBuilder:file:///C:/swe_flutter/lib/screens/marketing_home_page.dart:107:14

When the exception was thrown, this was the stack:
#0      RenderBox.debugAssertDoesMeetConstraints.<anonymous closure> (package:flutter/src/rendering/box.dart:2620:9)
#1      RenderBox.debugAssertDoesMeetConstraints (package:flutter/src/rendering/box.dart:2771:6)
#2      RenderBox.size=.<anonymous closure> (package:flutter/src/rendering/box.dart:2363:7)
#3      RenderBox.size= (package:flutter/src/rendering/box.dart:2365:6)
#4      _RenderLayoutBuilder.performLayout (package:flutter/src/widgets/layout_builder.dart:451:7)
#5      RenderObject.layout (package:flutter/src/rendering/object.dart:2775:7)
#6      RenderPadding.performLayout (package:flutter/src/rendering/shifted_box.dart:243:12)
#7      RenderObject.layout (package:flutter/src/rendering/object.dart:2775:7)
#8      RenderConstrainedBox.performLayout (package:flutter/src/rendering/proxy_box.dart:293:14)
#9      RenderObject.layout (package:flutter/src/rendering/object.dart:2775:7)
#10     ChildLayoutHelper.layoutChild (package:flutter/src/rendering/layout_helper.dart:62:11)
#11     RenderFlex._computeSizes (package:flutter/src/rendering/flex.dart:1161:28)
#12     RenderFlex.performLayout (package:flutter/src/rendering/flex.dart:1257:32)
#13     RenderObject.layout (package:flutter/src/rendering/object.dart:2775:7)
#14     _RenderSingleChildViewport.performLayout (package:flutter/src/widgets/single_child_scroll_view.dart:502:14)
#15     RenderObject.layout (package:flutter/src/rendering/object.dart:2775:7)
#16     RenderProxyBoxMixin.performLayout (package:flutter/src/rendering/proxy_box.dart:115:18)
#17     RenderObject.layout (package:flutter/src/rendering/object.dart:2775:7)
#18     RenderProxyBoxMixin.performLayout (package:flutter/src/rendering/proxy_box.dart:115:18)
#19     RenderObject.layout (package:flutter/src/rendering/object.dart:2775:7)
#20     RenderProxyBoxMixin.performLayout (package:flutter/src/rendering/proxy_box.dart:115:18)
#21     RenderObject.layout (package:flutter/src/rendering/object.dart:2775:7)
#22     RenderProxyBoxMixin.performLayout (package:flutter/src/rendering/proxy_box.dart:115:18)
#23     RenderObject.layout (package:flutter/src/rendering/object.dart:2775:7)
#24     RenderProxyBoxMixin.performLayout (package:flutter/src/rendering/proxy_box.dart:115:18)
#25     RenderObject.layout (package:flutter/src/rendering/object.dart:2775:7)
#26     RenderProxyBoxMixin.performLayout (package:flutter/src/rendering/proxy_box.dart:115:18)
#27     RenderObject.layout (package:flutter/src/rendering/object.dart:2775:7)
#28     RenderProxyBoxMixin.performLayout (package:flutter/src/rendering/proxy_box.dart:115:18)
#29     RenderObject.layout (package:flutter/src/rendering/object.dart:2775:7)
#30     RenderProxyBoxMixin.performLayout (package:flutter/src/rendering/proxy_box.dart:115:18)
#31     _RenderCustomClip.performLayout (package:flutter/src/rendering/proxy_box.dart:1481:11)
#32     RenderObject.layout (package:flutter/src/rendering/object.dart:2775:7)
#33     ChildLayoutHelper.layoutChild (package:flutter/src/rendering/layout_helper.dart:62:11)
#34     RenderStack._computeSize (package:flutter/src/rendering/stack.dart:645:43)
#35     RenderStack.performLayout (package:flutter/src/rendering/stack.dart:680:12)
#36     RenderObject.layout (package:flutter/src/rendering/object.dart:2775:7)
#37     MultiChildLayoutDelegate.layoutChild (package:flutter/src/rendering/custom_layout.dart:180:12)
#38     _ScaffoldLayout.performLayout (package:flutter/src/material/scaffold.dart:1112:7)
#39     MultiChildLayoutDelegate._callPerformLayout (package:flutter/src/rendering/custom_layout.dart:249:7)
#40     RenderCustomMultiChildLayoutBox.performLayout (package:flutter/src/rendering/custom_layout.dart:420:14)
#41     RenderObject.layout (package:flutter/src/rendering/object.dart:2775:7)
#42     RenderProxyBoxMixin.performLayout (package:flutter/src/rendering/proxy_box.dart:115:18)
#43     RenderObject.layout (package:flutter/src/rendering/object.dart:2775:7)
#44     RenderProxyBoxMixin.performLayout (package:flutter/src/rendering/proxy_box.dart:115:18)
#45     _RenderCustomClip.performLayout (package:flutter/src/rendering/proxy_box.dart:1481:11)
#46     RenderObject.layout (package:flutter/src/rendering/object.dart:2775:7)
#47     RenderProxyBoxMixin.performLayout (package:flutter/src/rendering/proxy_box.dart:115:18)
#48     RenderObject.layout (package:flutter/src/rendering/object.dart:2775:7)
#49     RenderProxyBoxMixin.performLayout (package:flutter/src/rendering/proxy_box.dart:115:18)
#50     RenderObject.layout (package:flutter/src/rendering/object.dart:2775:7)
#51     RenderProxyBoxMixin.performLayout (package:flutter/src/rendering/proxy_box.dart:115:18)
#52     RenderObject.layout (package:flutter/src/rendering/object.dart:2775:7)
#53     RenderProxyBoxMixin.performLayout (package:flutter/src/rendering/proxy_box.dart:115:18)
#54     RenderObject.layout (package:flutter/src/rendering/object.dart:2775:7)
#55     RenderProxyBoxMixin.performLayout (package:flutter/src/rendering/proxy_box.dart:115:18)
#56     RenderObject.layout (package:flutter/src/rendering/object.dart:2775:7)
#57     RenderProxyBoxMixin.performLayout (package:flutter/src/rendering/proxy_box.dart:115:18)
#58     RenderObject.layout (package:flutter/src/rendering/object.dart:2775:7)
#59     RenderProxyBoxMixin.performLayout (package:flutter/src/rendering/proxy_box.dart:115:18)
#60     RenderObject.layout (package:flutter/src/rendering/object.dart:2775:7)
#61     RenderProxyBoxMixin.performLayout (package:flutter/src/rendering/proxy_box.dart:115:18)
#62     RenderObject.layout (package:flutter/src/rendering/object.dart:2775:7)
#63     RenderProxyBoxMixin.performLayout (package:flutter/src/rendering/proxy_box.dart:115:18)
#64     RenderObject.layout (package:flutter/src/rendering/object.dart:2775:7)
#65     RenderProxyBoxMixin.performLayout (package:flutter/src/rendering/proxy_box.dart:115:18)
#66     RenderObject.layout (package:flutter/src/rendering/object.dart:2775:7)
#67     RenderProxyBoxMixin.performLayout (package:flutter/src/rendering/proxy_box.dart:115:18)
#68     RenderObject.layout (package:flutter/src/rendering/object.dart:2775:7)
#69     RenderProxyBoxMixin.performLayout (package:flutter/src/rendering/proxy_box.dart:115:18)
#70     RenderObject.layout (package:flutter/src/rendering/object.dart:2775:7)
#71     RenderProxyBoxMixin.performLayout (package:flutter/src/rendering/proxy_box.dart:115:18)
#72     RenderObject.layout (package:flutter/src/rendering/object.dart:2775:7)
#73     RenderProxyBoxMixin.performLayout (package:flutter/src/rendering/proxy_box.dart:115:18)
#74     RenderObject.layout (package:flutter/src/rendering/object.dart:2775:7)
#75     RenderProxyBoxMixin.performLayout (package:flutter/src/rendering/proxy_box.dart:115:18)
#76     RenderObject.layout (package:flutter/src/rendering/object.dart:2775:7)
#77     RenderProxyBoxMixin.performLayout (package:flutter/src/rendering/proxy_box.dart:115:18)
#78     RenderOffstage.performLayout (package:flutter/src/rendering/proxy_box.dart:3848:13)
#79     RenderObject.layout (package:flutter/src/rendering/object.dart:2775:7)
#80     RenderProxyBoxMixin.performLayout (package:flutter/src/rendering/proxy_box.dart:115:18)
#81     RenderObject.layout (package:flutter/src/rendering/object.dart:2775:7)
#82     _RenderTheaterMixin.layoutChild (package:flutter/src/widgets/overlay.dart:1084:13)
#83     _RenderTheater.performLayout (package:flutter/src/widgets/overlay.dart:1429:9)
#84     RenderObject.layout (package:flutter/src/rendering/object.dart:2775:7)
#85     RenderProxyBoxMixin.performLayout (package:flutter/src/rendering/proxy_box.dart:115:18)
#86     RenderObject.layout (package:flutter/src/rendering/object.dart:2775:7)
#87     RenderProxyBoxMixin.performLayout (package:flutter/src/rendering/proxy_box.dart:115:18)
#88     RenderObject.layout (package:flutter/src/rendering/object.dart:2775:7)
#89     RenderProxyBoxMixin.performLayout (package:flutter/src/rendering/proxy_box.dart:115:18)
#90     RenderObject.layout (package:flutter/src/rendering/object.dart:2775:7)
#91     RenderProxyBoxMixin.performLayout (package:flutter/src/rendering/proxy_box.dart:115:18)
#92     RenderCustomPaint.performLayout (package:flutter/src/rendering/custom_paint.dart:574:11)
#93     RenderObject.layout (package:flutter/src/rendering/object.dart:2775:7)
#94     RenderProxyBoxMixin.performLayout (package:flutter/src/rendering/proxy_box.dart:115:18)
#95     RenderObject.layout (package:flutter/src/rendering/object.dart:2775:7)
#96     RenderProxyBoxMixin.performLayout (package:flutter/src/rendering/proxy_box.dart:115:18)
#97     RenderObject.layout (package:flutter/src/rendering/object.dart:2775:7)
#98     RenderProxyBoxMixin.performLayout (package:flutter/src/rendering/proxy_box.dart:115:18)
#99     RenderObject.layout (package:flutter/src/rendering/object.dart:2775:7)
#100    RenderProxyBoxMixin.performLayout (package:flutter/src/rendering/proxy_box.dart:115:18)
#101    RenderObject.layout (package:flutter/src/rendering/object.dart:2775:7)
#102    RenderProxyBoxMixin.performLayout (package:flutter/src/rendering/proxy_box.dart:115:18)
#103    RenderObject.layout (package:flutter/src/rendering/object.dart:2775:7)
#104    RenderProxyBoxMixin.performLayout (package:flutter/src/rendering/proxy_box.dart:115:18)
#105    RenderObject.layout (package:flutter/src/rendering/object.dart:2775:7)
#106    RenderView.performLayout (package:flutter/src/rendering/view.dart:294:12)
#107    RenderObject._layoutWithoutResize (package:flutter/src/rendering/object.dart:2623:7)
#108    PipelineOwner.flushLayout (package:flutter/src/rendering/object.dart:1170:18)
#109    PipelineOwner.flushLayout (package:flutter/src/rendering/object.dart:1183:15)
#110    AutomatedTestWidgetsFlutterBinding.drawFrame (package:flutter_test/src/binding.dart:1508:27)
#111    RendererBinding._handlePersistentFrameCallback (package:flutter/src/rendering/binding.dart:495:5)
#112    SchedulerBinding._invokeFrameCallback (package:flutter/src/scheduler/binding.dart:1434:15)
#113    SchedulerBinding.handleDrawFrame (package:flutter/src/scheduler/binding.dart:1347:9)
#114    AutomatedTestWidgetsFlutterBinding.pump.<anonymous closure> (package:flutter_test/src/binding.dart:1335:9)
#117    TestAsyncUtils.guard (package:flutter_test/src/test_async_utils.dart:74:41)
#118    AutomatedTestWidgetsFlutterBinding.pump (package:flutter_test/src/binding.dart:1324:27)
#119    WidgetTester.pumpWidget.<anonymous closure> (package:flutter_test/src/widget_tester.dart:598:22)
#122    TestAsyncUtils.guard (package:flutter_test/src/test_async_utils.dart:74:41)
#123    WidgetTester.pumpWidget (package:flutter_test/src/widget_tester.dart:595:27)
#124    main.<anonymous closure> (file:///C:/swe_flutter/test/marketing_home_page_test.dart:9:18)
#125    testWidgets.<anonymous closure>.<anonymous closure> (package:flutter_test/src/widget_tester.dart:192:29)
<asynchronous suspension>
#126    TestWidgetsFlutterBinding._runTestBody (package:flutter_test/src/binding.dart:1059:5)
<asynchronous suspension>
<asynchronous suspension>
(elided 5 frames from dart:async and package:stack_trace)

The following RenderObject was being processed when the exception was fired: _RenderLayoutBuilder#18729 relayoutBoundary=up14 NEEDS-LAYOUT NEEDS-PAINT NEEDS-COMPOSITING-BITS-UPDATE:
  creator: LayoutBuilder ΓåÉ Padding ΓåÉ ConstrainedBox ΓåÉ Container ΓåÉ Column ΓåÉ _SingleChildViewport ΓåÉ
    IgnorePointer-[GlobalKey#733f4] ΓåÉ Semantics ΓåÉ Listener ΓåÉ _GestureSemantics ΓåÉ
    RawGestureDetector-[LabeledGlobalKey<RawGestureDetectorState>#a3f89] ΓåÉ Listener ΓåÉ Γï»
  parentData: offset=Offset(0.0, 0.0) (can use size)
  constraints: BoxConstraints(0.0<=w<=752.0, 440.0<=h<=Infinity)
  size: Size(752.0, Infinity)
This RenderObject had the following descendants (showing up to depth 5):
    child: RenderFlex#55f78 relayoutBoundary=up15 NEEDS-PAINT NEEDS-COMPOSITING-BITS-UPDATE
      child 1: RenderFlex#ffee9 relayoutBoundary=up16 NEEDS-PAINT NEEDS-COMPOSITING-BITS-UPDATE
        child 1: RenderDecoratedBox#e5754 relayoutBoundary=up17 NEEDS-PAINT NEEDS-COMPOSITING-BITS-UPDATE
          child: RenderPadding#87ada relayoutBoundary=up18 NEEDS-PAINT NEEDS-COMPOSITING-BITS-UPDATE
            child: RenderFlex#8656a relayoutBoundary=up19 NEEDS-PAINT NEEDS-COMPOSITING-BITS-UPDATE
        child 2: RenderConstrainedBox#ab304 relayoutBoundary=up17 NEEDS-PAINT
        child 3: RenderShaderMask#4282f relayoutBoundary=up17 NEEDS-PAINT NEEDS-COMPOSITING-BITS-UPDATE
          child: RenderParagraph#906fb relayoutBoundary=up18 NEEDS-PAINT
            text: TextSpan
        child 4: RenderParagraph#ecbc1 relayoutBoundary=up17 NEEDS-PAINT
          text: TextSpan
        child 5: RenderConstrainedBox#6e55b relayoutBoundary=up17 NEEDS-PAINT
        child 6: RenderParagraph#e0a7a relayoutBoundary=up17 NEEDS-PAINT
          text: TextSpan
        child 7: RenderConstrainedBox#58690 relayoutBoundary=up17 NEEDS-PAINT
        child 8: RenderWrap#57b38 relayoutBoundary=up17 NEEDS-PAINT NEEDS-COMPOSITING-BITS-UPDATE
          child 1: RenderSemanticsAnnotations#ee45c relayoutBoundary=up18 NEEDS-PAINT NEEDS-COMPOSITING-BITS-UPDATE
            child: _RenderInputPadding#4359c relayoutBoundary=up19 NEEDS-PAINT NEEDS-COMPOSITING-BITS-UPDATE
          child 2: RenderSemanticsAnnotations#7dfb3 relayoutBoundary=up18 NEEDS-PAINT NEEDS-COMPOSITING-BITS-UPDATE
            child: _RenderInputPadding#923ef relayoutBoundary=up19 NEEDS-PAINT NEEDS-COMPOSITING-BITS-UPDATE
      child 2: RenderConstrainedBox#e04d2 relayoutBoundary=up16 NEEDS-PAINT
      child 3: RenderCustomMultiChildLayoutBox#e5bd4 relayoutBoundary=up16 NEEDS-PAINT NEEDS-COMPOSITING-BITS-UPDATE
        child 1: RenderWrap#14217 NEEDS-LAYOUT NEEDS-PAINT NEEDS-COMPOSITING-BITS-UPDATE
          child 1: RenderFlex#8e587 NEEDS-LAYOUT NEEDS-PAINT NEEDS-COMPOSITING-BITS-UPDATE
            child 1: RenderParagraph#76460 NEEDS-LAYOUT NEEDS-PAINT
            child 2: RenderConstrainedBox#e29a1 NEEDS-LAYOUT NEEDS-PAINT
            child 3: RenderParagraph#3db97 NEEDS-LAYOUT NEEDS-PAINT
          child 2: RenderFlex#8b38f NEEDS-LAYOUT NEEDS-PAINT NEEDS-COMPOSITING-BITS-UPDATE
            child 1: RenderParagraph#baf2c NEEDS-LAYOUT NEEDS-PAINT
    ...(descendants list truncated after 25 lines)
ΓòÉΓòÉΓòÉΓòÉΓòÉΓòÉΓòÉΓòÉΓòÉΓòÉΓòÉΓòÉΓòÉΓòÉΓòÉΓòÉΓòÉΓòÉΓòÉΓòÉΓòÉΓòÉΓòÉΓòÉΓòÉΓòÉΓòÉΓòÉΓòÉΓòÉΓòÉΓòÉΓòÉΓòÉΓòÉΓòÉΓòÉΓòÉΓòÉΓòÉΓòÉΓòÉΓòÉΓòÉΓòÉΓòÉΓòÉΓòÉΓòÉΓòÉΓòÉΓòÉΓòÉΓòÉΓòÉΓòÉΓòÉΓòÉΓòÉΓòÉΓòÉΓòÉΓòÉΓòÉΓòÉΓòÉΓòÉΓòÉΓòÉΓòÉΓòÉΓòÉΓòÉΓòÉΓòÉΓòÉΓòÉΓòÉΓòÉΓòÉΓòÉΓòÉΓòÉΓòÉΓòÉΓòÉΓòÉΓòÉΓòÉΓòÉΓòÉΓòÉΓòÉΓòÉΓòÉΓòÉΓòÉΓòÉΓòÉΓòÉ
ΓòÉΓòÉΓòí EXCEPTION CAUGHT BY RENDERING LIBRARY Γò₧ΓòÉΓòÉΓòÉΓòÉΓòÉΓòÉΓòÉΓòÉΓòÉΓòÉΓòÉΓòÉΓòÉΓòÉΓòÉΓòÉΓòÉΓòÉΓòÉΓòÉΓòÉΓòÉΓòÉΓòÉΓòÉΓòÉΓòÉΓòÉΓòÉΓòÉΓòÉΓòÉΓòÉΓòÉΓòÉΓòÉΓòÉΓòÉΓòÉΓòÉΓòÉΓòÉΓòÉΓòÉΓòÉΓòÉΓòÉΓòÉΓòÉΓòÉΓòÉΓòÉΓòÉΓòÉΓòÉΓòÉΓòÉ
The following assertion was thrown during performLayout():
RenderPadding object was given an infinite size during layout.
This probably means that it is a render object that tries to be as big as possible, but it was put
inside another render object that allows its children to pick their own size.
The nearest ancestor providing an unbounded height constraint is: _RenderSingleChildViewport#1fb7e relayoutBoundary=up10 NEEDS-LAYOUT NEEDS-PAINT NEEDS-COMPOSITING-BITS-UPDATE:
  needs compositing
  creator: _SingleChildViewport ΓåÉ IgnorePointer-[GlobalKey#733f4] ΓåÉ Semantics ΓåÉ Listener ΓåÉ
    _GestureSemantics ΓåÉ RawGestureDetector-[LabeledGlobalKey<RawGestureDetectorState>#a3f89] ΓåÉ
    Listener ΓåÉ _ScrollableScope ΓåÉ _ScrollSemantics-[GlobalKey#385de] ΓåÉ
    NotificationListener<ScrollMetricsNotification> ΓåÉ Transform ΓåÉ StretchEffect ΓåÉ Γï»
  parentData: <none> (can use size)
  constraints: BoxConstraints(0.0<=w<=800.0, 0.0<=h<=600.0)
  size: MISSING
  offset: Offset(0.0, -0.0)
The constraints that applied to the RenderPadding were:
  BoxConstraints(0.0<=w<=800.0, 600.0<=h<=Infinity)
The exact size it was given was:
  Size(800.0, Infinity)
See https://flutter.dev/to/unbounded-constraints for more information.

The relevant error-causing widget was:
  Container Container:file:///C:/swe_flutter/lib/screens/marketing_home_page.dart:104:12

When the exception was thrown, this was the stack:
#0      RenderBox.debugAssertDoesMeetConstraints.<anonymous closure> (package:flutter/src/rendering/box.dart:2620:9)
#1      RenderBox.debugAssertDoesMeetConstraints (package:flutter/src/rendering/box.dart:2771:6)
#2      RenderBox.size=.<anonymous closure> (package:flutter/src/rendering/box.dart:2363:7)
#3      RenderBox.size= (package:flutter/src/rendering/box.dart:2365:6)
#4      RenderPadding.performLayout (package:flutter/src/rendering/shifted_box.dart:246:5)
#5      RenderObject.layout (package:flutter/src/rendering/object.dart:2775:7)
#6      RenderConstrainedBox.performLayout (package:flutter/src/rendering/proxy_box.dart:293:14)
#7      RenderObject.layout (package:flutter/src/rendering/object.dart:2775:7)
#8      ChildLayoutHelper.layoutChild (package:flutter/src/rendering/layout_helper.dart:62:11)
#9      RenderFlex._computeSizes (package:flutter/src/rendering/flex.dart:1161:28)
#10     RenderFlex.performLayout (package:flutter/src/rendering/flex.dart:1257:32)
#11     RenderObject.layout (package:flutter/src/rendering/object.dart:2775:7)
#12     _RenderSingleChildViewport.performLayout (package:flutter/src/widgets/single_child_scroll_view.dart:502:14)
#13     RenderObject.layout (package:flutter/src/rendering/object.dart:2775:7)
#14     RenderProxyBoxMixin.performLayout (package:flutter/src/rendering/proxy_box.dart:115:18)
#15     RenderObject.layout (package:flutter/src/rendering/object.dart:2775:7)
#16     RenderProxyBoxMixin.performLayout (package:flutter/src/rendering/proxy_box.dart:115:18)
#17     RenderObject.layout (package:flutter/src/rendering/object.dart:2775:7)
#18     RenderProxyBoxMixin.performLayout (package:flutter/src/rendering/proxy_box.dart:115:18)
#19     RenderObject.layout (package:flutter/src/rendering/object.dart:2775:7)
#20     RenderProxyBoxMixin.performLayout (package:flutter/src/rendering/proxy_box.dart:115:18)
#21     RenderObject.layout (package:flutter/src/rendering/object.dart:2775:7)
#22     RenderProxyBoxMixin.performLayout (package:flutter/src/rendering/proxy_box.dart:115:18)
#23     RenderObject.layout (package:flutter/src/rendering/object.dart:2775:7)
#24     RenderProxyBoxMixin.performLayout (package:flutter/src/rendering/proxy_box.dart:115:18)
#25     RenderObject.layout (package:flutter/src/rendering/object.dart:2775:7)
#26     RenderProxyBoxMixin.performLayout (package:flutter/src/rendering/proxy_box.dart:115:18)
#27     RenderObject.layout (package:flutter/src/rendering/object.dart:2775:7)
#28     RenderProxyBoxMixin.performLayout (package:flutter/src/rendering/proxy_box.dart:115:18)
#29     _RenderCustomClip.performLayout (package:flutter/src/rendering/proxy_box.dart:1481:11)
#30     RenderObject.layout (package:flutter/src/rendering/object.dart:2775:7)
#31     ChildLayoutHelper.layoutChild (package:flutter/src/rendering/layout_helper.dart:62:11)
#32     RenderStack._computeSize (package:flutter/src/rendering/stack.dart:645:43)
#33     RenderStack.performLayout (package:flutter/src/rendering/stack.dart:680:12)
#34     RenderObject.layout (package:flutter/src/rendering/object.dart:2775:7)
#35     MultiChildLayoutDelegate.layoutChild (package:flutter/src/rendering/custom_layout.dart:180:12)
#36     _ScaffoldLayout.performLayout (package:flutter/src/material/scaffold.dart:1112:7)
#37     MultiChildLayoutDelegate._callPerformLayout (package:flutter/src/rendering/custom_layout.dart:249:7)
#38     RenderCustomMultiChildLayoutBox.performLayout (package:flutter/src/rendering/custom_layout.dart:420:14)
#39     RenderObject.layout (package:flutter/src/rendering/object.dart:2775:7)
#40     RenderProxyBoxMixin.performLayout (package:flutter/src/rendering/proxy_box.dart:115:18)
#41     RenderObject.layout (package:flutter/src/rendering/object.dart:2775:7)
#42     RenderProxyBoxMixin.performLayout (package:flutter/src/rendering/proxy_box.dart:115:18)
#43     _RenderCustomClip.performLayout (package:flutter/src/rendering/proxy_box.dart:1481:11)
#44     RenderObject.layout (package:flutter/src/rendering/object.dart:2775:7)
#45     RenderProxyBoxMixin.performLayout (package:flutter/src/rendering/proxy_box.dart:115:18)
#46     RenderObject.layout (package:flutter/src/rendering/object.dart:2775:7)
#47     RenderProxyBoxMixin.performLayout (package:flutter/src/rendering/proxy_box.dart:115:18)
#48     RenderObject.layout (package:flutter/src/rendering/object.dart:2775:7)
#49     RenderProxyBoxMixin.performLayout (package:flutter/src/rendering/proxy_box.dart:115:18)
#50     RenderObject.layout (package:flutter/src/rendering/object.dart:2775:7)
#51     RenderProxyBoxMixin.performLayout (package:flutter/src/rendering/proxy_box.dart:115:18)
#52     RenderObject.layout (package:flutter/src/rendering/object.dart:2775:7)
#53     RenderProxyBoxMixin.performLayout (package:flutter/src/rendering/proxy_box.dart:115:18)
#54     RenderObject.layout (package:flutter/src/rendering/object.dart:2775:7)
#55     RenderProxyBoxMixin.performLayout (package:flutter/src/rendering/proxy_box.dart:115:18)
#56     RenderObject.layout (package:flutter/src/rendering/object.dart:2775:7)
#57     RenderProxyBoxMixin.performLayout (package:flutter/src/rendering/proxy_box.dart:115:18)
#58     RenderObject.layout (package:flutter/src/rendering/object.dart:2775:7)
#59     RenderProxyBoxMixin.performLayout (package:flutter/src/rendering/proxy_box.dart:115:18)
#60     RenderObject.layout (package:flutter/src/rendering/object.dart:2775:7)
#61     RenderProxyBoxMixin.performLayout (package:flutter/src/rendering/proxy_box.dart:115:18)
#62     RenderObject.layout (package:flutter/src/rendering/object.dart:2775:7)
#63     RenderProxyBoxMixin.performLayout (package:flutter/src/rendering/proxy_box.dart:115:18)
#64     RenderObject.layout (package:flutter/src/rendering/object.dart:2775:7)
#65     RenderProxyBoxMixin.performLayout (package:flutter/src/rendering/proxy_box.dart:115:18)
#66     RenderObject.layout (package:flutter/src/rendering/object.dart:2775:7)
#67     RenderProxyBoxMixin.performLayout (package:flutter/src/rendering/proxy_box.dart:115:18)
#68     RenderObject.layout (package:flutter/src/rendering/object.dart:2775:7)
#69     RenderProxyBoxMixin.performLayout (package:flutter/src/rendering/proxy_box.dart:115:18)
#70     RenderObject.layout (package:flutter/src/rendering/object.dart:2775:7)
#71     RenderProxyBoxMixin.performLayout (package:flutter/src/rendering/proxy_box.dart:115:18)
#72     RenderObject.layout (package:flutter/src/rendering/object.dart:2775:7)
#73     RenderProxyBoxMixin.performLayout (package:flutter/src/rendering/proxy_box.dart:115:18)
#74     RenderObject.layout (package:flutter/src/rendering/object.dart:2775:7)
#75     RenderProxyBoxMixin.performLayout (package:flutter/src/rendering/proxy_box.dart:115:18)
#76     RenderOffstage.performLayout (package:flutter/src/rendering/proxy_box.dart:3848:13)
#77     RenderObject.layout (package:flutter/src/rendering/object.dart:2775:7)
#78     RenderProxyBoxMixin.performLayout (package:flutter/src/rendering/proxy_box.dart:115:18)
#79     RenderObject.layout (package:flutter/src/rendering/object.dart:2775:7)
#80     _RenderTheaterMixin.layoutChild (package:flutter/src/widgets/overlay.dart:1084:13)
#81     _RenderTheater.performLayout (package:flutter/src/widgets/overlay.dart:1429:9)
#82     RenderObject.layout (package:flutter/src/rendering/object.dart:2775:7)
#83     RenderProxyBoxMixin.performLayout (package:flutter/src/rendering/proxy_box.dart:115:18)
#84     RenderObject.layout (package:flutter/src/rendering/object.dart:2775:7)
#85     RenderProxyBoxMixin.performLayout (package:flutter/src/rendering/proxy_box.dart:115:18)
#86     RenderObject.layout (package:flutter/src/rendering/object.dart:2775:7)
#87     RenderProxyBoxMixin.performLayout (package:flutter/src/rendering/proxy_box.dart:115:18)
#88     RenderObject.layout (package:flutter/src/rendering/object.dart:2775:7)
#89     RenderProxyBoxMixin.performLayout (package:flutter/src/rendering/proxy_box.dart:115:18)
#90     RenderCustomPaint.performLayout (package:flutter/src/rendering/custom_paint.dart:574:11)
#91     RenderObject.layout (package:flutter/src/rendering/object.dart:2775:7)
#92     RenderProxyBoxMixin.performLayout (package:flutter/src/rendering/proxy_box.dart:115:18)
#93     RenderObject.layout (package:flutter/src/rendering/object.dart:2775:7)
#94     RenderProxyBoxMixin.performLayout (package:flutter/src/rendering/proxy_box.dart:115:18)
#95     RenderObject.layout (package:flutter/src/rendering/object.dart:2775:7)
#96     RenderProxyBoxMixin.performLayout (package:flutter/src/rendering/proxy_box.dart:115:18)
#97     RenderObject.layout (package:flutter/src/rendering/object.dart:2775:7)
#98     RenderProxyBoxMixin.performLayout (package:flutter/src/rendering/proxy_box.dart:115:18)
#99     RenderObject.layout (package:flutter/src/rendering/object.dart:2775:7)
#100    RenderProxyBoxMixin.performLayout (package:flutter/src/rendering/proxy_box.dart:115:18)
#101    RenderObject.layout (package:flutter/src/rendering/object.dart:2775:7)
#102    RenderProxyBoxMixin.performLayout (package:flutter/src/rendering/proxy_box.dart:115:18)
#103    RenderObject.layout (package:flutter/src/rendering/object.dart:2775:7)
#104    RenderView.performLayout (package:flutter/src/rendering/view.dart:294:12)
#105    RenderObject._layoutWithoutResize (package:flutter/src/rendering/object.dart:2623:7)
#106    PipelineOwner.flushLayout (package:flutter/src/rendering/object.dart:1170:18)
#107    PipelineOwner.flushLayout (package:flutter/src/rendering/object.dart:1183:15)
#108    AutomatedTestWidgetsFlutterBinding.drawFrame (package:flutter_test/src/binding.dart:1508:27)
#109    RendererBinding._handlePersistentFrameCallback (package:flutter/src/rendering/binding.dart:495:5)
#110    SchedulerBinding._invokeFrameCallback (package:flutter/src/scheduler/binding.dart:1434:15)
#111    SchedulerBinding.handleDrawFrame (package:flutter/src/scheduler/binding.dart:1347:9)
#112    AutomatedTestWidgetsFlutterBinding.pump.<anonymous closure> (package:flutter_test/src/binding.dart:1335:9)
#115    TestAsyncUtils.guard (package:flutter_test/src/test_async_utils.dart:74:41)
#116    AutomatedTestWidgetsFlutterBinding.pump (package:flutter_test/src/binding.dart:1324:27)
#117    WidgetTester.pumpWidget.<anonymous closure> (package:flutter_test/src/widget_tester.dart:598:22)
#120    TestAsyncUtils.guard (package:flutter_test/src/test_async_utils.dart:74:41)
#121    WidgetTester.pumpWidget (package:flutter_test/src/widget_tester.dart:595:27)
#122    main.<anonymous closure> (file:///C:/swe_flutter/test/marketing_home_page_test.dart:9:18)
#123    testWidgets.<anonymous closure>.<anonymous closure> (package:flutter_test/src/widget_tester.dart:192:29)
<asynchronous suspension>
#124    TestWidgetsFlutterBinding._runTestBody (package:flutter_test/src/binding.dart:1059:5)
<asynchronous suspension>
<asynchronous suspension>
(elided 5 frames from dart:async and package:stack_trace)

The following RenderObject was being processed when the exception was fired: RenderPadding#204b2 relayoutBoundary=up13 NEEDS-LAYOUT NEEDS-PAINT NEEDS-COMPOSITING-BITS-UPDATE:
  creator: Padding ΓåÉ ConstrainedBox ΓåÉ Container ΓåÉ Column ΓåÉ _SingleChildViewport ΓåÉ
    IgnorePointer-[GlobalKey#733f4] ΓåÉ Semantics ΓåÉ Listener ΓåÉ _GestureSemantics ΓåÉ
    RawGestureDetector-[LabeledGlobalKey<RawGestureDetectorState>#a3f89] ΓåÉ Listener ΓåÉ _ScrollableScope
    ΓåÉ Γï»
  parentData: <none> (can use size)
  constraints: BoxConstraints(0.0<=w<=800.0, 600.0<=h<=Infinity)
  size: Size(800.0, Infinity)
  padding: EdgeInsets(24.0, 80.0, 24.0, 80.0)
  textDirection: ltr
This RenderObject had the following descendants (showing up to depth 5):
    child: _RenderLayoutBuilder#18729 relayoutBoundary=up14 NEEDS-PAINT NEEDS-COMPOSITING-BITS-UPDATE
      child: RenderFlex#55f78 relayoutBoundary=up15 NEEDS-PAINT NEEDS-COMPOSITING-BITS-UPDATE
        child 1: RenderFlex#ffee9 relayoutBoundary=up16 NEEDS-PAINT NEEDS-COMPOSITING-BITS-UPDATE
          child 1: RenderDecoratedBox#e5754 relayoutBoundary=up17 NEEDS-PAINT NEEDS-COMPOSITING-BITS-UPDATE
            child: RenderPadding#87ada relayoutBoundary=up18 NEEDS-PAINT NEEDS-COMPOSITING-BITS-UPDATE
          child 2: RenderConstrainedBox#ab304 relayoutBoundary=up17 NEEDS-PAINT
          child 3: RenderShaderMask#4282f relayoutBoundary=up17 NEEDS-PAINT NEEDS-COMPOSITING-BITS-UPDATE
            child: RenderParagraph#906fb relayoutBoundary=up18 NEEDS-PAINT
          child 4: RenderParagraph#ecbc1 relayoutBoundary=up17 NEEDS-PAINT
            text: TextSpan
          child 5: RenderConstrainedBox#6e55b relayoutBoundary=up17 NEEDS-PAINT
          child 6: RenderParagraph#e0a7a relayoutBoundary=up17 NEEDS-PAINT
            text: TextSpan
          child 7: RenderConstrainedBox#58690 relayoutBoundary=up17 NEEDS-PAINT
          child 8: RenderWrap#57b38 relayoutBoundary=up17 NEEDS-PAINT NEEDS-COMPOSITING-BITS-UPDATE
            child 1: RenderSemanticsAnnotations#ee45c relayoutBoundary=up18 NEEDS-PAINT NEEDS-COMPOSITING-BITS-UPDATE
            child 2: RenderSemanticsAnnotations#7dfb3 relayoutBoundary=up18 NEEDS-PAINT NEEDS-COMPOSITING-BITS-UPDATE
        child 2: RenderConstrainedBox#e04d2 relayoutBoundary=up16 NEEDS-PAINT
        child 3: RenderCustomMultiChildLayoutBox#e5bd4 relayoutBoundary=up16 NEEDS-PAINT NEEDS-COMPOSITING-BITS-UPDATE
          child 1: RenderWrap#14217 NEEDS-LAYOUT NEEDS-PAINT NEEDS-COMPOSITING-BITS-UPDATE
            child 1: RenderFlex#8e587 NEEDS-LAYOUT NEEDS-PAINT NEEDS-COMPOSITING-BITS-UPDATE
            child 2: RenderFlex#8b38f NEEDS-LAYOUT NEEDS-PAINT NEEDS-COMPOSITING-BITS-UPDATE
            child 3: RenderFlex#a2765 NEEDS-LAYOUT NEEDS-PAINT NEEDS-COMPOSITING-BITS-UPDATE
ΓòÉΓòÉΓòÉΓòÉΓòÉΓòÉΓòÉΓòÉΓòÉΓòÉΓòÉΓòÉΓòÉΓòÉΓòÉΓòÉΓòÉΓòÉΓòÉΓòÉΓòÉΓòÉΓòÉΓòÉΓòÉΓòÉΓòÉΓòÉΓòÉΓòÉΓòÉΓòÉΓòÉΓòÉΓòÉΓòÉΓòÉΓòÉΓòÉΓòÉΓòÉΓòÉΓòÉΓòÉΓòÉΓòÉΓòÉΓòÉΓòÉΓòÉΓòÉΓòÉΓòÉΓòÉΓòÉΓòÉΓòÉΓòÉΓòÉΓòÉΓòÉΓòÉΓòÉΓòÉΓòÉΓòÉΓòÉΓòÉΓòÉΓòÉΓòÉΓòÉΓòÉΓòÉΓòÉΓòÉΓòÉΓòÉΓòÉΓòÉΓòÉΓòÉΓòÉΓòÉΓòÉΓòÉΓòÉΓòÉΓòÉΓòÉΓòÉΓòÉΓòÉΓòÉΓòÉΓòÉΓòÉΓòÉΓòÉΓòÉ
ΓòÉΓòÉΓòí EXCEPTION CAUGHT BY RENDERING LIBRARY Γò₧ΓòÉΓòÉΓòÉΓòÉΓòÉΓòÉΓòÉΓòÉΓòÉΓòÉΓòÉΓòÉΓòÉΓòÉΓòÉΓòÉΓòÉΓòÉΓòÉΓòÉΓòÉΓòÉΓòÉΓòÉΓòÉΓòÉΓòÉΓòÉΓòÉΓòÉΓòÉΓòÉΓòÉΓòÉΓòÉΓòÉΓòÉΓòÉΓòÉΓòÉΓòÉΓòÉΓòÉΓòÉΓòÉΓòÉΓòÉΓòÉΓòÉΓòÉΓòÉΓòÉΓòÉΓòÉΓòÉΓòÉΓòÉ
The following assertion was thrown during performLayout():
RenderConstrainedBox object was given an infinite size during layout.
This probably means that it is a render object that tries to be as big as possible, but it was put
inside another render object that allows its children to pick their own size.
The nearest ancestor providing an unbounded height constraint is: _RenderSingleChildViewport#1fb7e relayoutBoundary=up10 NEEDS-LAYOUT NEEDS-PAINT NEEDS-COMPOSITING-BITS-UPDATE:
  needs compositing
  creator: _SingleChildViewport ΓåÉ IgnorePointer-[GlobalKey#733f4] ΓåÉ Semantics ΓåÉ Listener ΓåÉ
    _GestureSemantics ΓåÉ RawGestureDetector-[LabeledGlobalKey<RawGestureDetectorState>#a3f89] ΓåÉ
    Listener ΓåÉ _ScrollableScope ΓåÉ _ScrollSemantics-[GlobalKey#385de] ΓåÉ
    NotificationListener<ScrollMetricsNotification> ΓåÉ Transform ΓåÉ StretchEffect ΓåÉ Γï»
  parentData: <none> (can use size)
  constraints: BoxConstraints(0.0<=w<=800.0, 0.0<=h<=600.0)
  size: MISSING
  offset: Offset(0.0, -0.0)
The constraints that applied to the RenderConstrainedBox were:
  BoxConstraints(0.0<=w<=800.0, 0.0<=h<=Infinity)
The exact size it was given was:
  Size(800.0, Infinity)
See https://flutter.dev/to/unbounded-constraints for more information.

The relevant error-causing widget was:
  Container Container:file:///C:/swe_flutter/lib/screens/marketing_home_page.dart:104:12

When the exception was thrown, this was the stack:
#0      RenderBox.debugAssertDoesMeetConstraints.<anonymous closure> (package:flutter/src/rendering/box.dart:2620:9)
#1      RenderBox.debugAssertDoesMeetConstraints (package:flutter/src/rendering/box.dart:2771:6)
#2      RenderBox.size=.<anonymous closure> (package:flutter/src/rendering/box.dart:2363:7)
#3      RenderBox.size= (package:flutter/src/rendering/box.dart:2365:6)
#4      RenderConstrainedBox.performLayout (package:flutter/src/rendering/proxy_box.dart:294:7)
#5      RenderObject.layout (package:flutter/src/rendering/object.dart:2775:7)
#6      ChildLayoutHelper.layoutChild (package:flutter/src/rendering/layout_helper.dart:62:11)
#7      RenderFlex._computeSizes (package:flutter/src/rendering/flex.dart:1161:28)
#8      RenderFlex.performLayout (package:flutter/src/rendering/flex.dart:1257:32)
#9      RenderObject.layout (package:flutter/src/rendering/object.dart:2775:7)
#10     _RenderSingleChildViewport.performLayout (package:flutter/src/widgets/single_child_scroll_view.dart:502:14)
#11     RenderObject.layout (package:flutter/src/rendering/object.dart:2775:7)
#12     RenderProxyBoxMixin.performLayout (package:flutter/src/rendering/proxy_box.dart:115:18)
#13     RenderObject.layout (package:flutter/src/rendering/object.dart:2775:7)
#14     RenderProxyBoxMixin.performLayout (package:flutter/src/rendering/proxy_box.dart:115:18)
#15     RenderObject.layout (package:flutter/src/rendering/object.dart:2775:7)
#16     RenderProxyBoxMixin.performLayout (package:flutter/src/rendering/proxy_box.dart:115:18)
#17     RenderObject.layout (package:flutter/src/rendering/object.dart:2775:7)
#18     RenderProxyBoxMixin.performLayout (package:flutter/src/rendering/proxy_box.dart:115:18)
#19     RenderObject.layout (package:flutter/src/rendering/object.dart:2775:7)
#20     RenderProxyBoxMixin.performLayout (package:flutter/src/rendering/proxy_box.dart:115:18)
#21     RenderObject.layout (package:flutter/src/rendering/object.dart:2775:7)
#22     RenderProxyBoxMixin.performLayout (package:flutter/src/rendering/proxy_box.dart:115:18)
#23     RenderObject.layout (package:flutter/src/rendering/object.dart:2775:7)
#24     RenderProxyBoxMixin.performLayout (package:flutter/src/rendering/proxy_box.dart:115:18)
#25     RenderObject.layout (package:flutter/src/rendering/object.dart:2775:7)
#26     RenderProxyBoxMixin.performLayout (package:flutter/src/rendering/proxy_box.dart:115:18)
#27     _RenderCustomClip.performLayout (package:flutter/src/rendering/proxy_box.dart:1481:11)
#28     RenderObject.layout (package:flutter/src/rendering/object.dart:2775:7)
#29     ChildLayoutHelper.layoutChild (package:flutter/src/rendering/layout_helper.dart:62:11)
#30     RenderStack._computeSize (package:flutter/src/rendering/stack.dart:645:43)
#31     RenderStack.performLayout (package:flutter/src/rendering/stack.dart:680:12)
#32     RenderObject.layout (package:flutter/src/rendering/object.dart:2775:7)
#33     MultiChildLayoutDelegate.layoutChild (package:flutter/src/rendering/custom_layout.dart:180:12)
#34     _ScaffoldLayout.performLayout (package:flutter/src/material/scaffold.dart:1112:7)
#35     MultiChildLayoutDelegate._callPerformLayout (package:flutter/src/rendering/custom_layout.dart:249:7)
#36     RenderCustomMultiChildLayoutBox.performLayout (package:flutter/src/rendering/custom_layout.dart:420:14)
#37     RenderObject.layout (package:flutter/src/rendering/object.dart:2775:7)
#38     RenderProxyBoxMixin.performLayout (package:flutter/src/rendering/proxy_box.dart:115:18)
#39     RenderObject.layout (package:flutter/src/rendering/object.dart:2775:7)
#40     RenderProxyBoxMixin.performLayout (package:flutter/src/rendering/proxy_box.dart:115:18)
#41     _RenderCustomClip.performLayout (package:flutter/src/rendering/proxy_box.dart:1481:11)
#42     RenderObject.layout (package:flutter/src/rendering/object.dart:2775:7)
#43     RenderProxyBoxMixin.performLayout (package:flutter/src/rendering/proxy_box.dart:115:18)
#44     RenderObject.layout (package:flutter/src/rendering/object.dart:2775:7)
#45     RenderProxyBoxMixin.performLayout (package:flutter/src/rendering/proxy_box.dart:115:18)
#46     RenderObject.layout (package:flutter/src/rendering/object.dart:2775:7)
#47     RenderProxyBoxMixin.performLayout (package:flutter/src/rendering/proxy_box.dart:115:18)
#48     RenderObject.layout (package:flutter/src/rendering/object.dart:2775:7)
#49     RenderProxyBoxMixin.performLayout (package:flutter/src/rendering/proxy_box.dart:115:18)
#50     RenderObject.layout (package:flutter/src/rendering/object.dart:2775:7)
#51     RenderProxyBoxMixin.performLayout (package:flutter/src/rendering/proxy_box.dart:115:18)
#52     RenderObject.layout (package:flutter/src/rendering/object.dart:2775:7)
#53     RenderProxyBoxMixin.performLayout (package:flutter/src/rendering/proxy_box.dart:115:18)
#54     RenderObject.layout (package:flutter/src/rendering/object.dart:2775:7)
#55     RenderProxyBoxMixin.performLayout (package:flutter/src/rendering/proxy_box.dart:115:18)
#56     RenderObject.layout (package:flutter/src/rendering/object.dart:2775:7)
#57     RenderProxyBoxMixin.performLayout (package:flutter/src/rendering/proxy_box.dart:115:18)
#58     RenderObject.layout (package:flutter/src/rendering/object.dart:2775:7)
#59     RenderProxyBoxMixin.performLayout (package:flutter/src/rendering/proxy_box.dart:115:18)
#60     RenderObject.layout (package:flutter/src/rendering/object.dart:2775:7)
#61     RenderProxyBoxMixin.performLayout (package:flutter/src/rendering/proxy_box.dart:115:18)
#62     RenderObject.layout (package:flutter/src/rendering/object.dart:2775:7)
#63     RenderProxyBoxMixin.performLayout (package:flutter/src/rendering/proxy_box.dart:115:18)
#64     RenderObject.layout (package:flutter/src/rendering/object.dart:2775:7)
#65     RenderProxyBoxMixin.performLayout (package:flutter/src/rendering/proxy_box.dart:115:18)
#66     RenderObject.layout (package:flutter/src/rendering/object.dart:2775:7)
#67     RenderProxyBoxMixin.performLayout (package:flutter/src/rendering/proxy_box.dart:115:18)
#68     RenderObject.layout (package:flutter/src/rendering/object.dart:2775:7)
#69     RenderProxyBoxMixin.performLayout (package:flutter/src/rendering/proxy_box.dart:115:18)
#70     RenderObject.layout (package:flutter/src/rendering/object.dart:2775:7)
#71     RenderProxyBoxMixin.performLayout (package:flutter/src/rendering/proxy_box.dart:115:18)
#72     RenderObject.layout (package:flutter/src/rendering/object.dart:2775:7)
#73     RenderProxyBoxMixin.performLayout (package:flutter/src/rendering/proxy_box.dart:115:18)
#74     RenderOffstage.performLayout (package:flutter/src/rendering/proxy_box.dart:3848:13)
#75     RenderObject.layout (package:flutter/src/rendering/object.dart:2775:7)
#76     RenderProxyBoxMixin.performLayout (package:flutter/src/rendering/proxy_box.dart:115:18)
#77     RenderObject.layout (package:flutter/src/rendering/object.dart:2775:7)
#78     _RenderTheaterMixin.layoutChild (package:flutter/src/widgets/overlay.dart:1084:13)
#79     _RenderTheater.performLayout (package:flutter/src/widgets/overlay.dart:1429:9)
#80     RenderObject.layout (package:flutter/src/rendering/object.dart:2775:7)
#81     RenderProxyBoxMixin.performLayout (package:flutter/src/rendering/proxy_box.dart:115:18)
#82     RenderObject.layout (package:flutter/src/rendering/object.dart:2775:7)
#83     RenderProxyBoxMixin.performLayout (package:flutter/src/rendering/proxy_box.dart:115:18)
#84     RenderObject.layout (package:flutter/src/rendering/object.dart:2775:7)
#85     RenderProxyBoxMixin.performLayout (package:flutter/src/rendering/proxy_box.dart:115:18)
#86     RenderObject.layout (package:flutter/src/rendering/object.dart:2775:7)
#87     RenderProxyBoxMixin.performLayout (package:flutter/src/rendering/proxy_box.dart:115:18)
#88     RenderCustomPaint.performLayout (package:flutter/src/rendering/custom_paint.dart:574:11)
#89     RenderObject.layout (package:flutter/src/rendering/object.dart:2775:7)
#90     RenderProxyBoxMixin.performLayout (package:flutter/src/rendering/proxy_box.dart:115:18)
#91     RenderObject.layout (package:flutter/src/rendering/object.dart:2775:7)
#92     RenderProxyBoxMixin.performLayout (package:flutter/src/rendering/proxy_box.dart:115:18)
#93     RenderObject.layout (package:flutter/src/rendering/object.dart:2775:7)
#94     RenderProxyBoxMixin.performLayout (package:flutter/src/rendering/proxy_box.dart:115:18)
#95     RenderObject.layout (package:flutter/src/rendering/object.dart:2775:7)
#96     RenderProxyBoxMixin.performLayout (package:flutter/src/rendering/proxy_box.dart:115:18)
#97     RenderObject.layout (package:flutter/src/rendering/object.dart:2775:7)
#98     RenderProxyBoxMixin.performLayout (package:flutter/src/rendering/proxy_box.dart:115:18)
#99     RenderObject.layout (package:flutter/src/rendering/object.dart:2775:7)
#100    RenderProxyBoxMixin.performLayout (package:flutter/src/rendering/proxy_box.dart:115:18)
#101    RenderObject.layout (package:flutter/src/rendering/object.dart:2775:7)
#102    RenderView.performLayout (package:flutter/src/rendering/view.dart:294:12)
#103    RenderObject._layoutWithoutResize (package:flutter/src/rendering/object.dart:2623:7)
#104    PipelineOwner.flushLayout (package:flutter/src/rendering/object.dart:1170:18)
#105    PipelineOwner.flushLayout (package:flutter/src/rendering/object.dart:1183:15)
#106    AutomatedTestWidgetsFlutterBinding.drawFrame (package:flutter_test/src/binding.dart:1508:27)
#107    RendererBinding._handlePersistentFrameCallback (package:flutter/src/rendering/binding.dart:495:5)
#108    SchedulerBinding._invokeFrameCallback (package:flutter/src/scheduler/binding.dart:1434:15)
#109    SchedulerBinding.handleDrawFrame (package:flutter/src/scheduler/binding.dart:1347:9)
#110    AutomatedTestWidgetsFlutterBinding.pump.<anonymous closure> (package:flutter_test/src/binding.dart:1335:9)
#113    TestAsyncUtils.guard (package:flutter_test/src/test_async_utils.dart:74:41)
#114    AutomatedTestWidgetsFlutterBinding.pump (package:flutter_test/src/binding.dart:1324:27)
#115    WidgetTester.pumpWidget.<anonymous closure> (package:flutter_test/src/widget_tester.dart:598:22)
#118    TestAsyncUtils.guard (package:flutter_test/src/test_async_utils.dart:74:41)
#119    WidgetTester.pumpWidget (package:flutter_test/src/widget_tester.dart:595:27)
#120    main.<anonymous closure> (file:///C:/swe_flutter/test/marketing_home_page_test.dart:9:18)
#121    testWidgets.<anonymous closure>.<anonymous closure> (package:flutter_test/src/widget_tester.dart:192:29)
<asynchronous suspension>
#122    TestWidgetsFlutterBinding._runTestBody (package:flutter_test/src/binding.dart:1059:5)
<asynchronous suspension>
<asynchronous suspension>
(elided 5 frames from dart:async and package:stack_trace)

The following RenderObject was being processed when the exception was fired: RenderConstrainedBox#2dee5 relayoutBoundary=up12 NEEDS-LAYOUT NEEDS-PAINT NEEDS-COMPOSITING-BITS-UPDATE:
  creator: ConstrainedBox ΓåÉ Container ΓåÉ Column ΓåÉ _SingleChildViewport ΓåÉ
    IgnorePointer-[GlobalKey#733f4] ΓåÉ Semantics ΓåÉ Listener ΓåÉ _GestureSemantics ΓåÉ
    RawGestureDetector-[LabeledGlobalKey<RawGestureDetectorState>#a3f89] ΓåÉ Listener ΓåÉ _ScrollableScope
    ΓåÉ _ScrollSemantics-[GlobalKey#385de] ΓåÉ Γï»
  parentData: offset=Offset(0.0, 0.0); flex=null; fit=null (can use size)
  constraints: BoxConstraints(0.0<=w<=800.0, 0.0<=h<=Infinity)
  size: Size(800.0, Infinity)
  additionalConstraints: BoxConstraints(0.0<=w<=Infinity, 600.0<=h<=Infinity)
This RenderObject had the following descendants (showing up to depth 5):
    child: RenderPadding#204b2 relayoutBoundary=up13 NEEDS-PAINT NEEDS-COMPOSITING-BITS-UPDATE
      child: _RenderLayoutBuilder#18729 relayoutBoundary=up14 NEEDS-PAINT NEEDS-COMPOSITING-BITS-UPDATE
        child: RenderFlex#55f78 relayoutBoundary=up15 NEEDS-PAINT NEEDS-COMPOSITING-BITS-UPDATE
          child 1: RenderFlex#ffee9 relayoutBoundary=up16 NEEDS-PAINT NEEDS-COMPOSITING-BITS-UPDATE
            child 1: RenderDecoratedBox#e5754 relayoutBoundary=up17 NEEDS-PAINT NEEDS-COMPOSITING-BITS-UPDATE
            child 2: RenderConstrainedBox#ab304 relayoutBoundary=up17 NEEDS-PAINT
            child 3: RenderShaderMask#4282f relayoutBoundary=up17 NEEDS-PAINT NEEDS-COMPOSITING-BITS-UPDATE
            child 4: RenderParagraph#ecbc1 relayoutBoundary=up17 NEEDS-PAINT
            child 5: RenderConstrainedBox#6e55b relayoutBoundary=up17 NEEDS-PAINT
            child 6: RenderParagraph#e0a7a relayoutBoundary=up17 NEEDS-PAINT
            child 7: RenderConstrainedBox#58690 relayoutBoundary=up17 NEEDS-PAINT
            child 8: RenderWrap#57b38 relayoutBoundary=up17 NEEDS-PAINT NEEDS-COMPOSITING-BITS-UPDATE
          child 2: RenderConstrainedBox#e04d2 relayoutBoundary=up16 NEEDS-PAINT
          child 3: RenderCustomMultiChildLayoutBox#e5bd4 relayoutBoundary=up16 NEEDS-PAINT NEEDS-COMPOSITING-BITS-UPDATE
            child 1: RenderWrap#14217 NEEDS-LAYOUT NEEDS-PAINT NEEDS-COMPOSITING-BITS-UPDATE
ΓòÉΓòÉΓòÉΓòÉΓòÉΓòÉΓòÉΓòÉΓòÉΓòÉΓòÉΓòÉΓòÉΓòÉΓòÉΓòÉΓòÉΓòÉΓòÉΓòÉΓòÉΓòÉΓòÉΓòÉΓòÉΓòÉΓòÉΓòÉΓòÉΓòÉΓòÉΓòÉΓòÉΓòÉΓòÉΓòÉΓòÉΓòÉΓòÉΓòÉΓòÉΓòÉΓòÉΓòÉΓòÉΓòÉΓòÉΓòÉΓòÉΓòÉΓòÉΓòÉΓòÉΓòÉΓòÉΓòÉΓòÉΓòÉΓòÉΓòÉΓòÉΓòÉΓòÉΓòÉΓòÉΓòÉΓòÉΓòÉΓòÉΓòÉΓòÉΓòÉΓòÉΓòÉΓòÉΓòÉΓòÉΓòÉΓòÉΓòÉΓòÉΓòÉΓòÉΓòÉΓòÉΓòÉΓòÉΓòÉΓòÉΓòÉΓòÉΓòÉΓòÉΓòÉΓòÉΓòÉΓòÉΓòÉΓòÉΓòÉ
ΓòÉΓòÉΓòí EXCEPTION CAUGHT BY RENDERING LIBRARY Γò₧ΓòÉΓòÉΓòÉΓòÉΓòÉΓòÉΓòÉΓòÉΓòÉΓòÉΓòÉΓòÉΓòÉΓòÉΓòÉΓòÉΓòÉΓòÉΓòÉΓòÉΓòÉΓòÉΓòÉΓòÉΓòÉΓòÉΓòÉΓòÉΓòÉΓòÉΓòÉΓòÉΓòÉΓòÉΓòÉΓòÉΓòÉΓòÉΓòÉΓòÉΓòÉΓòÉΓòÉΓòÉΓòÉΓòÉΓòÉΓòÉΓòÉΓòÉΓòÉΓòÉΓòÉΓòÉΓòÉΓòÉΓòÉ
The following assertion was thrown during performLayout():
RenderFlex object was given an infinite size during layout.
This probably means that it is a render object that tries to be as big as possible, but it was put
inside another render object that allows its children to pick their own size.
The nearest ancestor providing an unbounded height constraint is: _RenderSingleChildViewport#1fb7e relayoutBoundary=up10 NEEDS-LAYOUT NEEDS-PAINT NEEDS-COMPOSITING-BITS-UPDATE:
  needs compositing
  creator: _SingleChildViewport ΓåÉ IgnorePointer-[GlobalKey#733f4] ΓåÉ Semantics ΓåÉ Listener ΓåÉ
    _GestureSemantics ΓåÉ RawGestureDetector-[LabeledGlobalKey<RawGestureDetectorState>#a3f89] ΓåÉ
    Listener ΓåÉ _ScrollableScope ΓåÉ _ScrollSemantics-[GlobalKey#385de] ΓåÉ
    NotificationListener<ScrollMetricsNotification> ΓåÉ Transform ΓåÉ StretchEffect ΓåÉ Γï»
  parentData: <none> (can use size)
  constraints: BoxConstraints(0.0<=w<=800.0, 0.0<=h<=600.0)
  size: MISSING
  offset: Offset(0.0, -0.0)
The constraints that applied to the RenderFlex were:
  BoxConstraints(0.0<=w<=800.0, 0.0<=h<=Infinity)
The exact size it was given was:
  Size(800.0, Infinity)
See https://flutter.dev/to/unbounded-constraints for more information.

The relevant error-causing widget was:
  Column Column:file:///C:/swe_flutter/lib/screens/marketing_home_page.dart:71:20

When the exception was thrown, this was the stack:
#0      RenderBox.debugAssertDoesMeetConstraints.<anonymous closure> (package:flutter/src/rendering/box.dart:2620:9)
#1      RenderBox.debugAssertDoesMeetConstraints (package:flutter/src/rendering/box.dart:2771:6)
#2      RenderBox.size=.<anonymous closure> (package:flutter/src/rendering/box.dart:2363:7)
#3      RenderBox.size= (package:flutter/src/rendering/box.dart:2365:6)
#4      RenderFlex.performLayout (package:flutter/src/rendering/flex.dart:1264:5)
#5      RenderObject.layout (package:flutter/src/rendering/object.dart:2775:7)
#6      _RenderSingleChildViewport.performLayout (package:flutter/src/widgets/single_child_scroll_view.dart:502:14)
#7      RenderObject.layout (package:flutter/src/rendering/object.dart:2775:7)
#8      RenderProxyBoxMixin.performLayout (package:flutter/src/rendering/proxy_box.dart:115:18)
#9      RenderObject.layout (package:flutter/src/rendering/object.dart:2775:7)
#10     RenderProxyBoxMixin.performLayout (package:flutter/src/rendering/proxy_box.dart:115:18)
#11     RenderObject.layout (package:flutter/src/rendering/object.dart:2775:7)
#12     RenderProxyBoxMixin.performLayout (package:flutter/src/rendering/proxy_box.dart:115:18)
#13     RenderObject.layout (package:flutter/src/rendering/object.dart:2775:7)
#14     RenderProxyBoxMixin.performLayout (package:flutter/src/rendering/proxy_box.dart:115:18)
#15     RenderObject.layout (package:flutter/src/rendering/object.dart:2775:7)
#16     RenderProxyBoxMixin.performLayout (package:flutter/src/rendering/proxy_box.dart:115:18)
#17     RenderObject.layout (package:flutter/src/rendering/object.dart:2775:7)
#18     RenderProxyBoxMixin.performLayout (package:flutter/src/rendering/proxy_box.dart:115:18)
#19     RenderObject.layout (package:flutter/src/rendering/object.dart:2775:7)
#20     RenderProxyBoxMixin.performLayout (package:flutter/src/rendering/proxy_box.dart:115:18)
#21     RenderObject.layout (package:flutter/src/rendering/object.dart:2775:7)
#22     RenderProxyBoxMixin.performLayout (package:flutter/src/rendering/proxy_box.dart:115:18)
#23     _RenderCustomClip.performLayout (package:flutter/src/rendering/proxy_box.dart:1481:11)
#24     RenderObject.layout (package:flutter/src/rendering/object.dart:2775:7)
#25     ChildLayoutHelper.layoutChild (package:flutter/src/rendering/layout_helper.dart:62:11)
#26     RenderStack._computeSize (package:flutter/src/rendering/stack.dart:645:43)
#27     RenderStack.performLayout (package:flutter/src/rendering/stack.dart:680:12)
#28     RenderObject.layout (package:flutter/src/rendering/object.dart:2775:7)
#29     MultiChildLayoutDelegate.layoutChild (package:flutter/src/rendering/custom_layout.dart:180:12)
#30     _ScaffoldLayout.performLayout (package:flutter/src/material/scaffold.dart:1112:7)
#31     MultiChildLayoutDelegate._callPerformLayout (package:flutter/src/rendering/custom_layout.dart:249:7)
#32     RenderCustomMultiChildLayoutBox.performLayout (package:flutter/src/rendering/custom_layout.dart:420:14)
#33     RenderObject.layout (package:flutter/src/rendering/object.dart:2775:7)
#34     RenderProxyBoxMixin.performLayout (package:flutter/src/rendering/proxy_box.dart:115:18)
#35     RenderObject.layout (package:flutter/src/rendering/object.dart:2775:7)
#36     RenderProxyBoxMixin.performLayout (package:flutter/src/rendering/proxy_box.dart:115:18)
#37     _RenderCustomClip.performLayout (package:flutter/src/rendering/proxy_box.dart:1481:11)
#38     RenderObject.layout (package:flutter/src/rendering/object.dart:2775:7)
#39     RenderProxyBoxMixin.performLayout (package:flutter/src/rendering/proxy_box.dart:115:18)
#40     RenderObject.layout (package:flutter/src/rendering/object.dart:2775:7)
#41     RenderProxyBoxMixin.performLayout (package:flutter/src/rendering/proxy_box.dart:115:18)
#42     RenderObject.layout (package:flutter/src/rendering/object.dart:2775:7)
#43     RenderProxyBoxMixin.performLayout (package:flutter/src/rendering/proxy_box.dart:115:18)
#44     RenderObject.layout (package:flutter/src/rendering/object.dart:2775:7)
#45     RenderProxyBoxMixin.performLayout (package:flutter/src/rendering/proxy_box.dart:115:18)
#46     RenderObject.layout (package:flutter/src/rendering/object.dart:2775:7)
#47     RenderProxyBoxMixin.performLayout (package:flutter/src/rendering/proxy_box.dart:115:18)
#48     RenderObject.layout (package:flutter/src/rendering/object.dart:2775:7)
#49     RenderProxyBoxMixin.performLayout (package:flutter/src/rendering/proxy_box.dart:115:18)
#50     RenderObject.layout (package:flutter/src/rendering/object.dart:2775:7)
#51     RenderProxyBoxMixin.performLayout (package:flutter/src/rendering/proxy_box.dart:115:18)
#52     RenderObject.layout (package:flutter/src/rendering/object.dart:2775:7)
#53     RenderProxyBoxMixin.performLayout (package:flutter/src/rendering/proxy_box.dart:115:18)
#54     RenderObject.layout (package:flutter/src/rendering/object.dart:2775:7)
#55     RenderProxyBoxMixin.performLayout (package:flutter/src/rendering/proxy_box.dart:115:18)
#56     RenderObject.layout (package:flutter/src/rendering/object.dart:2775:7)
#57     RenderProxyBoxMixin.performLayout (package:flutter/src/rendering/proxy_box.dart:115:18)
#58     RenderObject.layout (package:flutter/src/rendering/object.dart:2775:7)
#59     RenderProxyBoxMixin.performLayout (package:flutter/src/rendering/proxy_box.dart:115:18)
#60     RenderObject.layout (package:flutter/src/rendering/object.dart:2775:7)
#61     RenderProxyBoxMixin.performLayout (package:flutter/src/rendering/proxy_box.dart:115:18)
#62     RenderObject.layout (package:flutter/src/rendering/object.dart:2775:7)
#63     RenderProxyBoxMixin.performLayout (package:flutter/src/rendering/proxy_box.dart:115:18)
#64     RenderObject.layout (package:flutter/src/rendering/object.dart:2775:7)
#65     RenderProxyBoxMixin.performLayout (package:flutter/src/rendering/proxy_box.dart:115:18)
#66     RenderObject.layout (package:flutter/src/rendering/object.dart:2775:7)
#67     RenderProxyBoxMixin.performLayout (package:flutter/src/rendering/proxy_box.dart:115:18)
#68     RenderObject.layout (package:flutter/src/rendering/object.dart:2775:7)
#69     RenderProxyBoxMixin.performLayout (package:flutter/src/rendering/proxy_box.dart:115:18)
#70     RenderOffstage.performLayout (package:flutter/src/rendering/proxy_box.dart:3848:13)
#71     RenderObject.layout (package:flutter/src/rendering/object.dart:2775:7)
#72     RenderProxyBoxMixin.performLayout (package:flutter/src/rendering/proxy_box.dart:115:18)
#73     RenderObject.layout (package:flutter/src/rendering/object.dart:2775:7)
#74     _RenderTheaterMixin.layoutChild (package:flutter/src/widgets/overlay.dart:1084:13)
#75     _RenderTheater.performLayout (package:flutter/src/widgets/overlay.dart:1429:9)
#76     RenderObject.layout (package:flutter/src/rendering/object.dart:2775:7)
#77     RenderProxyBoxMixin.performLayout (package:flutter/src/rendering/proxy_box.dart:115:18)
#78     RenderObject.layout (package:flutter/src/rendering/object.dart:2775:7)
#79     RenderProxyBoxMixin.performLayout (package:flutter/src/rendering/proxy_box.dart:115:18)
#80     RenderObject.layout (package:flutter/src/rendering/object.dart:2775:7)
#81     RenderProxyBoxMixin.performLayout (package:flutter/src/rendering/proxy_box.dart:115:18)
#82     RenderObject.layout (package:flutter/src/rendering/object.dart:2775:7)
#83     RenderProxyBoxMixin.performLayout (package:flutter/src/rendering/proxy_box.dart:115:18)
#84     RenderCustomPaint.performLayout (package:flutter/src/rendering/custom_paint.dart:574:11)
#85     RenderObject.layout (package:flutter/src/rendering/object.dart:2775:7)
#86     RenderProxyBoxMixin.performLayout (package:flutter/src/rendering/proxy_box.dart:115:18)
#87     RenderObject.layout (package:flutter/src/rendering/object.dart:2775:7)
#88     RenderProxyBoxMixin.performLayout (package:flutter/src/rendering/proxy_box.dart:115:18)
#89     RenderObject.layout (package:flutter/src/rendering/object.dart:2775:7)
#90     RenderProxyBoxMixin.performLayout (package:flutter/src/rendering/proxy_box.dart:115:18)
#91     RenderObject.layout (package:flutter/src/rendering/object.dart:2775:7)
#92     RenderProxyBoxMixin.performLayout (package:flutter/src/rendering/proxy_box.dart:115:18)
#93     RenderObject.layout (package:flutter/src/rendering/object.dart:2775:7)
#94     RenderProxyBoxMixin.performLayout (package:flutter/src/rendering/proxy_box.dart:115:18)
#95     RenderObject.layout (package:flutter/src/rendering/object.dart:2775:7)
#96     RenderProxyBoxMixin.performLayout (package:flutter/src/rendering/proxy_box.dart:115:18)
#97     RenderObject.layout (package:flutter/src/rendering/object.dart:2775:7)
#98     RenderView.performLayout (package:flutter/src/rendering/view.dart:294:12)
#99     RenderObject._layoutWithoutResize (package:flutter/src/rendering/object.dart:2623:7)
#100    PipelineOwner.flushLayout (package:flutter/src/rendering/object.dart:1170:18)
#101    PipelineOwner.flushLayout (package:flutter/src/rendering/object.dart:1183:15)
#102    AutomatedTestWidgetsFlutterBinding.drawFrame (package:flutter_test/src/binding.dart:1508:27)
#103    RendererBinding._handlePersistentFrameCallback (package:flutter/src/rendering/binding.dart:495:5)
#104    SchedulerBinding._invokeFrameCallback (package:flutter/src/scheduler/binding.dart:1434:15)
#105    SchedulerBinding.handleDrawFrame (package:flutter/src/scheduler/binding.dart:1347:9)
#106    AutomatedTestWidgetsFlutterBinding.pump.<anonymous closure> (package:flutter_test/src/binding.dart:1335:9)
#109    TestAsyncUtils.guard (package:flutter_test/src/test_async_utils.dart:74:41)
#110    AutomatedTestWidgetsFlutterBinding.pump (package:flutter_test/src/binding.dart:1324:27)
#111    WidgetTester.pumpWidget.<anonymous closure> (package:flutter_test/src/widget_tester.dart:598:22)
#114    TestAsyncUtils.guard (package:flutter_test/src/test_async_utils.dart:74:41)
#115    WidgetTester.pumpWidget (package:flutter_test/src/widget_tester.dart:595:27)
#116    main.<anonymous closure> (file:///C:/swe_flutter/test/marketing_home_page_test.dart:9:18)
#117    testWidgets.<anonymous closure>.<anonymous closure> (package:flutter_test/src/widget_tester.dart:192:29)
<asynchronous suspension>
#118    TestWidgetsFlutterBinding._runTestBody (package:flutter_test/src/binding.dart:1059:5)
<asynchronous suspension>
<asynchronous suspension>
(elided 5 frames from dart:async and package:stack_trace)

The following RenderObject was being processed when the exception was fired: RenderFlex#35101 relayoutBoundary=up11 NEEDS-LAYOUT NEEDS-PAINT NEEDS-COMPOSITING-BITS-UPDATE:
  creator: Column ΓåÉ _SingleChildViewport ΓåÉ IgnorePointer-[GlobalKey#733f4] ΓåÉ Semantics ΓåÉ Listener ΓåÉ
    _GestureSemantics ΓåÉ RawGestureDetector-[LabeledGlobalKey<RawGestureDetectorState>#a3f89] ΓåÉ
    Listener ΓåÉ _ScrollableScope ΓåÉ _ScrollSemantics-[GlobalKey#385de] ΓåÉ
    NotificationListener<ScrollMetricsNotification> ΓåÉ Transform ΓåÉ Γï»
  parentData: <none> (can use size)
  constraints: BoxConstraints(0.0<=w<=800.0, 0.0<=h<=Infinity)
  size: Size(800.0, Infinity)
  direction: vertical
  mainAxisAlignment: start
  mainAxisSize: max
  crossAxisAlignment: center
  verticalDirection: down
  spacing: 0.0
This RenderObject had the following descendants (showing up to depth 5):
    child 1: RenderConstrainedBox#2dee5 relayoutBoundary=up12 NEEDS-PAINT NEEDS-COMPOSITING-BITS-UPDATE
      child: RenderPadding#204b2 relayoutBoundary=up13 NEEDS-PAINT NEEDS-COMPOSITING-BITS-UPDATE
        child: _RenderLayoutBuilder#18729 relayoutBoundary=up14 NEEDS-PAINT NEEDS-COMPOSITING-BITS-UPDATE
          child: RenderFlex#55f78 relayoutBoundary=up15 NEEDS-PAINT NEEDS-COMPOSITING-BITS-UPDATE
            child 1: RenderFlex#ffee9 relayoutBoundary=up16 NEEDS-PAINT NEEDS-COMPOSITING-BITS-UPDATE
            child 2: RenderConstrainedBox#e04d2 relayoutBoundary=up16 NEEDS-PAINT
            child 3: RenderCustomMultiChildLayoutBox#e5bd4 relayoutBoundary=up16 NEEDS-PAINT NEEDS-COMPOSITING-BITS-UPDATE
    child 2: RenderPadding#05218 relayoutBoundary=up12 NEEDS-PAINT NEEDS-COMPOSITING-BITS-UPDATE
      child: RenderFlex#2d29b relayoutBoundary=up13 NEEDS-PAINT NEEDS-COMPOSITING-BITS-UPDATE
        child 1: RenderDecoratedBox#ef842 relayoutBoundary=up14 NEEDS-PAINT NEEDS-COMPOSITING-BITS-UPDATE
          child: RenderPadding#500ca relayoutBoundary=up15 NEEDS-PAINT NEEDS-COMPOSITING-BITS-UPDATE
            child: RenderParagraph#d7180 relayoutBoundary=up16 NEEDS-PAINT
        child 2: RenderConstrainedBox#634d2 relayoutBoundary=up14 NEEDS-PAINT
        child 3: RenderParagraph#f12c2 relayoutBoundary=up14 NEEDS-PAINT
          text: TextSpan
        child 4: RenderConstrainedBox#7c041 relayoutBoundary=up14 NEEDS-PAINT
        child 5: _RenderLayoutBuilder#c4439 relayoutBoundary=up14 NEEDS-PAINT NEEDS-COMPOSITING-BITS-UPDATE
          child: RenderWrap#d13f3 relayoutBoundary=up15 NEEDS-PAINT NEEDS-COMPOSITING-BITS-UPDATE
            child 1: RenderConstrainedBox#aa845 relayoutBoundary=up16 NEEDS-PAINT NEEDS-COMPOSITING-BITS-UPDATE
            child 2: RenderConstrainedBox#c8070 relayoutBoundary=up16 NEEDS-PAINT NEEDS-COMPOSITING-BITS-UPDATE
            child 3: RenderConstrainedBox#6af00 relayoutBoundary=up16 NEEDS-PAINT NEEDS-COMPOSITING-BITS-UPDATE
            child 4: RenderConstrainedBox#abd53 relayoutBoundary=up16 NEEDS-PAINT NEEDS-COMPOSITING-BITS-UPDATE
    child 3: RenderPadding#dfade relayoutBoundary=up12 NEEDS-PAINT NEEDS-COMPOSITING-BITS-UPDATE
      child: RenderFlex#9b350 relayoutBoundary=up13 NEEDS-PAINT NEEDS-COMPOSITING-BITS-UPDATE
        child 1: RenderParagraph#2ec5d relayoutBoundary=up14 NEEDS-PAINT
          text: TextSpan
        child 2: RenderConstrainedBox#cf964 relayoutBoundary=up14 NEEDS-PAINT
    ...(descendants list truncated after 25 lines)
ΓòÉΓòÉΓòÉΓòÉΓòÉΓòÉΓòÉΓòÉΓòÉΓòÉΓòÉΓòÉΓòÉΓòÉΓòÉΓòÉΓòÉΓòÉΓòÉΓòÉΓòÉΓòÉΓòÉΓòÉΓòÉΓòÉΓòÉΓòÉΓòÉΓòÉΓòÉΓòÉΓòÉΓòÉΓòÉΓòÉΓòÉΓòÉΓòÉΓòÉΓòÉΓòÉΓòÉΓòÉΓòÉΓòÉΓòÉΓòÉΓòÉΓòÉΓòÉΓòÉΓòÉΓòÉΓòÉΓòÉΓòÉΓòÉΓòÉΓòÉΓòÉΓòÉΓòÉΓòÉΓòÉΓòÉΓòÉΓòÉΓòÉΓòÉΓòÉΓòÉΓòÉΓòÉΓòÉΓòÉΓòÉΓòÉΓòÉΓòÉΓòÉΓòÉΓòÉΓòÉΓòÉΓòÉΓòÉΓòÉΓòÉΓòÉΓòÉΓòÉΓòÉΓòÉΓòÉΓòÉΓòÉΓòÉΓòÉΓòÉ
ΓòÉΓòÉΓòí EXCEPTION CAUGHT BY SCHEDULER LIBRARY Γò₧ΓòÉΓòÉΓòÉΓòÉΓòÉΓòÉΓòÉΓòÉΓòÉΓòÉΓòÉΓòÉΓòÉΓòÉΓòÉΓòÉΓòÉΓòÉΓòÉΓòÉΓòÉΓòÉΓòÉΓòÉΓòÉΓòÉΓòÉΓòÉΓòÉΓòÉΓòÉΓòÉΓòÉΓòÉΓòÉΓòÉΓòÉΓòÉΓòÉΓòÉΓòÉΓòÉΓòÉΓòÉΓòÉΓòÉΓòÉΓòÉΓòÉΓòÉΓòÉΓòÉΓòÉΓòÉΓòÉΓòÉΓòÉ
The following assertion was thrown during a scheduler callback:
'package:flutter/src/rendering/object.dart': Failed assertion: line 5696 pos 14:
'!childSemantics.renderObject._needsLayout': is not true.

Either the assertion indicates an error in the framework itself, or we should provide substantially
more information in this error message to help you determine and fix the underlying cause.
In either case, please report this assertion by filing a bug on GitHub:
  https://github.com/flutter/flutter/issues/new?template=02_bug.yml

When the exception was thrown, this was the stack:
#2      _RenderObjectSemantics._collectChildMergeUpAndSiblingGroup (package:flutter/src/rendering/object.dart:5696:14)
#3      _RenderObjectSemantics.updateChildren (package:flutter/src/rendering/object.dart:5573:50)
#4      _RenderObjectSemantics._didUpdateParentData (package:flutter/src/rendering/object.dart:5774:5)
#5      _RenderObjectSemantics._collectChildMergeUpAndSiblingGroup (package:flutter/src/rendering/object.dart:5697:22)
#6      _RenderObjectSemantics.updateChildren (package:flutter/src/rendering/object.dart:5573:50)
#7      _RenderObjectSemantics._didUpdateParentData (package:flutter/src/rendering/object.dart:5774:5)
#8      _RenderObjectSemantics._collectChildMergeUpAndSiblingGroup (package:flutter/src/rendering/object.dart:5697:22)
#9      _RenderObjectSemantics.updateChildren (package:flutter/src/rendering/object.dart:5573:50)
#10     _RenderObjectSemantics._didUpdateParentData (package:flutter/src/rendering/object.dart:5774:5)
#11     _RenderObjectSemantics._collectChildMergeUpAndSiblingGroup (package:flutter/src/rendering/object.dart:5697:22)
#12     _RenderObjectSemantics.updateChildren (package:flutter/src/rendering/object.dart:5573:50)
#13     _RenderObjectSemantics._didUpdateParentData (package:flutter/src/rendering/object.dart:5774:5)
#14     _RenderObjectSemantics._collectChildMergeUpAndSiblingGroup (package:flutter/src/rendering/object.dart:5697:22)
#15     _RenderObjectSemantics.updateChildren (package:flutter/src/rendering/object.dart:5573:50)
#16     _RenderObjectSemantics._didUpdateParentData (package:flutter/src/rendering/object.dart:5774:5)
#17     _RenderObjectSemantics._collectChildMergeUpAndSiblingGroup (package:flutter/src/rendering/object.dart:5697:22)
#18     _RenderObjectSemantics.updateChildren (package:flutter/src/rendering/object.dart:5573:50)
#19     _RenderObjectSemantics._didUpdateParentData (package:flutter/src/rendering/object.dart:5774:5)
#20     _RenderObjectSemantics._collectChildMergeUpAndSiblingGroup (package:flutter/src/rendering/object.dart:5697:22)
#21     _RenderObjectSemantics.updateChildren (package:flutter/src/rendering/object.dart:5573:50)
#22     _RenderObjectSemantics._didUpdateParentData (package:flutter/src/rendering/object.dart:5774:5)
#23     _RenderObjectSemantics._collectChildMergeUpAndSiblingGroup (package:flutter/src/rendering/object.dart:5697:22)
#24     _RenderObjectSemantics.updateChildren (package:flutter/src/rendering/object.dart:5573:50)
#25     _RenderObjectSemantics._didUpdateParentData (package:flutter/src/rendering/object.dart:5774:5)
#26     _RenderObjectSemantics._collectChildMergeUpAndSiblingGroup (package:flutter/src/rendering/object.dart:5697:22)
#27     _RenderObjectSemantics.updateChildren (package:flutter/src/rendering/object.dart:5573:50)
#28     _RenderObjectSemantics._didUpdateParentData (package:flutter/src/rendering/object.dart:5774:5)
#29     _RenderObjectSemantics._collectChildMergeUpAndSiblingGroup (package:flutter/src/rendering/object.dart:5697:22)
#30     _RenderObjectSemantics.updateChildren (package:flutter/src/rendering/object.dart:5573:50)
#31     _RenderObjectSemantics._didUpdateParentData (package:flutter/src/rendering/object.dart:5774:5)
#32     _RenderObjectSemantics._collectChildMergeUpAndSiblingGroup (package:flutter/src/rendering/object.dart:5697:22)
#33     _RenderObjectSemantics.updateChildren (package:flutter/src/rendering/object.dart:5573:50)
#34     _RenderObjectSemantics._didUpdateParentData (package:flutter/src/rendering/object.dart:5774:5)
#35     _RenderObjectSemantics._collectChildMergeUpAndSiblingGroup (package:flutter/src/rendering/object.dart:5697:22)
#36     _RenderObjectSemantics.updateChildren (package:flutter/src/rendering/object.dart:5573:50)
#37     _RenderObjectSemantics._didUpdateParentData (package:flutter/src/rendering/object.dart:5774:5)
#38     _RenderObjectSemantics._collectChildMergeUpAndSiblingGroup (package:flutter/src/rendering/object.dart:5697:22)
#39     _RenderObjectSemantics.updateChildren (package:flutter/src/rendering/object.dart:5573:50)
#40     _RenderObjectSemantics._didUpdateParentData (package:flutter/src/rendering/object.dart:5774:5)
#41     _RenderObjectSemantics._collectChildMergeUpAndSiblingGroup (package:flutter/src/rendering/object.dart:5697:22)
#42     _RenderObjectSemantics.updateChildren (package:flutter/src/rendering/object.dart:5573:50)
#43     _RenderObjectSemantics._didUpdateParentData (package:flutter/src/rendering/object.dart:5774:5)
#44     _RenderObjectSemantics._collectChildMergeUpAndSiblingGroup (package:flutter/src/rendering/object.dart:5697:22)
#45     _RenderObjectSemantics.updateChildren (package:flutter/src/rendering/object.dart:5573:50)
#46     _RenderObjectSemantics._didUpdateParentData (package:flutter/src/rendering/object.dart:5774:5)
#47     _RenderObjectSemantics._collectChildMergeUpAndSiblingGroup (package:flutter/src/rendering/object.dart:5697:22)
#48     _RenderObjectSemantics.updateChildren (package:flutter/src/rendering/object.dart:5573:50)
#49     _RenderObjectSemantics._didUpdateParentData (package:flutter/src/rendering/object.dart:5774:5)
#50     _RenderObjectSemantics._collectChildMergeUpAndSiblingGroup (package:flutter/src/rendering/object.dart:5697:22)
#51     _RenderObjectSemantics.updateChildren (package:flutter/src/rendering/object.dart:5573:50)
#52     _RenderObjectSemantics._didUpdateParentData (package:flutter/src/rendering/object.dart:5774:5)
#53     _RenderObjectSemantics._collectChildMergeUpAndSiblingGroup (package:flutter/src/rendering/object.dart:5697:22)
#54     _RenderObjectSemantics.updateChildren (package:flutter/src/rendering/object.dart:5573:50)
#55     _RenderObjectSemantics._didUpdateParentData (package:flutter/src/rendering/object.dart:5774:5)
#56     _RenderObjectSemantics._collectChildMergeUpAndSiblingGroup (package:flutter/src/rendering/object.dart:5697:22)
#57     _RenderObjectSemantics.updateChildren (package:flutter/src/rendering/object.dart:5573:50)
#58     _RenderObjectSemantics._didUpdateParentData (package:flutter/src/rendering/object.dart:5774:5)
#59     _RenderObjectSemantics._collectChildMergeUpAndSiblingGroup (package:flutter/src/rendering/object.dart:5697:22)
#60     _RenderObjectSemantics.updateChildren (package:flutter/src/rendering/object.dart:5573:50)
#61     _RenderObjectSemantics._didUpdateParentData (package:flutter/src/rendering/object.dart:5774:5)
#62     _RenderObjectSemantics._collectChildMergeUpAndSiblingGroup (package:flutter/src/rendering/object.dart:5697:22)
#63     _RenderObjectSemantics.updateChildren (package:flutter/src/rendering/object.dart:5573:50)
#64     _RenderObjectSemantics._didUpdateParentData (package:flutter/src/rendering/object.dart:5774:5)
#65     _RenderObjectSemantics._collectChildMergeUpAndSiblingGroup (package:flutter/src/rendering/object.dart:5697:22)
#66     _RenderObjectSemantics.updateChildren (package:flutter/src/rendering/object.dart:5573:50)
#67     _RenderObjectSemantics._didUpdateParentData (package:flutter/src/rendering/object.dart:5774:5)
#68     _RenderObjectSemantics._collectChildMergeUpAndSiblingGroup (package:flutter/src/rendering/object.dart:5697:22)
#69     _RenderObjectSemantics.updateChildren (package:flutter/src/rendering/object.dart:5573:50)
#70     _RenderObjectSemantics._didUpdateParentData (package:flutter/src/rendering/object.dart:5774:5)
#71     _RenderObjectSemantics._collectChildMergeUpAndSiblingGroup (package:flutter/src/rendering/object.dart:5697:22)
#72     _RenderObjectSemantics.updateChildren (package:flutter/src/rendering/object.dart:5573:50)
#73     _RenderObjectSemantics._didUpdateParentData (package:flutter/src/rendering/object.dart:5774:5)
#74     _RenderObjectSemantics._collectChildMergeUpAndSiblingGroup (package:flutter/src/rendering/object.dart:5697:22)
#75     _RenderObjectSemantics.updateChildren (package:flutter/src/rendering/object.dart:5573:50)
#76     _RenderObjectSemantics._didUpdateParentData (package:flutter/src/rendering/object.dart:5774:5)
#77     _RenderObjectSemantics._collectChildMergeUpAndSiblingGroup (package:flutter/src/rendering/object.dart:5697:22)
#78     _RenderObjectSemantics.updateChildren (package:flutter/src/rendering/object.dart:5573:50)
#79     _RenderObjectSemantics._didUpdateParentData (package:flutter/src/rendering/object.dart:5774:5)
#80     _RenderObjectSemantics._collectChildMergeUpAndSiblingGroup (package:flutter/src/rendering/object.dart:5697:22)
#81     _RenderObjectSemantics.updateChildren (package:flutter/src/rendering/object.dart:5573:50)
#82     _RenderObjectSemantics._didUpdateParentData (package:flutter/src/rendering/object.dart:5774:5)
#83     _RenderObjectSemantics._collectChildMergeUpAndSiblingGroup (package:flutter/src/rendering/object.dart:5697:22)
#84     _RenderObjectSemantics.updateChildren (package:flutter/src/rendering/object.dart:5573:50)
#85     _RenderObjectSemantics._didUpdateParentData (package:flutter/src/rendering/object.dart:5774:5)
#86     _RenderObjectSemantics._collectChildMergeUpAndSiblingGroup (package:flutter/src/rendering/object.dart:5697:22)
#87     _RenderObjectSemantics.updateChildren (package:flutter/src/rendering/object.dart:5573:50)
#88     _RenderObjectSemantics._didUpdateParentData (package:flutter/src/rendering/object.dart:5774:5)
#89     _RenderObjectSemantics._collectChildMergeUpAndSiblingGroup (package:flutter/src/rendering/object.dart:5697:22)
#90     _RenderObjectSemantics.updateChildren (package:flutter/src/rendering/object.dart:5573:50)
#91     _RenderObjectSemantics._didUpdateParentData (package:flutter/src/rendering/object.dart:5774:5)
#92     _RenderObjectSemantics._collectChildMergeUpAndSiblingGroup (package:flutter/src/rendering/object.dart:5697:22)
#93     _RenderObjectSemantics.updateChildren (package:flutter/src/rendering/object.dart:5573:50)
#94     _RenderObjectSemantics._didUpdateParentData (package:flutter/src/rendering/object.dart:5774:5)
#95     _RenderObjectSemantics._collectChildMergeUpAndSiblingGroup (package:flutter/src/rendering/object.dart:5697:22)
#96     _RenderObjectSemantics.updateChildren (package:flutter/src/rendering/object.dart:5573:50)
#97     _RenderObjectSemantics._didUpdateParentData (package:flutter/src/rendering/object.dart:5774:5)
#98     _RenderObjectSemantics._collectChildMergeUpAndSiblingGroup (package:flutter/src/rendering/object.dart:5697:22)
#99     _RenderObjectSemantics.updateChildren (package:flutter/src/rendering/object.dart:5573:50)
#100    _RenderObjectSemantics._didUpdateParentData (package:flutter/src/rendering/object.dart:5774:5)
#101    _RenderObjectSemantics._collectChildMergeUpAndSiblingGroup (package:flutter/src/rendering/object.dart:5697:22)
#102    _RenderObjectSemantics.updateChildren (package:flutter/src/rendering/object.dart:5573:50)
#103    _RenderObjectSemantics._didUpdateParentData (package:flutter/src/rendering/object.dart:5774:5)
#104    _RenderObjectSemantics._collectChildMergeUpAndSiblingGroup (package:flutter/src/rendering/object.dart:5697:22)
#105    _RenderObjectSemantics.updateChildren (package:flutter/src/rendering/object.dart:5573:50)
#106    _RenderObjectSemantics._didUpdateParentData (package:flutter/src/rendering/object.dart:5774:5)
#107    _RenderObjectSemantics._collectChildMergeUpAndSiblingGroup (package:flutter/src/rendering/object.dart:5697:22)
#108    _RenderObjectSemantics.updateChildren (package:flutter/src/rendering/object.dart:5573:50)
#109    _RenderObjectSemantics._didUpdateParentData (package:flutter/src/rendering/object.dart:5774:5)
#110    _RenderObjectSemantics._collectChildMergeUpAndSiblingGroup (package:flutter/src/rendering/object.dart:5697:22)
#111    _RenderObjectSemantics.updateChildren (package:flutter/src/rendering/object.dart:5573:50)
#112    _RenderObjectSemantics._didUpdateParentData (package:flutter/src/rendering/object.dart:5774:5)
#113    _RenderObjectSemantics._collectChildMergeUpAndSiblingGroup (package:flutter/src/rendering/object.dart:5697:22)
#114    _RenderObjectSemantics.updateChildren (package:flutter/src/rendering/object.dart:5573:50)
#115    _RenderObjectSemantics._didUpdateParentData (package:flutter/src/rendering/object.dart:5774:5)
#116    _RenderObjectSemantics._collectChildMergeUpAndSiblingGroup (package:flutter/src/rendering/object.dart:5697:22)
#117    _RenderObjectSemantics.updateChildren (package:flutter/src/rendering/object.dart:5573:50)
#118    _RenderObjectSemantics._didUpdateParentData (package:flutter/src/rendering/object.dart:5774:5)
#119    _RenderObjectSemantics._collectChildMergeUpAndSiblingGroup (package:flutter/src/rendering/object.dart:5697:22)
#120    _RenderObjectSemantics.updateChildren (package:flutter/src/rendering/object.dart:5573:50)
#121    _RenderObjectSemantics._didUpdateParentData (package:flutter/src/rendering/object.dart:5774:5)
#122    _RenderObjectSemantics._collectChildMergeUpAndSiblingGroup (package:flutter/src/rendering/object.dart:5697:22)
#123    _RenderObjectSemantics.updateChildren (package:flutter/src/rendering/object.dart:5573:50)
#124    _RenderObjectSemantics._didUpdateParentData (package:flutter/src/rendering/object.dart:5774:5)
#125    _RenderObjectSemantics._collectChildMergeUpAndSiblingGroup (package:flutter/src/rendering/object.dart:5697:22)
#126    _RenderObjectSemantics.updateChildren (package:flutter/src/rendering/object.dart:5573:50)
#127    _RenderObjectSemantics._didUpdateParentData (package:flutter/src/rendering/object.dart:5774:5)
#128    _RenderObjectSemantics._collectChildMergeUpAndSiblingGroup (package:flutter/src/rendering/object.dart:5697:22)
#129    _RenderObjectSemantics.updateChildren (package:flutter/src/rendering/object.dart:5573:50)
#130    _RenderObjectSemantics._didUpdateParentData (package:flutter/src/rendering/object.dart:5774:5)
#131    _RenderObjectSemantics._collectChildMergeUpAndSiblingGroup (package:flutter/src/rendering/object.dart:5697:22)
#132    _RenderObjectSemantics.updateChildren (package:flutter/src/rendering/object.dart:5573:50)
#133    _RenderObjectSemantics._didUpdateParentData (package:flutter/src/rendering/object.dart:5774:5)
#134    _RenderObjectSemantics._collectChildMergeUpAndSiblingGroup (package:flutter/src/rendering/object.dart:5697:22)
#135    _RenderObjectSemantics.updateChildren (package:flutter/src/rendering/object.dart:5573:50)
#136    _RenderObjectSemantics._didUpdateParentData (package:flutter/src/rendering/object.dart:5774:5)
#137    _RenderObjectSemantics._collectChildMergeUpAndSiblingGroup (package:flutter/src/rendering/object.dart:5697:22)
#138    _RenderObjectSemantics.updateChildren (package:flutter/src/rendering/object.dart:5573:50)
#139    _RenderObjectSemantics._didUpdateParentData (package:flutter/src/rendering/object.dart:5774:5)
#140    _RenderObjectSemantics._collectChildMergeUpAndSiblingGroup (package:flutter/src/rendering/object.dart:5697:22)
#141    _RenderObjectSemantics.updateChildren (package:flutter/src/rendering/object.dart:5573:50)
#142    _RenderObjectSemantics._didUpdateParentData (package:flutter/src/rendering/object.dart:5774:5)
#143    _RenderObjectSemantics._collectChildMergeUpAndSiblingGroup (package:flutter/src/rendering/object.dart:5697:22)
#144    _RenderObjectSemantics.updateChildren (package:flutter/src/rendering/object.dart:5573:50)
#145    PipelineOwner.flushSemantics (package:flutter/src/rendering/object.dart:1470:25)
#146    PipelineOwner.flushSemantics (package:flutter/src/rendering/object.dart:1514:15)
#147    AutomatedTestWidgetsFlutterBinding.drawFrame (package:flutter_test/src/binding.dart:1519:35)
#148    RendererBinding._handlePersistentFrameCallback (package:flutter/src/rendering/binding.dart:495:5)
#149    SchedulerBinding._invokeFrameCallback (package:flutter/src/scheduler/binding.dart:1434:15)
#150    SchedulerBinding.handleDrawFrame (package:flutter/src/scheduler/binding.dart:1347:9)
#151    AutomatedTestWidgetsFlutterBinding.pump.<anonymous closure> (package:flutter_test/src/binding.dart:1335:9)
#154    TestAsyncUtils.guard (package:flutter_test/src/test_async_utils.dart:74:41)
#155    AutomatedTestWidgetsFlutterBinding.pump (package:flutter_test/src/binding.dart:1324:27)
#156    WidgetTester.pumpWidget.<anonymous closure> (package:flutter_test/src/widget_tester.dart:598:22)
#159    TestAsyncUtils.guard (package:flutter_test/src/test_async_utils.dart:74:41)
#160    WidgetTester.pumpWidget (package:flutter_test/src/widget_tester.dart:595:27)
#161    main.<anonymous closure> (file:///C:/swe_flutter/test/marketing_home_page_test.dart:9:18)
#162    testWidgets.<anonymous closure>.<anonymous closure> (package:flutter_test/src/widget_tester.dart:192:29)
<asynchronous suspension>
#163    TestWidgetsFlutterBinding._runTestBody (package:flutter_test/src/binding.dart:1059:5)
<asynchronous suspension>
<asynchronous suspension>
(elided 7 frames from class _AssertionError, dart:async, and package:stack_trace)
ΓòÉΓòÉΓòÉΓòÉΓòÉΓòÉΓòÉΓòÉΓòÉΓòÉΓòÉΓòÉΓòÉΓòÉΓòÉΓòÉΓòÉΓòÉΓòÉΓòÉΓòÉΓòÉΓòÉΓòÉΓòÉΓòÉΓòÉΓòÉΓòÉΓòÉΓòÉΓòÉΓòÉΓòÉΓòÉΓòÉΓòÉΓòÉΓòÉΓòÉΓòÉΓòÉΓòÉΓòÉΓòÉΓòÉΓòÉΓòÉΓòÉΓòÉΓòÉΓòÉΓòÉΓòÉΓòÉΓòÉΓòÉΓòÉΓòÉΓòÉΓòÉΓòÉΓòÉΓòÉΓòÉΓòÉΓòÉΓòÉΓòÉΓòÉΓòÉΓòÉΓòÉΓòÉΓòÉΓòÉΓòÉΓòÉΓòÉΓòÉΓòÉΓòÉΓòÉΓòÉΓòÉΓòÉΓòÉΓòÉΓòÉΓòÉΓòÉΓòÉΓòÉΓòÉΓòÉΓòÉΓòÉΓòÉΓòÉΓòÉ
ΓòÉΓòÉΓòí EXCEPTION CAUGHT BY RENDERING LIBRARY Γò₧ΓòÉΓòÉΓòÉΓòÉΓòÉΓòÉΓòÉΓòÉΓòÉΓòÉΓòÉΓòÉΓòÉΓòÉΓòÉΓòÉΓòÉΓòÉΓòÉΓòÉΓòÉΓòÉΓòÉΓòÉΓòÉΓòÉΓòÉΓòÉΓòÉΓòÉΓòÉΓòÉΓòÉΓòÉΓòÉΓòÉΓòÉΓòÉΓòÉΓòÉΓòÉΓòÉΓòÉΓòÉΓòÉΓòÉΓòÉΓòÉΓòÉΓòÉΓòÉΓòÉΓòÉΓòÉΓòÉΓòÉΓòÉ
The following assertion was thrown during performLayout():
RenderFlex object was given an infinite size during layout.
This probably means that it is a render object that tries to be as big as possible, but it was put
inside another render object that allows its children to pick their own size.
The nearest ancestor providing an unbounded height constraint is: _RenderSingleChildViewport#1fb7e relayoutBoundary=up10 NEEDS-LAYOUT:
  needs compositing
  creator: _SingleChildViewport ΓåÉ IgnorePointer-[GlobalKey#733f4] ΓåÉ Semantics ΓåÉ Listener ΓåÉ
    _GestureSemantics ΓåÉ RawGestureDetector-[LabeledGlobalKey<RawGestureDetectorState>#a3f89] ΓåÉ
    Listener ΓåÉ _ScrollableScope ΓåÉ _ScrollSemantics-[GlobalKey#385de] ΓåÉ
    NotificationListener<ScrollMetricsNotification> ΓåÉ Transform ΓåÉ StretchEffect ΓåÉ Γï»
  parentData: <none> (can use size)
  constraints: BoxConstraints(0.0<=w<=800.0, 0.0<=h<=600.0)
  layer: OffsetLayer#b9da2
  size: Size(800.0, 600.0)
  offset: Offset(0.0, -0.0)
The constraints that applied to the RenderFlex were:
  BoxConstraints(0.0<=w<=752.0, 440.0<=h<=Infinity)
The exact size it was given was:
  Size(752.0, Infinity)
See https://flutter.dev/to/unbounded-constraints for more information.

The relevant error-causing widget was:
  LayoutBuilder LayoutBuilder:file:///C:/swe_flutter/lib/screens/marketing_home_page.dart:107:14

When the exception was thrown, this was the stack:
#0      RenderBox.debugAssertDoesMeetConstraints.<anonymous closure> (package:flutter/src/rendering/box.dart:2620:9)
#1      RenderBox.debugAssertDoesMeetConstraints (package:flutter/src/rendering/box.dart:2771:6)
#2      RenderBox.size=.<anonymous closure> (package:flutter/src/rendering/box.dart:2363:7)
#3      RenderBox.size= (package:flutter/src/rendering/box.dart:2365:6)
#4      RenderBox.debugResetSize (package:flutter/src/rendering/box.dart:2441:5)
#5      RenderObject.layout.<anonymous closure> (package:flutter/src/rendering/object.dart:2724:9)
#6      RenderObject.layout (package:flutter/src/rendering/object.dart:2729:8)
#7      _RenderLayoutBuilder.performLayout (package:flutter/src/widgets/layout_builder.dart:450:14)
#8      RenderObject.layout (package:flutter/src/rendering/object.dart:2775:7)
#9      RenderPadding.performLayout (package:flutter/src/rendering/shifted_box.dart:243:12)
#10     RenderObject.layout (package:flutter/src/rendering/object.dart:2775:7)
#11     RenderConstrainedBox.performLayout (package:flutter/src/rendering/proxy_box.dart:293:14)
#12     RenderObject.layout (package:flutter/src/rendering/object.dart:2775:7)
#13     ChildLayoutHelper.layoutChild (package:flutter/src/rendering/layout_helper.dart:62:11)
#14     RenderFlex._computeSizes (package:flutter/src/rendering/flex.dart:1161:28)
#15     RenderFlex.performLayout (package:flutter/src/rendering/flex.dart:1257:32)
#16     RenderObject.layout (package:flutter/src/rendering/object.dart:2775:7)
#17     _RenderSingleChildViewport.performLayout (package:flutter/src/widgets/single_child_scroll_view.dart:502:14)
#18     RenderObject.layout (package:flutter/src/rendering/object.dart:2775:7)
#19     RenderProxyBoxMixin.performLayout (package:flutter/src/rendering/proxy_box.dart:115:18)
#20     RenderObject.layout (package:flutter/src/rendering/object.dart:2775:7)
#21     RenderProxyBoxMixin.performLayout (package:flutter/src/rendering/proxy_box.dart:115:18)
#22     RenderObject.layout (package:flutter/src/rendering/object.dart:2775:7)
#23     RenderProxyBoxMixin.performLayout (package:flutter/src/rendering/proxy_box.dart:115:18)
#24     RenderObject.layout (package:flutter/src/rendering/object.dart:2775:7)
#25     RenderProxyBoxMixin.performLayout (package:flutter/src/rendering/proxy_box.dart:115:18)
#26     RenderObject.layout (package:flutter/src/rendering/object.dart:2775:7)
#27     RenderProxyBoxMixin.performLayout (package:flutter/src/rendering/proxy_box.dart:115:18)
#28     RenderObject.layout (package:flutter/src/rendering/object.dart:2775:7)
#29     RenderProxyBoxMixin.performLayout (package:flutter/src/rendering/proxy_box.dart:115:18)
#30     RenderObject.layout (package:flutter/src/rendering/object.dart:2775:7)
#31     RenderProxyBoxMixin.performLayout (package:flutter/src/rendering/proxy_box.dart:115:18)
#32     RenderObject.layout (package:flutter/src/rendering/object.dart:2775:7)
#33     RenderProxyBoxMixin.performLayout (package:flutter/src/rendering/proxy_box.dart:115:18)
#34     _RenderCustomClip.performLayout (package:flutter/src/rendering/proxy_box.dart:1481:11)
#35     RenderObject.layout (package:flutter/src/rendering/object.dart:2775:7)
#36     ChildLayoutHelper.layoutChild (package:flutter/src/rendering/layout_helper.dart:62:11)
#37     RenderStack._computeSize (package:flutter/src/rendering/stack.dart:645:43)
#38     RenderStack.performLayout (package:flutter/src/rendering/stack.dart:680:12)
#39     RenderObject.layout (package:flutter/src/rendering/object.dart:2775:7)
#40     MultiChildLayoutDelegate.layoutChild (package:flutter/src/rendering/custom_layout.dart:180:12)
#41     _ScaffoldLayout.performLayout (package:flutter/src/material/scaffold.dart:1112:7)
#42     MultiChildLayoutDelegate._callPerformLayout (package:flutter/src/rendering/custom_layout.dart:249:7)
#43     RenderCustomMultiChildLayoutBox.performLayout (package:flutter/src/rendering/custom_layout.dart:420:14)
#44     RenderObject._layoutWithoutResize (package:flutter/src/rendering/object.dart:2623:7)
#45     PipelineOwner.flushLayout (package:flutter/src/rendering/object.dart:1170:18)
#46     PipelineOwner.flushLayout (package:flutter/src/rendering/object.dart:1183:15)
#47     AutomatedTestWidgetsFlutterBinding.drawFrame (package:flutter_test/src/binding.dart:1508:27)
#48     RendererBinding._handlePersistentFrameCallback (package:flutter/src/rendering/binding.dart:495:5)
#49     SchedulerBinding._invokeFrameCallback (package:flutter/src/scheduler/binding.dart:1434:15)
#50     SchedulerBinding.handleDrawFrame (package:flutter/src/scheduler/binding.dart:1347:9)
#51     AutomatedTestWidgetsFlutterBinding.pump.<anonymous closure> (package:flutter_test/src/binding.dart:1335:9)
#54     TestAsyncUtils.guard (package:flutter_test/src/test_async_utils.dart:74:41)
#55     AutomatedTestWidgetsFlutterBinding.pump (package:flutter_test/src/binding.dart:1324:27)
#56     WidgetTester.pump.<anonymous closure> (package:flutter_test/src/widget_tester.dart:652:53)
#59     TestAsyncUtils.guard (package:flutter_test/src/test_async_utils.dart:74:41)
#60     WidgetTester.pump (package:flutter_test/src/widget_tester.dart:652:27)
#61     main.<anonymous closure> (file:///C:/swe_flutter/test/marketing_home_page_test.dart:14:18)
<asynchronous suspension>
#62     testWidgets.<anonymous closure>.<anonymous closure> (package:flutter_test/src/widget_tester.dart:192:15)
<asynchronous suspension>
#63     TestWidgetsFlutterBinding._runTestBody (package:flutter_test/src/binding.dart:1059:5)
<asynchronous suspension>
<asynchronous suspension>
(elided 5 frames from dart:async and package:stack_trace)

The following RenderObject was being processed when the exception was fired: _RenderLayoutBuilder#18729 relayoutBoundary=up14 NEEDS-LAYOUT:
  needs compositing
  creator: LayoutBuilder ΓåÉ Padding ΓåÉ ConstrainedBox ΓåÉ Container ΓåÉ Column ΓåÉ _SingleChildViewport ΓåÉ
    IgnorePointer-[GlobalKey#733f4] ΓåÉ Semantics ΓåÉ Listener ΓåÉ _GestureSemantics ΓåÉ
    RawGestureDetector-[LabeledGlobalKey<RawGestureDetectorState>#a3f89] ΓåÉ Listener ΓåÉ Γï»
  parentData: offset=Offset(24.0, 80.0) (can use size)
  constraints: BoxConstraints(0.0<=w<=752.0, 440.0<=h<=Infinity)
  size: Size(752.0, Infinity)
This RenderObject had the following descendants (showing up to depth 5):
    child: RenderFlex#55f78 relayoutBoundary=up15
      child 1: RenderFlex#ffee9 relayoutBoundary=up16
        child 1: RenderDecoratedBox#e5754 relayoutBoundary=up17
          child: RenderPadding#87ada relayoutBoundary=up18
            child: RenderFlex#8656a relayoutBoundary=up19
        child 2: RenderConstrainedBox#ab304 relayoutBoundary=up17
        child 3: RenderShaderMask#4282f relayoutBoundary=up17
          child: RenderParagraph#906fb relayoutBoundary=up18
            text: TextSpan
        child 4: RenderParagraph#ecbc1 relayoutBoundary=up17
          text: TextSpan
        child 5: RenderConstrainedBox#6e55b relayoutBoundary=up17
        child 6: RenderParagraph#e0a7a relayoutBoundary=up17
          text: TextSpan
        child 7: RenderConstrainedBox#58690 relayoutBoundary=up17
        child 8: RenderWrap#57b38 relayoutBoundary=up17
          child 1: RenderSemanticsAnnotations#ee45c relayoutBoundary=up18
            child: _RenderInputPadding#4359c relayoutBoundary=up19
          child 2: RenderSemanticsAnnotations#7dfb3 relayoutBoundary=up18
            child: _RenderInputPadding#923ef relayoutBoundary=up19
      child 2: RenderConstrainedBox#e04d2 relayoutBoundary=up16
      child 3: RenderCustomMultiChildLayoutBox#e5bd4 relayoutBoundary=up16
        child 1: RenderWrap#14217 NEEDS-LAYOUT NEEDS-PAINT
          child 1: RenderFlex#8e587 NEEDS-LAYOUT NEEDS-PAINT
            child 1: RenderParagraph#76460 NEEDS-LAYOUT NEEDS-PAINT
            child 2: RenderConstrainedBox#e29a1 NEEDS-LAYOUT NEEDS-PAINT
            child 3: RenderParagraph#3db97 NEEDS-LAYOUT NEEDS-PAINT
          child 2: RenderFlex#8b38f NEEDS-LAYOUT NEEDS-PAINT
            child 1: RenderParagraph#baf2c NEEDS-LAYOUT NEEDS-PAINT
    ...(descendants list truncated after 25 lines)
ΓòÉΓòÉΓòÉΓòÉΓòÉΓòÉΓòÉΓòÉΓòÉΓòÉΓòÉΓòÉΓòÉΓòÉΓòÉΓòÉΓòÉΓòÉΓòÉΓòÉΓòÉΓòÉΓòÉΓòÉΓòÉΓòÉΓòÉΓòÉΓòÉΓòÉΓòÉΓòÉΓòÉΓòÉΓòÉΓòÉΓòÉΓòÉΓòÉΓòÉΓòÉΓòÉΓòÉΓòÉΓòÉΓòÉΓòÉΓòÉΓòÉΓòÉΓòÉΓòÉΓòÉΓòÉΓòÉΓòÉΓòÉΓòÉΓòÉΓòÉΓòÉΓòÉΓòÉΓòÉΓòÉΓòÉΓòÉΓòÉΓòÉΓòÉΓòÉΓòÉΓòÉΓòÉΓòÉΓòÉΓòÉΓòÉΓòÉΓòÉΓòÉΓòÉΓòÉΓòÉΓòÉΓòÉΓòÉΓòÉΓòÉΓòÉΓòÉΓòÉΓòÉΓòÉΓòÉΓòÉΓòÉΓòÉΓòÉΓòÉ
ΓòÉΓòÉΓòí EXCEPTION CAUGHT BY RENDERING LIBRARY Γò₧ΓòÉΓòÉΓòÉΓòÉΓòÉΓòÉΓòÉΓòÉΓòÉΓòÉΓòÉΓòÉΓòÉΓòÉΓòÉΓòÉΓòÉΓòÉΓòÉΓòÉΓòÉΓòÉΓòÉΓòÉΓòÉΓòÉΓòÉΓòÉΓòÉΓòÉΓòÉΓòÉΓòÉΓòÉΓòÉΓòÉΓòÉΓòÉΓòÉΓòÉΓòÉΓòÉΓòÉΓòÉΓòÉΓòÉΓòÉΓòÉΓòÉΓòÉΓòÉΓòÉΓòÉΓòÉΓòÉΓòÉΓòÉ
The following assertion was thrown during performLayout():
RenderPadding object was given an infinite size during layout.
This probably means that it is a render object that tries to be as big as possible, but it was put
inside another render object that allows its children to pick their own size.
The nearest ancestor providing an unbounded height constraint is: _RenderSingleChildViewport#1fb7e relayoutBoundary=up10 NEEDS-LAYOUT NEEDS-PAINT:
  needs compositing
  creator: _SingleChildViewport ΓåÉ IgnorePointer-[GlobalKey#733f4] ΓåÉ Semantics ΓåÉ Listener ΓåÉ
    _GestureSemantics ΓåÉ RawGestureDetector-[LabeledGlobalKey<RawGestureDetectorState>#a3f89] ΓåÉ
    Listener ΓåÉ _ScrollableScope ΓåÉ _ScrollSemantics-[GlobalKey#385de] ΓåÉ
    NotificationListener<ScrollMetricsNotification> ΓåÉ Transform ΓåÉ StretchEffect ΓåÉ Γï»
  parentData: <none> (can use size)
  constraints: BoxConstraints(0.0<=w<=800.0, 0.0<=h<=600.0)
  layer: OffsetLayer#b9da2
  size: Size(800.0, 600.0)
  offset: Offset(0.0, -0.0)
The constraints that applied to the RenderPadding were:
  BoxConstraints(0.0<=w<=800.0, 600.0<=h<=Infinity)
The exact size it was given was:
  Size(800.0, Infinity)
See https://flutter.dev/to/unbounded-constraints for more information.

The relevant error-causing widget was:
  Container Container:file:///C:/swe_flutter/lib/screens/marketing_home_page.dart:104:12

When the exception was thrown, this was the stack:
#0      RenderBox.debugAssertDoesMeetConstraints.<anonymous closure> (package:flutter/src/rendering/box.dart:2620:9)
#1      RenderBox.debugAssertDoesMeetConstraints (package:flutter/src/rendering/box.dart:2771:6)
#2      RenderBox.size=.<anonymous closure> (package:flutter/src/rendering/box.dart:2363:7)
#3      RenderBox.size= (package:flutter/src/rendering/box.dart:2365:6)
#4      RenderPadding.performLayout (package:flutter/src/rendering/shifted_box.dart:246:5)
#5      RenderObject.layout (package:flutter/src/rendering/object.dart:2775:7)
#6      RenderConstrainedBox.performLayout (package:flutter/src/rendering/proxy_box.dart:293:14)
#7      RenderObject.layout (package:flutter/src/rendering/object.dart:2775:7)
#8      ChildLayoutHelper.layoutChild (package:flutter/src/rendering/layout_helper.dart:62:11)
#9      RenderFlex._computeSizes (package:flutter/src/rendering/flex.dart:1161:28)
#10     RenderFlex.performLayout (package:flutter/src/rendering/flex.dart:1257:32)
#11     RenderObject.layout (package:flutter/src/rendering/object.dart:2775:7)
#12     _RenderSingleChildViewport.performLayout (package:flutter/src/widgets/single_child_scroll_view.dart:502:14)
#13     RenderObject.layout (package:flutter/src/rendering/object.dart:2775:7)
#14     RenderProxyBoxMixin.performLayout (package:flutter/src/rendering/proxy_box.dart:115:18)
#15     RenderObject.layout (package:flutter/src/rendering/object.dart:2775:7)
#16     RenderProxyBoxMixin.performLayout (package:flutter/src/rendering/proxy_box.dart:115:18)
#17     RenderObject.layout (package:flutter/src/rendering/object.dart:2775:7)
#18     RenderProxyBoxMixin.performLayout (package:flutter/src/rendering/proxy_box.dart:115:18)
#19     RenderObject.layout (package:flutter/src/rendering/object.dart:2775:7)
#20     RenderProxyBoxMixin.performLayout (package:flutter/src/rendering/proxy_box.dart:115:18)
#21     RenderObject.layout (package:flutter/src/rendering/object.dart:2775:7)
#22     RenderProxyBoxMixin.performLayout (package:flutter/src/rendering/proxy_box.dart:115:18)
#23     RenderObject.layout (package:flutter/src/rendering/object.dart:2775:7)
#24     RenderProxyBoxMixin.performLayout (package:flutter/src/rendering/proxy_box.dart:115:18)
#25     RenderObject.layout (package:flutter/src/rendering/object.dart:2775:7)
#26     RenderProxyBoxMixin.performLayout (package:flutter/src/rendering/proxy_box.dart:115:18)
#27     RenderObject.layout (package:flutter/src/rendering/object.dart:2775:7)
#28     RenderProxyBoxMixin.performLayout (package:flutter/src/rendering/proxy_box.dart:115:18)
#29     _RenderCustomClip.performLayout (package:flutter/src/rendering/proxy_box.dart:1481:11)
#30     RenderObject.layout (package:flutter/src/rendering/object.dart:2775:7)
#31     ChildLayoutHelper.layoutChild (package:flutter/src/rendering/layout_helper.dart:62:11)
#32     RenderStack._computeSize (package:flutter/src/rendering/stack.dart:645:43)
#33     RenderStack.performLayout (package:flutter/src/rendering/stack.dart:680:12)
#34     RenderObject.layout (package:flutter/src/rendering/object.dart:2775:7)
#35     MultiChildLayoutDelegate.layoutChild (package:flutter/src/rendering/custom_layout.dart:180:12)
#36     _ScaffoldLayout.performLayout (package:flutter/src/material/scaffold.dart:1112:7)
#37     MultiChildLayoutDelegate._callPerformLayout (package:flutter/src/rendering/custom_layout.dart:249:7)
#38     RenderCustomMultiChildLayoutBox.performLayout (package:flutter/src/rendering/custom_layout.dart:420:14)
#39     RenderObject._layoutWithoutResize (package:flutter/src/rendering/object.dart:2623:7)
#40     PipelineOwner.flushLayout (package:flutter/src/rendering/object.dart:1170:18)
#41     PipelineOwner.flushLayout (package:flutter/src/rendering/object.dart:1183:15)
#42     AutomatedTestWidgetsFlutterBinding.drawFrame (package:flutter_test/src/binding.dart:1508:27)
#43     RendererBinding._handlePersistentFrameCallback (package:flutter/src/rendering/binding.dart:495:5)
#44     SchedulerBinding._invokeFrameCallback (package:flutter/src/scheduler/binding.dart:1434:15)
#45     SchedulerBinding.handleDrawFrame (package:flutter/src/scheduler/binding.dart:1347:9)
#46     AutomatedTestWidgetsFlutterBinding.pump.<anonymous closure> (package:flutter_test/src/binding.dart:1335:9)
#49     TestAsyncUtils.guard (package:flutter_test/src/test_async_utils.dart:74:41)
#50     AutomatedTestWidgetsFlutterBinding.pump (package:flutter_test/src/binding.dart:1324:27)
#51     WidgetTester.pump.<anonymous closure> (package:flutter_test/src/widget_tester.dart:652:53)
#54     TestAsyncUtils.guard (package:flutter_test/src/test_async_utils.dart:74:41)
#55     WidgetTester.pump (package:flutter_test/src/widget_tester.dart:652:27)
#56     main.<anonymous closure> (file:///C:/swe_flutter/test/marketing_home_page_test.dart:14:18)
<asynchronous suspension>
#57     testWidgets.<anonymous closure>.<anonymous closure> (package:flutter_test/src/widget_tester.dart:192:15)
<asynchronous suspension>
#58     TestWidgetsFlutterBinding._runTestBody (package:flutter_test/src/binding.dart:1059:5)
<asynchronous suspension>
<asynchronous suspension>
(elided 5 frames from dart:async and package:stack_trace)

The following RenderObject was being processed when the exception was fired: RenderPadding#204b2 relayoutBoundary=up13 NEEDS-LAYOUT NEEDS-PAINT:
  needs compositing
  creator: Padding ΓåÉ ConstrainedBox ΓåÉ Container ΓåÉ Column ΓåÉ _SingleChildViewport ΓåÉ
    IgnorePointer-[GlobalKey#733f4] ΓåÉ Semantics ΓåÉ Listener ΓåÉ _GestureSemantics ΓåÉ
    RawGestureDetector-[LabeledGlobalKey<RawGestureDetectorState>#a3f89] ΓåÉ Listener ΓåÉ _ScrollableScope
    ΓåÉ Γï»
  parentData: <none> (can use size)
  constraints: BoxConstraints(0.0<=w<=800.0, 600.0<=h<=Infinity)
  size: Size(800.0, Infinity)
  padding: EdgeInsets(24.0, 80.0, 24.0, 80.0)
  textDirection: ltr
This RenderObject had the following descendants (showing up to depth 5):
    child: _RenderLayoutBuilder#18729 relayoutBoundary=up14 NEEDS-PAINT
      child: RenderFlex#55f78 relayoutBoundary=up15
        child 1: RenderFlex#ffee9 relayoutBoundary=up16
          child 1: RenderDecoratedBox#e5754 relayoutBoundary=up17
            child: RenderPadding#87ada relayoutBoundary=up18
          child 2: RenderConstrainedBox#ab304 relayoutBoundary=up17
          child 3: RenderShaderMask#4282f relayoutBoundary=up17
            child: RenderParagraph#906fb relayoutBoundary=up18
          child 4: RenderParagraph#ecbc1 relayoutBoundary=up17
            text: TextSpan
          child 5: RenderConstrainedBox#6e55b relayoutBoundary=up17
          child 6: RenderParagraph#e0a7a relayoutBoundary=up17
            text: TextSpan
          child 7: RenderConstrainedBox#58690 relayoutBoundary=up17
          child 8: RenderWrap#57b38 relayoutBoundary=up17
            child 1: RenderSemanticsAnnotations#ee45c relayoutBoundary=up18
            child 2: RenderSemanticsAnnotations#7dfb3 relayoutBoundary=up18
        child 2: RenderConstrainedBox#e04d2 relayoutBoundary=up16
        child 3: RenderCustomMultiChildLayoutBox#e5bd4 relayoutBoundary=up16
          child 1: RenderWrap#14217 NEEDS-LAYOUT NEEDS-PAINT
            child 1: RenderFlex#8e587 NEEDS-LAYOUT NEEDS-PAINT
            child 2: RenderFlex#8b38f NEEDS-LAYOUT NEEDS-PAINT
            child 3: RenderFlex#a2765 NEEDS-LAYOUT NEEDS-PAINT
ΓòÉΓòÉΓòÉΓòÉΓòÉΓòÉΓòÉΓòÉΓòÉΓòÉΓòÉΓòÉΓòÉΓòÉΓòÉΓòÉΓòÉΓòÉΓòÉΓòÉΓòÉΓòÉΓòÉΓòÉΓòÉΓòÉΓòÉΓòÉΓòÉΓòÉΓòÉΓòÉΓòÉΓòÉΓòÉΓòÉΓòÉΓòÉΓòÉΓòÉΓòÉΓòÉΓòÉΓòÉΓòÉΓòÉΓòÉΓòÉΓòÉΓòÉΓòÉΓòÉΓòÉΓòÉΓòÉΓòÉΓòÉΓòÉΓòÉΓòÉΓòÉΓòÉΓòÉΓòÉΓòÉΓòÉΓòÉΓòÉΓòÉΓòÉΓòÉΓòÉΓòÉΓòÉΓòÉΓòÉΓòÉΓòÉΓòÉΓòÉΓòÉΓòÉΓòÉΓòÉΓòÉΓòÉΓòÉΓòÉΓòÉΓòÉΓòÉΓòÉΓòÉΓòÉΓòÉΓòÉΓòÉΓòÉΓòÉΓòÉ
ΓòÉΓòÉΓòí EXCEPTION CAUGHT BY RENDERING LIBRARY Γò₧ΓòÉΓòÉΓòÉΓòÉΓòÉΓòÉΓòÉΓòÉΓòÉΓòÉΓòÉΓòÉΓòÉΓòÉΓòÉΓòÉΓòÉΓòÉΓòÉΓòÉΓòÉΓòÉΓòÉΓòÉΓòÉΓòÉΓòÉΓòÉΓòÉΓòÉΓòÉΓòÉΓòÉΓòÉΓòÉΓòÉΓòÉΓòÉΓòÉΓòÉΓòÉΓòÉΓòÉΓòÉΓòÉΓòÉΓòÉΓòÉΓòÉΓòÉΓòÉΓòÉΓòÉΓòÉΓòÉΓòÉΓòÉ
The following assertion was thrown during performLayout():
RenderConstrainedBox object was given an infinite size during layout.
This probably means that it is a render object that tries to be as big as possible, but it was put
inside another render object that allows its children to pick their own size.
The nearest ancestor providing an unbounded height constraint is: _RenderSingleChildViewport#1fb7e relayoutBoundary=up10 NEEDS-LAYOUT NEEDS-PAINT:
  needs compositing
  creator: _SingleChildViewport ΓåÉ IgnorePointer-[GlobalKey#733f4] ΓåÉ Semantics ΓåÉ Listener ΓåÉ
    _GestureSemantics ΓåÉ RawGestureDetector-[LabeledGlobalKey<RawGestureDetectorState>#a3f89] ΓåÉ
    Listener ΓåÉ _ScrollableScope ΓåÉ _ScrollSemantics-[GlobalKey#385de] ΓåÉ
    NotificationListener<ScrollMetricsNotification> ΓåÉ Transform ΓåÉ StretchEffect ΓåÉ Γï»
  parentData: <none> (can use size)
  constraints: BoxConstraints(0.0<=w<=800.0, 0.0<=h<=600.0)
  layer: OffsetLayer#b9da2
  size: Size(800.0, 600.0)
  offset: Offset(0.0, -0.0)
The constraints that applied to the RenderConstrainedBox were:
  BoxConstraints(0.0<=w<=800.0, 0.0<=h<=Infinity)
The exact size it was given was:
  Size(800.0, Infinity)
See https://flutter.dev/to/unbounded-constraints for more information.

The relevant error-causing widget was:
  Container Container:file:///C:/swe_flutter/lib/screens/marketing_home_page.dart:104:12

When the exception was thrown, this was the stack:
#0      RenderBox.debugAssertDoesMeetConstraints.<anonymous closure> (package:flutter/src/rendering/box.dart:2620:9)
#1      RenderBox.debugAssertDoesMeetConstraints (package:flutter/src/rendering/box.dart:2771:6)
#2      RenderBox.size=.<anonymous closure> (package:flutter/src/rendering/box.dart:2363:7)
#3      RenderBox.size= (package:flutter/src/rendering/box.dart:2365:6)
#4      RenderConstrainedBox.performLayout (package:flutter/src/rendering/proxy_box.dart:294:7)
#5      RenderObject.layout (package:flutter/src/rendering/object.dart:2775:7)
#6      ChildLayoutHelper.layoutChild (package:flutter/src/rendering/layout_helper.dart:62:11)
#7      RenderFlex._computeSizes (package:flutter/src/rendering/flex.dart:1161:28)
#8      RenderFlex.performLayout (package:flutter/src/rendering/flex.dart:1257:32)
#9      RenderObject.layout (package:flutter/src/rendering/object.dart:2775:7)
#10     _RenderSingleChildViewport.performLayout (package:flutter/src/widgets/single_child_scroll_view.dart:502:14)
#11     RenderObject.layout (package:flutter/src/rendering/object.dart:2775:7)
#12     RenderProxyBoxMixin.performLayout (package:flutter/src/rendering/proxy_box.dart:115:18)
#13     RenderObject.layout (package:flutter/src/rendering/object.dart:2775:7)
#14     RenderProxyBoxMixin.performLayout (package:flutter/src/rendering/proxy_box.dart:115:18)
#15     RenderObject.layout (package:flutter/src/rendering/object.dart:2775:7)
#16     RenderProxyBoxMixin.performLayout (package:flutter/src/rendering/proxy_box.dart:115:18)
#17     RenderObject.layout (package:flutter/src/rendering/object.dart:2775:7)
#18     RenderProxyBoxMixin.performLayout (package:flutter/src/rendering/proxy_box.dart:115:18)
#19     RenderObject.layout (package:flutter/src/rendering/object.dart:2775:7)
#20     RenderProxyBoxMixin.performLayout (package:flutter/src/rendering/proxy_box.dart:115:18)
#21     RenderObject.layout (package:flutter/src/rendering/object.dart:2775:7)
#22     RenderProxyBoxMixin.performLayout (package:flutter/src/rendering/proxy_box.dart:115:18)
#23     RenderObject.layout (package:flutter/src/rendering/object.dart:2775:7)
#24     RenderProxyBoxMixin.performLayout (package:flutter/src/rendering/proxy_box.dart:115:18)
#25     RenderObject.layout (package:flutter/src/rendering/object.dart:2775:7)
#26     RenderProxyBoxMixin.performLayout (package:flutter/src/rendering/proxy_box.dart:115:18)
#27     _RenderCustomClip.performLayout (package:flutter/src/rendering/proxy_box.dart:1481:11)
#28     RenderObject.layout (package:flutter/src/rendering/object.dart:2775:7)
#29     ChildLayoutHelper.layoutChild (package:flutter/src/rendering/layout_helper.dart:62:11)
#30     RenderStack._computeSize (package:flutter/src/rendering/stack.dart:645:43)
#31     RenderStack.performLayout (package:flutter/src/rendering/stack.dart:680:12)
#32     RenderObject.layout (package:flutter/src/rendering/object.dart:2775:7)
#33     MultiChildLayoutDelegate.layoutChild (package:flutter/src/rendering/custom_layout.dart:180:12)
#34     _ScaffoldLayout.performLayout (package:flutter/src/material/scaffold.dart:1112:7)
#35     MultiChildLayoutDelegate._callPerformLayout (package:flutter/src/rendering/custom_layout.dart:249:7)
#36     RenderCustomMultiChildLayoutBox.performLayout (package:flutter/src/rendering/custom_layout.dart:420:14)
#37     RenderObject._layoutWithoutResize (package:flutter/src/rendering/object.dart:2623:7)
#38     PipelineOwner.flushLayout (package:flutter/src/rendering/object.dart:1170:18)
#39     PipelineOwner.flushLayout (package:flutter/src/rendering/object.dart:1183:15)
#40     AutomatedTestWidgetsFlutterBinding.drawFrame (package:flutter_test/src/binding.dart:1508:27)
#41     RendererBinding._handlePersistentFrameCallback (package:flutter/src/rendering/binding.dart:495:5)
#42     SchedulerBinding._invokeFrameCallback (package:flutter/src/scheduler/binding.dart:1434:15)
#43     SchedulerBinding.handleDrawFrame (package:flutter/src/scheduler/binding.dart:1347:9)
#44     AutomatedTestWidgetsFlutterBinding.pump.<anonymous closure> (package:flutter_test/src/binding.dart:1335:9)
#47     TestAsyncUtils.guard (package:flutter_test/src/test_async_utils.dart:74:41)
#48     AutomatedTestWidgetsFlutterBinding.pump (package:flutter_test/src/binding.dart:1324:27)
#49     WidgetTester.pump.<anonymous closure> (package:flutter_test/src/widget_tester.dart:652:53)
#52     TestAsyncUtils.guard (package:flutter_test/src/test_async_utils.dart:74:41)
#53     WidgetTester.pump (package:flutter_test/src/widget_tester.dart:652:27)
#54     main.<anonymous closure> (file:///C:/swe_flutter/test/marketing_home_page_test.dart:14:18)
<asynchronous suspension>
#55     testWidgets.<anonymous closure>.<anonymous closure> (package:flutter_test/src/widget_tester.dart:192:15)
<asynchronous suspension>
#56     TestWidgetsFlutterBinding._runTestBody (package:flutter_test/src/binding.dart:1059:5)
<asynchronous suspension>
<asynchronous suspension>
(elided 5 frames from dart:async and package:stack_trace)

The following RenderObject was being processed when the exception was fired: RenderConstrainedBox#2dee5 relayoutBoundary=up12 NEEDS-LAYOUT NEEDS-PAINT:
  needs compositing
  creator: ConstrainedBox ΓåÉ Container ΓåÉ Column ΓåÉ _SingleChildViewport ΓåÉ
    IgnorePointer-[GlobalKey#733f4] ΓåÉ Semantics ΓåÉ Listener ΓåÉ _GestureSemantics ΓåÉ
    RawGestureDetector-[LabeledGlobalKey<RawGestureDetectorState>#a3f89] ΓåÉ Listener ΓåÉ _ScrollableScope
    ΓåÉ _ScrollSemantics-[GlobalKey#385de] ΓåÉ Γï»
  parentData: offset=Offset(0.0, 0.0); flex=null; fit=null (can use size)
  constraints: BoxConstraints(0.0<=w<=800.0, 0.0<=h<=Infinity)
  size: Size(800.0, Infinity)
  additionalConstraints: BoxConstraints(0.0<=w<=Infinity, 600.0<=h<=Infinity)
This RenderObject had the following descendants (showing up to depth 5):
    child: RenderPadding#204b2 relayoutBoundary=up13 NEEDS-PAINT
      child: _RenderLayoutBuilder#18729 relayoutBoundary=up14 NEEDS-PAINT
        child: RenderFlex#55f78 relayoutBoundary=up15
          child 1: RenderFlex#ffee9 relayoutBoundary=up16
            child 1: RenderDecoratedBox#e5754 relayoutBoundary=up17
            child 2: RenderConstrainedBox#ab304 relayoutBoundary=up17
            child 3: RenderShaderMask#4282f relayoutBoundary=up17
            child 4: RenderParagraph#ecbc1 relayoutBoundary=up17
            child 5: RenderConstrainedBox#6e55b relayoutBoundary=up17
            child 6: RenderParagraph#e0a7a relayoutBoundary=up17
            child 7: RenderConstrainedBox#58690 relayoutBoundary=up17
            child 8: RenderWrap#57b38 relayoutBoundary=up17
          child 2: RenderConstrainedBox#e04d2 relayoutBoundary=up16
          child 3: RenderCustomMultiChildLayoutBox#e5bd4 relayoutBoundary=up16
            child 1: RenderWrap#14217 NEEDS-LAYOUT NEEDS-PAINT
ΓòÉΓòÉΓòÉΓòÉΓòÉΓòÉΓòÉΓòÉΓòÉΓòÉΓòÉΓòÉΓòÉΓòÉΓòÉΓòÉΓòÉΓòÉΓòÉΓòÉΓòÉΓòÉΓòÉΓòÉΓòÉΓòÉΓòÉΓòÉΓòÉΓòÉΓòÉΓòÉΓòÉΓòÉΓòÉΓòÉΓòÉΓòÉΓòÉΓòÉΓòÉΓòÉΓòÉΓòÉΓòÉΓòÉΓòÉΓòÉΓòÉΓòÉΓòÉΓòÉΓòÉΓòÉΓòÉΓòÉΓòÉΓòÉΓòÉΓòÉΓòÉΓòÉΓòÉΓòÉΓòÉΓòÉΓòÉΓòÉΓòÉΓòÉΓòÉΓòÉΓòÉΓòÉΓòÉΓòÉΓòÉΓòÉΓòÉΓòÉΓòÉΓòÉΓòÉΓòÉΓòÉΓòÉΓòÉΓòÉΓòÉΓòÉΓòÉΓòÉΓòÉΓòÉΓòÉΓòÉΓòÉΓòÉΓòÉΓòÉ
ΓòÉΓòÉΓòí EXCEPTION CAUGHT BY RENDERING LIBRARY Γò₧ΓòÉΓòÉΓòÉΓòÉΓòÉΓòÉΓòÉΓòÉΓòÉΓòÉΓòÉΓòÉΓòÉΓòÉΓòÉΓòÉΓòÉΓòÉΓòÉΓòÉΓòÉΓòÉΓòÉΓòÉΓòÉΓòÉΓòÉΓòÉΓòÉΓòÉΓòÉΓòÉΓòÉΓòÉΓòÉΓòÉΓòÉΓòÉΓòÉΓòÉΓòÉΓòÉΓòÉΓòÉΓòÉΓòÉΓòÉΓòÉΓòÉΓòÉΓòÉΓòÉΓòÉΓòÉΓòÉΓòÉΓòÉ
The following assertion was thrown during performLayout():
RenderFlex object was given an infinite size during layout.
This probably means that it is a render object that tries to be as big as possible, but it was put
inside another render object that allows its children to pick their own size.
The nearest ancestor providing an unbounded height constraint is: _RenderSingleChildViewport#1fb7e relayoutBoundary=up10 NEEDS-LAYOUT NEEDS-PAINT:
  needs compositing
  creator: _SingleChildViewport ΓåÉ IgnorePointer-[GlobalKey#733f4] ΓåÉ Semantics ΓåÉ Listener ΓåÉ
    _GestureSemantics ΓåÉ RawGestureDetector-[LabeledGlobalKey<RawGestureDetectorState>#a3f89] ΓåÉ
    Listener ΓåÉ _ScrollableScope ΓåÉ _ScrollSemantics-[GlobalKey#385de] ΓåÉ
    NotificationListener<ScrollMetricsNotification> ΓåÉ Transform ΓåÉ StretchEffect ΓåÉ Γï»
  parentData: <none> (can use size)
  constraints: BoxConstraints(0.0<=w<=800.0, 0.0<=h<=600.0)
  layer: OffsetLayer#b9da2
  size: Size(800.0, 600.0)
  offset: Offset(0.0, -0.0)
The constraints that applied to the RenderFlex were:
  BoxConstraints(0.0<=w<=800.0, 0.0<=h<=Infinity)
The exact size it was given was:
  Size(800.0, Infinity)
See https://flutter.dev/to/unbounded-constraints for more information.

The relevant error-causing widget was:
  Column Column:file:///C:/swe_flutter/lib/screens/marketing_home_page.dart:71:20

When the exception was thrown, this was the stack:
#0      RenderBox.debugAssertDoesMeetConstraints.<anonymous closure> (package:flutter/src/rendering/box.dart:2620:9)
#1      RenderBox.debugAssertDoesMeetConstraints (package:flutter/src/rendering/box.dart:2771:6)
#2      RenderBox.size=.<anonymous closure> (package:flutter/src/rendering/box.dart:2363:7)
#3      RenderBox.size= (package:flutter/src/rendering/box.dart:2365:6)
#4      RenderFlex.performLayout (package:flutter/src/rendering/flex.dart:1264:5)
#5      RenderObject.layout (package:flutter/src/rendering/object.dart:2775:7)
#6      _RenderSingleChildViewport.performLayout (package:flutter/src/widgets/single_child_scroll_view.dart:502:14)
#7      RenderObject.layout (package:flutter/src/rendering/object.dart:2775:7)
#8      RenderProxyBoxMixin.performLayout (package:flutter/src/rendering/proxy_box.dart:115:18)
#9      RenderObject.layout (package:flutter/src/rendering/object.dart:2775:7)
#10     RenderProxyBoxMixin.performLayout (package:flutter/src/rendering/proxy_box.dart:115:18)
#11     RenderObject.layout (package:flutter/src/rendering/object.dart:2775:7)
#12     RenderProxyBoxMixin.performLayout (package:flutter/src/rendering/proxy_box.dart:115:18)
#13     RenderObject.layout (package:flutter/src/rendering/object.dart:2775:7)
#14     RenderProxyBoxMixin.performLayout (package:flutter/src/rendering/proxy_box.dart:115:18)
#15     RenderObject.layout (package:flutter/src/rendering/object.dart:2775:7)
#16     RenderProxyBoxMixin.performLayout (package:flutter/src/rendering/proxy_box.dart:115:18)
#17     RenderObject.layout (package:flutter/src/rendering/object.dart:2775:7)
#18     RenderProxyBoxMixin.performLayout (package:flutter/src/rendering/proxy_box.dart:115:18)
#19     RenderObject.layout (package:flutter/src/rendering/object.dart:2775:7)
#20     RenderProxyBoxMixin.performLayout (package:flutter/src/rendering/proxy_box.dart:115:18)
#21     RenderObject.layout (package:flutter/src/rendering/object.dart:2775:7)
#22     RenderProxyBoxMixin.performLayout (package:flutter/src/rendering/proxy_box.dart:115:18)
#23     _RenderCustomClip.performLayout (package:flutter/src/rendering/proxy_box.dart:1481:11)
#24     RenderObject.layout (package:flutter/src/rendering/object.dart:2775:7)
#25     ChildLayoutHelper.layoutChild (package:flutter/src/rendering/layout_helper.dart:62:11)
#26     RenderStack._computeSize (package:flutter/src/rendering/stack.dart:645:43)
#27     RenderStack.performLayout (package:flutter/src/rendering/stack.dart:680:12)
#28     RenderObject.layout (package:flutter/src/rendering/object.dart:2775:7)
#29     MultiChildLayoutDelegate.layoutChild (package:flutter/src/rendering/custom_layout.dart:180:12)
#30     _ScaffoldLayout.performLayout (package:flutter/src/material/scaffold.dart:1112:7)
#31     MultiChildLayoutDelegate._callPerformLayout (package:flutter/src/rendering/custom_layout.dart:249:7)
#32     RenderCustomMultiChildLayoutBox.performLayout (package:flutter/src/rendering/custom_layout.dart:420:14)
#33     RenderObject._layoutWithoutResize (package:flutter/src/rendering/object.dart:2623:7)
#34     PipelineOwner.flushLayout (package:flutter/src/rendering/object.dart:1170:18)
#35     PipelineOwner.flushLayout (package:flutter/src/rendering/object.dart:1183:15)
#36     AutomatedTestWidgetsFlutterBinding.drawFrame (package:flutter_test/src/binding.dart:1508:27)
#37     RendererBinding._handlePersistentFrameCallback (package:flutter/src/rendering/binding.dart:495:5)
#38     SchedulerBinding._invokeFrameCallback (package:flutter/src/scheduler/binding.dart:1434:15)
#39     SchedulerBinding.handleDrawFrame (package:flutter/src/scheduler/binding.dart:1347:9)
#40     AutomatedTestWidgetsFlutterBinding.pump.<anonymous closure> (package:flutter_test/src/binding.dart:1335:9)
#43     TestAsyncUtils.guard (package:flutter_test/src/test_async_utils.dart:74:41)
#44     AutomatedTestWidgetsFlutterBinding.pump (package:flutter_test/src/binding.dart:1324:27)
#45     WidgetTester.pump.<anonymous closure> (package:flutter_test/src/widget_tester.dart:652:53)
#48     TestAsyncUtils.guard (package:flutter_test/src/test_async_utils.dart:74:41)
#49     WidgetTester.pump (package:flutter_test/src/widget_tester.dart:652:27)
#50     main.<anonymous closure> (file:///C:/swe_flutter/test/marketing_home_page_test.dart:14:18)
<asynchronous suspension>
#51     testWidgets.<anonymous closure>.<anonymous closure> (package:flutter_test/src/widget_tester.dart:192:15)
<asynchronous suspension>
#52     TestWidgetsFlutterBinding._runTestBody (package:flutter_test/src/binding.dart:1059:5)
<asynchronous suspension>
<asynchronous suspension>
(elided 5 frames from dart:async and package:stack_trace)

The following RenderObject was being processed when the exception was fired: RenderFlex#35101 relayoutBoundary=up11 NEEDS-LAYOUT NEEDS-PAINT:
  needs compositing
  creator: Column ΓåÉ _SingleChildViewport ΓåÉ IgnorePointer-[GlobalKey#733f4] ΓåÉ Semantics ΓåÉ Listener ΓåÉ
    _GestureSemantics ΓåÉ RawGestureDetector-[LabeledGlobalKey<RawGestureDetectorState>#a3f89] ΓåÉ
    Listener ΓåÉ _ScrollableScope ΓåÉ _ScrollSemantics-[GlobalKey#385de] ΓåÉ
    NotificationListener<ScrollMetricsNotification> ΓåÉ Transform ΓåÉ Γï»
  parentData: <none> (can use size)
  constraints: BoxConstraints(0.0<=w<=800.0, 0.0<=h<=Infinity)
  size: Size(800.0, Infinity)
  direction: vertical
  mainAxisAlignment: start
  mainAxisSize: max
  crossAxisAlignment: center
  verticalDirection: down
  spacing: 0.0
This RenderObject had the following descendants (showing up to depth 5):
    child 1: RenderConstrainedBox#2dee5 relayoutBoundary=up12 NEEDS-PAINT
      child: RenderPadding#204b2 relayoutBoundary=up13 NEEDS-PAINT
        child: _RenderLayoutBuilder#18729 relayoutBoundary=up14 NEEDS-PAINT
          child: RenderFlex#55f78 relayoutBoundary=up15
            child 1: RenderFlex#ffee9 relayoutBoundary=up16
            child 2: RenderConstrainedBox#e04d2 relayoutBoundary=up16
            child 3: RenderCustomMultiChildLayoutBox#e5bd4 relayoutBoundary=up16
    child 2: RenderPadding#05218 relayoutBoundary=up12
      child: RenderFlex#2d29b relayoutBoundary=up13
        child 1: RenderDecoratedBox#ef842 relayoutBoundary=up14
          child: RenderPadding#500ca relayoutBoundary=up15
            child: RenderParagraph#d7180 relayoutBoundary=up16
        child 2: RenderConstrainedBox#634d2 relayoutBoundary=up14
        child 3: RenderParagraph#f12c2 relayoutBoundary=up14
          text: TextSpan
        child 4: RenderConstrainedBox#7c041 relayoutBoundary=up14
        child 5: _RenderLayoutBuilder#c4439 relayoutBoundary=up14
          child: RenderWrap#d13f3 relayoutBoundary=up15
            child 1: RenderConstrainedBox#aa845 relayoutBoundary=up16
            child 2: RenderConstrainedBox#c8070 relayoutBoundary=up16
            child 3: RenderConstrainedBox#6af00 relayoutBoundary=up16
            child 4: RenderConstrainedBox#abd53 relayoutBoundary=up16
    child 3: RenderPadding#dfade relayoutBoundary=up12
      child: RenderFlex#9b350 relayoutBoundary=up13
        child 1: RenderParagraph#2ec5d relayoutBoundary=up14
          text: TextSpan
        child 2: RenderConstrainedBox#cf964 relayoutBoundary=up14
    ...(descendants list truncated after 25 lines)
ΓòÉΓòÉΓòÉΓòÉΓòÉΓòÉΓòÉΓòÉΓòÉΓòÉΓòÉΓòÉΓòÉΓòÉΓòÉΓòÉΓòÉΓòÉΓòÉΓòÉΓòÉΓòÉΓòÉΓòÉΓòÉΓòÉΓòÉΓòÉΓòÉΓòÉΓòÉΓòÉΓòÉΓòÉΓòÉΓòÉΓòÉΓòÉΓòÉΓòÉΓòÉΓòÉΓòÉΓòÉΓòÉΓòÉΓòÉΓòÉΓòÉΓòÉΓòÉΓòÉΓòÉΓòÉΓòÉΓòÉΓòÉΓòÉΓòÉΓòÉΓòÉΓòÉΓòÉΓòÉΓòÉΓòÉΓòÉΓòÉΓòÉΓòÉΓòÉΓòÉΓòÉΓòÉΓòÉΓòÉΓòÉΓòÉΓòÉΓòÉΓòÉΓòÉΓòÉΓòÉΓòÉΓòÉΓòÉΓòÉΓòÉΓòÉΓòÉΓòÉΓòÉΓòÉΓòÉΓòÉΓòÉΓòÉΓòÉΓòÉ
ΓòÉΓòÉΓòí EXCEPTION CAUGHT BY SCHEDULER LIBRARY Γò₧ΓòÉΓòÉΓòÉΓòÉΓòÉΓòÉΓòÉΓòÉΓòÉΓòÉΓòÉΓòÉΓòÉΓòÉΓòÉΓòÉΓòÉΓòÉΓòÉΓòÉΓòÉΓòÉΓòÉΓòÉΓòÉΓòÉΓòÉΓòÉΓòÉΓòÉΓòÉΓòÉΓòÉΓòÉΓòÉΓòÉΓòÉΓòÉΓòÉΓòÉΓòÉΓòÉΓòÉΓòÉΓòÉΓòÉΓòÉΓòÉΓòÉΓòÉΓòÉΓòÉΓòÉΓòÉΓòÉΓòÉΓòÉ
The following assertion was thrown during a scheduler callback:
'package:flutter/src/rendering/object.dart': Failed assertion: line 5466 pos 14:
'!semantics.parentDataDirty': is not true.

When the exception was thrown, this was the stack:
#2      _RenderObjectSemantics.debugCheckForParentData.debugCheckParentDataNotDirty (package:flutter/src/rendering/object.dart:5466:14)
#3      List.forEach (dart:core-patch/growable_array.dart:428:8)
#4      _RenderObjectSemantics.debugCheckForParentData.debugCheckParentDataNotDirty (package:flutter/src/rendering/object.dart:5467:42)
#5      List.forEach (dart:core-patch/growable_array.dart:428:8)
#6      _RenderObjectSemantics.debugCheckForParentData.debugCheckParentDataNotDirty (package:flutter/src/rendering/object.dart:5467:42)
#7      List.forEach (dart:core-patch/growable_array.dart:428:8)
#8      _RenderObjectSemantics.debugCheckForParentData.debugCheckParentDataNotDirty (package:flutter/src/rendering/object.dart:5467:42)
#9      List.forEach (dart:core-patch/growable_array.dart:428:8)
#10     _RenderObjectSemantics.debugCheckForParentData.debugCheckParentDataNotDirty (package:flutter/src/rendering/object.dart:5467:42)
#11     List.forEach (dart:core-patch/growable_array.dart:428:8)
#12     _RenderObjectSemantics.debugCheckForParentData.debugCheckParentDataNotDirty (package:flutter/src/rendering/object.dart:5467:42)
#13     List.forEach (dart:core-patch/growable_array.dart:428:8)
#14     _RenderObjectSemantics.debugCheckForParentData.debugCheckParentDataNotDirty (package:flutter/src/rendering/object.dart:5467:42)
#15     List.forEach (dart:core-patch/growable_array.dart:428:8)
#16     _RenderObjectSemantics.debugCheckForParentData.debugCheckParentDataNotDirty (package:flutter/src/rendering/object.dart:5467:42)
#17     List.forEach (dart:core-patch/growable_array.dart:428:8)
#18     _RenderObjectSemantics.debugCheckForParentData.debugCheckParentDataNotDirty (package:flutter/src/rendering/object.dart:5467:42)
#19     List.forEach (dart:core-patch/growable_array.dart:428:8)
#20     _RenderObjectSemantics.debugCheckForParentData.debugCheckParentDataNotDirty (package:flutter/src/rendering/object.dart:5467:42)
#21     List.forEach (dart:core-patch/growable_array.dart:428:8)
#22     _RenderObjectSemantics.debugCheckForParentData.debugCheckParentDataNotDirty (package:flutter/src/rendering/object.dart:5467:42)
#23     List.forEach (dart:core-patch/growable_array.dart:428:8)
#24     _RenderObjectSemantics.debugCheckForParentData.debugCheckParentDataNotDirty (package:flutter/src/rendering/object.dart:5467:42)
#25     List.forEach (dart:core-patch/growable_array.dart:428:8)
#26     _RenderObjectSemantics.debugCheckForParentData.debugCheckParentDataNotDirty (package:flutter/src/rendering/object.dart:5467:42)
#27     List.forEach (dart:core-patch/growable_array.dart:428:8)
#28     _RenderObjectSemantics.debugCheckForParentData.debugCheckParentDataNotDirty (package:flutter/src/rendering/object.dart:5467:42)
#29     List.forEach (dart:core-patch/growable_array.dart:428:8)
#30     _RenderObjectSemantics.debugCheckForParentData.debugCheckParentDataNotDirty (package:flutter/src/rendering/object.dart:5467:42)
#31     List.forEach (dart:core-patch/growable_array.dart:428:8)
#32     _RenderObjectSemantics.debugCheckForParentData.debugCheckParentDataNotDirty (package:flutter/src/rendering/object.dart:5467:42)
#33     List.forEach (dart:core-patch/growable_array.dart:428:8)
#34     _RenderObjectSemantics.debugCheckForParentData.debugCheckParentDataNotDirty (package:flutter/src/rendering/object.dart:5467:42)
#35     List.forEach (dart:core-patch/growable_array.dart:428:8)
#36     _RenderObjectSemantics.debugCheckForParentData.debugCheckParentDataNotDirty (package:flutter/src/rendering/object.dart:5467:42)
#37     List.forEach (dart:core-patch/growable_array.dart:428:8)
#38     _RenderObjectSemantics.debugCheckForParentData.debugCheckParentDataNotDirty (package:flutter/src/rendering/object.dart:5467:42)
#39     List.forEach (dart:core-patch/growable_array.dart:428:8)
#40     _RenderObjectSemantics.debugCheckForParentData.debugCheckParentDataNotDirty (package:flutter/src/rendering/object.dart:5467:42)
#41     List.forEach (dart:core-patch/growable_array.dart:428:8)
#42     _RenderObjectSemantics.debugCheckForParentData.debugCheckParentDataNotDirty (package:flutter/src/rendering/object.dart:5467:42)
#43     List.forEach (dart:core-patch/growable_array.dart:428:8)
#44     _RenderObjectSemantics.debugCheckForParentData.debugCheckParentDataNotDirty (package:flutter/src/rendering/object.dart:5467:42)
#45     List.forEach (dart:core-patch/growable_array.dart:428:8)
#46     _RenderObjectSemantics.debugCheckForParentData.debugCheckParentDataNotDirty (package:flutter/src/rendering/object.dart:5467:42)
#47     List.forEach (dart:core-patch/growable_array.dart:428:8)
#48     _RenderObjectSemantics.debugCheckForParentData.debugCheckParentDataNotDirty (package:flutter/src/rendering/object.dart:5467:42)
#49     List.forEach (dart:core-patch/growable_array.dart:428:8)
#50     _RenderObjectSemantics.debugCheckForParentData.debugCheckParentDataNotDirty (package:flutter/src/rendering/object.dart:5467:42)
#51     List.forEach (dart:core-patch/growable_array.dart:428:8)
#52     _RenderObjectSemantics.debugCheckForParentData.debugCheckParentDataNotDirty (package:flutter/src/rendering/object.dart:5467:42)
#53     List.forEach (dart:core-patch/growable_array.dart:428:8)
#54     _RenderObjectSemantics.debugCheckForParentData.debugCheckParentDataNotDirty (package:flutter/src/rendering/object.dart:5467:42)
#55     List.forEach (dart:core-patch/growable_array.dart:428:8)
#56     _RenderObjectSemantics.debugCheckForParentData.debugCheckParentDataNotDirty (package:flutter/src/rendering/object.dart:5467:42)
#57     List.forEach (dart:core-patch/growable_array.dart:428:8)
#58     _RenderObjectSemantics.debugCheckForParentData.debugCheckParentDataNotDirty (package:flutter/src/rendering/object.dart:5467:42)
#59     List.forEach (dart:core-patch/growable_array.dart:428:8)
#60     _RenderObjectSemantics.debugCheckForParentData.debugCheckParentDataNotDirty (package:flutter/src/rendering/object.dart:5467:42)
#61     List.forEach (dart:core-patch/growable_array.dart:428:8)
#62     _RenderObjectSemantics.debugCheckForParentData.debugCheckParentDataNotDirty (package:flutter/src/rendering/object.dart:5467:42)
#63     List.forEach (dart:core-patch/growable_array.dart:428:8)
#64     _RenderObjectSemantics.debugCheckForParentData.debugCheckParentDataNotDirty (package:flutter/src/rendering/object.dart:5467:42)
#65     List.forEach (dart:core-patch/growable_array.dart:428:8)
#66     _RenderObjectSemantics.debugCheckForParentData.debugCheckParentDataNotDirty (package:flutter/src/rendering/object.dart:5467:42)
#67     List.forEach (dart:core-patch/growable_array.dart:428:8)
#68     _RenderObjectSemantics.debugCheckForParentData.debugCheckParentDataNotDirty (package:flutter/src/rendering/object.dart:5467:42)
#69     List.forEach (dart:core-patch/growable_array.dart:428:8)
#70     _RenderObjectSemantics.debugCheckForParentData.debugCheckParentDataNotDirty (package:flutter/src/rendering/object.dart:5467:42)
#71     List.forEach (dart:core-patch/growable_array.dart:428:8)
#72     _RenderObjectSemantics.debugCheckForParentData.debugCheckParentDataNotDirty (package:flutter/src/rendering/object.dart:5467:42)
#73     List.forEach (dart:core-patch/growable_array.dart:428:8)
#74     _RenderObjectSemantics.debugCheckForParentData.debugCheckParentDataNotDirty (package:flutter/src/rendering/object.dart:5467:42)
#75     List.forEach (dart:core-patch/growable_array.dart:428:8)
#76     _RenderObjectSemantics.debugCheckForParentData.debugCheckParentDataNotDirty (package:flutter/src/rendering/object.dart:5467:42)
#77     List.forEach (dart:core-patch/growable_array.dart:428:8)
#78     _RenderObjectSemantics.debugCheckForParentData.debugCheckParentDataNotDirty (package:flutter/src/rendering/object.dart:5467:42)
#79     List.forEach (dart:core-patch/growable_array.dart:428:8)
#80     _RenderObjectSemantics.debugCheckForParentData.debugCheckParentDataNotDirty (package:flutter/src/rendering/object.dart:5467:42)
#81     List.forEach (dart:core-patch/growable_array.dart:428:8)
#82     _RenderObjectSemantics.debugCheckForParentData.debugCheckParentDataNotDirty (package:flutter/src/rendering/object.dart:5467:42)
#83     List.forEach (dart:core-patch/growable_array.dart:428:8)
#84     _RenderObjectSemantics.debugCheckForParentData.debugCheckParentDataNotDirty (package:flutter/src/rendering/object.dart:5467:42)
#85     List.forEach (dart:core-patch/growable_array.dart:428:8)
#86     _RenderObjectSemantics.debugCheckForParentData.debugCheckParentDataNotDirty (package:flutter/src/rendering/object.dart:5467:42)
#87     List.forEach (dart:core-patch/growable_array.dart:428:8)
#88     _RenderObjectSemantics.debugCheckForParentData.debugCheckParentDataNotDirty (package:flutter/src/rendering/object.dart:5467:42)
#89     List.forEach (dart:core-patch/growable_array.dart:428:8)
#90     _RenderObjectSemantics.debugCheckForParentData.debugCheckParentDataNotDirty (package:flutter/src/rendering/object.dart:5467:42)
#91     List.forEach (dart:core-patch/growable_array.dart:428:8)
#92     _RenderObjectSemantics.debugCheckForParentData.debugCheckParentDataNotDirty (package:flutter/src/rendering/object.dart:5467:42)
#93     List.forEach (dart:core-patch/growable_array.dart:428:8)
#94     _RenderObjectSemantics.debugCheckForParentData.debugCheckParentDataNotDirty (package:flutter/src/rendering/object.dart:5467:42)
#95     List.forEach (dart:core-patch/growable_array.dart:428:8)
#96     _RenderObjectSemantics.debugCheckForParentData.debugCheckParentDataNotDirty (package:flutter/src/rendering/object.dart:5467:42)
#97     List.forEach (dart:core-patch/growable_array.dart:428:8)
#98     _RenderObjectSemantics.debugCheckForParentData.debugCheckParentDataNotDirty (package:flutter/src/rendering/object.dart:5467:42)
#99     _RenderObjectSemantics.debugCheckForParentData (package:flutter/src/rendering/object.dart:5470:5)
#100    PipelineOwner.flushSemantics.<anonymous closure> (package:flutter/src/rendering/object.dart:1479:34)
#101    PipelineOwner.flushSemantics (package:flutter/src/rendering/object.dart:1482:8)
#102    PipelineOwner.flushSemantics (package:flutter/src/rendering/object.dart:1514:15)
#103    AutomatedTestWidgetsFlutterBinding.drawFrame (package:flutter_test/src/binding.dart:1519:35)
#104    RendererBinding._handlePersistentFrameCallback (package:flutter/src/rendering/binding.dart:495:5)
#105    SchedulerBinding._invokeFrameCallback (package:flutter/src/scheduler/binding.dart:1434:15)
#106    SchedulerBinding.handleDrawFrame (package:flutter/src/scheduler/binding.dart:1347:9)
#107    AutomatedTestWidgetsFlutterBinding.pump.<anonymous closure> (package:flutter_test/src/binding.dart:1335:9)
#110    TestAsyncUtils.guard (package:flutter_test/src/test_async_utils.dart:74:41)
#111    AutomatedTestWidgetsFlutterBinding.pump (package:flutter_test/src/binding.dart:1324:27)
#112    WidgetTester.pump.<anonymous closure> (package:flutter_test/src/widget_tester.dart:652:53)
#115    TestAsyncUtils.guard (package:flutter_test/src/test_async_utils.dart:74:41)
#116    WidgetTester.pump (package:flutter_test/src/widget_tester.dart:652:27)
#117    main.<anonymous closure> (file:///C:/swe_flutter/test/marketing_home_page_test.dart:14:18)
<asynchronous suspension>
#118    testWidgets.<anonymous closure>.<anonymous closure> (package:flutter_test/src/widget_tester.dart:192:15)
<asynchronous suspension>
#119    TestWidgetsFlutterBinding._runTestBody (package:flutter_test/src/binding.dart:1059:5)
<asynchronous suspension>
<asynchronous suspension>
(elided 7 frames from class _AssertionError, dart:async, and package:stack_trace)
ΓòÉΓòÉΓòÉΓòÉΓòÉΓòÉΓòÉΓòÉΓòÉΓòÉΓòÉΓòÉΓòÉΓòÉΓòÉΓòÉΓòÉΓòÉΓòÉΓòÉΓòÉΓòÉΓòÉΓòÉΓòÉΓòÉΓòÉΓòÉΓòÉΓòÉΓòÉΓòÉΓòÉΓòÉΓòÉΓòÉΓòÉΓòÉΓòÉΓòÉΓòÉΓòÉΓòÉΓòÉΓòÉΓòÉΓòÉΓòÉΓòÉΓòÉΓòÉΓòÉΓòÉΓòÉΓòÉΓòÉΓòÉΓòÉΓòÉΓòÉΓòÉΓòÉΓòÉΓòÉΓòÉΓòÉΓòÉΓòÉΓòÉΓòÉΓòÉΓòÉΓòÉΓòÉΓòÉΓòÉΓòÉΓòÉΓòÉΓòÉΓòÉΓòÉΓòÉΓòÉΓòÉΓòÉΓòÉΓòÉΓòÉΓòÉΓòÉΓòÉΓòÉΓòÉΓòÉΓòÉΓòÉΓòÉΓòÉΓòÉ
ΓòÉΓòÉΓòí EXCEPTION CAUGHT BY FLUTTER TEST FRAMEWORK Γò₧ΓòÉΓòÉΓòÉΓòÉΓòÉΓòÉΓòÉΓòÉΓòÉΓòÉΓòÉΓòÉΓòÉΓòÉΓòÉΓòÉΓòÉΓòÉΓòÉΓòÉΓòÉΓòÉΓòÉΓòÉΓòÉΓòÉΓòÉΓòÉΓòÉΓòÉΓòÉΓòÉΓòÉΓòÉΓòÉΓòÉΓòÉΓòÉΓòÉΓòÉΓòÉΓòÉΓòÉΓòÉΓòÉΓòÉΓòÉΓòÉΓòÉΓòÉΓòÉΓòÉ
The following TestFailure was thrown running a test:
Expected: exactly one matching candidate
  Actual: _TextWidgetFinder:<Found 2 widgets with text "CropAId": [
            Text("CropAId", inherit: true, color: Color(alpha: 0.0000, red: 0.0000, green: 0.0000,
blue: 0.0000, colorSpace: ColorSpace.sRGB), size: 48.0, weight: 800, height: 1.1x, decoration:
TextDecoration.none, dependencies: [DefaultSelectionStyle, DefaultTextStyle, MediaQuery]),
            Text("CropAId", inherit: true, color: Color(alpha: 1.0000, red: 1.0000, green: 1.0000,
blue: 1.0000, colorSpace: ColorSpace.sRGB), size: 20.0, weight: 700, dependencies:
[DefaultSelectionStyle, DefaultTextStyle, MediaQuery]),
          ]>
   Which: is too many

When the exception was thrown, this was the stack:
#4      main.<anonymous closure> (file:///C:/swe_flutter/test/marketing_home_page_test.dart:17:5)
<asynchronous suspension>
#5      testWidgets.<anonymous closure>.<anonymous closure> (package:flutter_test/src/widget_tester.dart:192:15)
<asynchronous suspension>
#6      TestWidgetsFlutterBinding._runTestBody (package:flutter_test/src/binding.dart:1059:5)
<asynchronous suspension>
<asynchronous suspension>
(elided one frame from package:stack_trace)

This was caught by the test expectation on the following line:
  file:///C:/swe_flutter/test/marketing_home_page_test.dart line 17
The test description was:
  MarketingHomePage renders correctly
ΓòÉΓòÉΓòÉΓòÉΓòÉΓòÉΓòÉΓòÉΓòÉΓòÉΓòÉΓòÉΓòÉΓòÉΓòÉΓòÉΓòÉΓòÉΓòÉΓòÉΓòÉΓòÉΓòÉΓòÉΓòÉΓòÉΓòÉΓòÉΓòÉΓòÉΓòÉΓòÉΓòÉΓòÉΓòÉΓòÉΓòÉΓòÉΓòÉΓòÉΓòÉΓòÉΓòÉΓòÉΓòÉΓòÉΓòÉΓòÉΓòÉΓòÉΓòÉΓòÉΓòÉΓòÉΓòÉΓòÉΓòÉΓòÉΓòÉΓòÉΓòÉΓòÉΓòÉΓòÉΓòÉΓòÉΓòÉΓòÉΓòÉΓòÉΓòÉΓòÉΓòÉΓòÉΓòÉΓòÉΓòÉΓòÉΓòÉΓòÉΓòÉΓòÉΓòÉΓòÉΓòÉΓòÉΓòÉΓòÉΓòÉΓòÉΓòÉΓòÉΓòÉΓòÉΓòÉΓòÉΓòÉΓòÉΓòÉΓòÉ
ΓòÉΓòÉΓòí EXCEPTION CAUGHT BY FLUTTER TEST FRAMEWORK Γò₧ΓòÉΓòÉΓòÉΓòÉΓòÉΓòÉΓòÉΓòÉΓòÉΓòÉΓòÉΓòÉΓòÉΓòÉΓòÉΓòÉΓòÉΓòÉΓòÉΓòÉΓòÉΓòÉΓòÉΓòÉΓòÉΓòÉΓòÉΓòÉΓòÉΓòÉΓòÉΓòÉΓòÉΓòÉΓòÉΓòÉΓòÉΓòÉΓòÉΓòÉΓòÉΓòÉΓòÉΓòÉΓòÉΓòÉΓòÉΓòÉΓòÉΓòÉΓòÉΓòÉ
The following message was thrown:
Multiple exceptions (13) were detected during the running of the current test, and at least one was
unexpected.
ΓòÉΓòÉΓòÉΓòÉΓòÉΓòÉΓòÉΓòÉΓòÉΓòÉΓòÉΓòÉΓòÉΓòÉΓòÉΓòÉΓòÉΓòÉΓòÉΓòÉΓòÉΓòÉΓòÉΓòÉΓòÉΓòÉΓòÉΓòÉΓòÉΓòÉΓòÉΓòÉΓòÉΓòÉΓòÉΓòÉΓòÉΓòÉΓòÉΓòÉΓòÉΓòÉΓòÉΓòÉΓòÉΓòÉΓòÉΓòÉΓòÉΓòÉΓòÉΓòÉΓòÉΓòÉΓòÉΓòÉΓòÉΓòÉΓòÉΓòÉΓòÉΓòÉΓòÉΓòÉΓòÉΓòÉΓòÉΓòÉΓòÉΓòÉΓòÉΓòÉΓòÉΓòÉΓòÉΓòÉΓòÉΓòÉΓòÉΓòÉΓòÉΓòÉΓòÉΓòÉΓòÉΓòÉΓòÉΓòÉΓòÉΓòÉΓòÉΓòÉΓòÉΓòÉΓòÉΓòÉΓòÉΓòÉΓòÉΓòÉ
00:01 +0 -1: MarketingHomePage renders correctly [E]
  Test failed. See exception logs above.
  The test description was: MarketingHomePage renders correctly
  
00:01 +0 -1: Some tests failed.
